Archive member included to satisfy reference by file (symbol)

Core/src/startup_stm32g431kbtx.o
                              (--whole-archive)
Core/src/stm32g4xx_hal_msp.o  (--whole-archive)
Core/src/stm32g4xx_hal_timebase_tim.o
                              (--whole-archive)
Core/src/stm32g4xx_it.o       (--whole-archive)
Core/src/syscalls.o           (--whole-archive)
Core/src/sysmem.o             (--whole-archive)
Core/src/system_stm32g4xx.o   (--whole-archive)
lib/STM32G4xx_HAL_Driver/src/stm32g4xx_hal.o
                              Core/src/stm32g4xx_hal_timebase_tim.o (uwTickPrio)
lib/STM32G4xx_HAL_Driver/src/stm32g4xx_hal_cortex.o
                              lib/STM32G4xx_HAL_Driver/src/stm32g4xx_hal.o (HAL_NVIC_SetPriorityGrouping)
lib/STM32G4xx_HAL_Driver/src/stm32g4xx_hal_gpio.o
                              Core/src/stm32g4xx_hal_msp.o (HAL_GPIO_Init)
lib/STM32G4xx_HAL_Driver/src/stm32g4xx_hal_pwr_ex.o
                              Core/src/stm32g4xx_hal_msp.o (HAL_PWREx_DisableUCPDDeadBattery)
lib/STM32G4xx_HAL_Driver/src/stm32g4xx_hal_rcc.o
                              Core/src/stm32g4xx_hal_timebase_tim.o (HAL_RCC_GetPCLK2Freq)
lib/STM32G4xx_HAL_Driver/src/stm32g4xx_hal_rcc_ex.o
                              Core/src/stm32g4xx_hal_msp.o (HAL_RCCEx_PeriphCLKConfig)
lib/STM32G4xx_HAL_Driver/src/stm32g4xx_hal_tim.o
                              Core/src/stm32g4xx_hal_timebase_tim.o (HAL_TIM_Base_Start_IT)
lib/STM32G4xx_HAL_Driver/src/stm32g4xx_hal_tim_ex.o
                              lib/STM32G4xx_HAL_Driver/src/stm32g4xx_hal_tim.o (TIMEx_DMACommutationCplt)
lib/STM32G4xx_HAL_Driver/src/stm32g4xx_hal_pwr.o
                              lib/STM32G4xx_HAL_Driver/src/stm32g4xx_hal_rcc_ex.o (HAL_PWR_EnableBkUpAccess)
application/src/main.o        Core/src/stm32g4xx_hal_msp.o (Error_Handler)
application/src/scheduler.o   application/src/main.o (Scheduler::Scheduler())
application/src/motor.o       application/src/main.o (Motor_task())
application/src/dictionary.o  application/src/main.o (dictionary[abi:cxx11])
application/driver_model/src/clock.o
                              application/src/main.o (vtable for HSI_Clock)
application/driver_model/src/mcu.o
                              application/src/main.o (MCU::get_mcu_instance())
lib/STM32G4xx_HAL_Driver/src/stm32g4xx_hal_fdcan.o
                              application/src/main.o (HAL_FDCAN_Init)
lib/STM32G4xx_HAL_Driver/src/stm32g4xx_hal_spi.o
                              application/src/main.o (HAL_SPI_Init)
/usr/lib/gcc/arm-none-eabi/13.2.1/../../../arm-none-eabi/lib/libstdc++.a(atexit_arm.o)
                              application/src/dictionary.o (__aeabi_atexit)
/usr/lib/gcc/arm-none-eabi/13.2.1/../../../arm-none-eabi/lib/libstdc++.a(del_ops.o)
                              application/src/main.o (operator delete(void*, unsigned int))
/usr/lib/gcc/arm-none-eabi/13.2.1/../../../arm-none-eabi/lib/libstdc++.a(guard.o)
                              application/src/main.o (__cxa_guard_acquire)
/usr/lib/gcc/arm-none-eabi/13.2.1/../../../arm-none-eabi/lib/libstdc++.a(guard_error.o)
                              /usr/lib/gcc/arm-none-eabi/13.2.1/../../../arm-none-eabi/lib/libstdc++.a(guard.o) (__gnu_cxx::recursive_init_error::~recursive_init_error())
/usr/lib/gcc/arm-none-eabi/13.2.1/../../../arm-none-eabi/lib/libstdc++.a(new_op.o)
                              application/src/main.o (operator new(unsigned int))
/usr/lib/gcc/arm-none-eabi/13.2.1/../../../arm-none-eabi/lib/libstdc++.a(si_class_type_info.o)
                              /usr/lib/gcc/arm-none-eabi/13.2.1/../../../arm-none-eabi/lib/libstdc++.a(guard_error.o) (vtable for __cxxabiv1::__si_class_type_info)
/usr/lib/gcc/arm-none-eabi/13.2.1/../../../arm-none-eabi/lib/libstdc++.a(tinfo.o)
                              /usr/lib/gcc/arm-none-eabi/13.2.1/../../../arm-none-eabi/lib/libstdc++.a(si_class_type_info.o) (std::type_info::__is_pointer_p() const)
/usr/lib/gcc/arm-none-eabi/13.2.1/../../../arm-none-eabi/lib/libstdc++.a(list.o)
                              application/src/main.o (std::__detail::_List_node_base::_M_hook(std::__detail::_List_node_base*))
/usr/lib/gcc/arm-none-eabi/13.2.1/../../../arm-none-eabi/lib/libstdc++.a(bad_alloc.o)
                              /usr/lib/gcc/arm-none-eabi/13.2.1/../../../arm-none-eabi/lib/libstdc++.a(new_op.o) (vtable for std::bad_alloc)
/usr/lib/gcc/arm-none-eabi/13.2.1/../../../arm-none-eabi/lib/libstdc++.a(class_type_info.o)
                              /usr/lib/gcc/arm-none-eabi/13.2.1/../../../arm-none-eabi/lib/libstdc++.a(si_class_type_info.o) (__cxxabiv1::__class_type_info::__do_upcast(__cxxabiv1::__class_type_info const*, void**) const)
/usr/lib/gcc/arm-none-eabi/13.2.1/../../../arm-none-eabi/lib/libstdc++.a(del_op.o)
                              /usr/lib/gcc/arm-none-eabi/13.2.1/../../../arm-none-eabi/lib/libstdc++.a(del_ops.o) (operator delete(void*))
[...]
Memory Configuration

Name             Origin             Length             Attributes
RAM              0x20000000         0x00008000         xrw
FLASH            0x08000000         0x00020000         xr
*default*        0x00000000         0xffffffff

Linker script and memory map

LOAD /usr/lib/gcc/arm-none-eabi/13.2.1/crti.o
LOAD /usr/lib/gcc/arm-none-eabi/13.2.1/crtbegin.o
LOAD /usr/lib/gcc/arm-none-eabi/13.2.1/../../../arm-none-eabi/lib/crt0.o
START GROUP
LOAD Core/built-in.a
LOAD lib/STM32G4xx_HAL_Driver/built-in.a
LOAD application/built-in.a
END GROUP
LOAD /usr/lib/gcc/arm-none-eabi/13.2.1/../../../arm-none-eabi/lib/libstdc++.a
LOAD /usr/lib/gcc/arm-none-eabi/13.2.1/../../../arm-none-eabi/lib/libm.a
START GROUP
LOAD /usr/lib/gcc/arm-none-eabi/13.2.1/libgcc.a
LOAD /usr/lib/gcc/arm-none-eabi/13.2.1/../../../arm-none-eabi/lib/libc.a
END GROUP
LOAD /usr/lib/gcc/arm-none-eabi/13.2.1/crtend.o
LOAD /usr/lib/gcc/arm-none-eabi/13.2.1/crtn.o
                0x20008000                        _estack = (ORIGIN (RAM) + LENGTH (RAM))
                0x00000200                        _Min_Heap_Size = 0x200
                0x00000400                        _Min_Stack_Size = 0x400

.isr_vector     0x08000000      0x1d8
                0x08000000                        . = ALIGN (0x4)
 *(.isr_vector)
 .isr_vector    0x08000000      0x1d8 Core/src/startup_stm32g431kbtx.o
                0x08000000                g_pfnVectors
                0x080001d8                        . = ALIGN (0x4)

.text           0x080001d8     0x8590
                0x080001d8                        . = ALIGN (0x4)
 *(.text)
 .text          0x080001d8       0xdc /usr/lib/gcc/arm-none-eabi/13.2.1/crtbegin.o
 .text          0x080002b4     0x1064 /usr/lib/gcc/arm-none-eabi/13.2.1/libgcc.a(unwind-arm.o)
                0x08000728                _Unwind_GetCFA
                0x08000730                __gnu_Unwind_RaiseException
                0x080007dc                __gnu_Unwind_ForcedUnwind
                0x08000804                __gnu_Unwind_Resume
                0x0800087c                __gnu_Unwind_Resume_or_Rethrow
                0x08000898                _Unwind_Complete
                0x0800089c                _Unwind_DeleteException
                0x080008b4                _Unwind_VRS_Get
                0x08000950                _Unwind_VRS_Set
                0x080009ec                __gnu_Unwind_Backtrace
                0x08000ed4                __aeabi_unwind_cpp_pr0
                0x08000edc                __aeabi_unwind_cpp_pr1
                0x08000ee4                __aeabi_unwind_cpp_pr2
                0x08000eec                _Unwind_VRS_Pop
 .text          0x08001318      0x1b0 /usr/lib/gcc/arm-none-eabi/13.2.1/libgcc.a(libunwind.o)
                0x08001318                __restore_core_regs
                0x08001318                restore_core_regs
                0x08001334                __gnu_Unwind_Restore_VFP
                0x0800133c                __gnu_Unwind_Save_VFP
                0x08001344                __gnu_Unwind_Restore_VFP_D
                0x0800134c                __gnu_Unwind_Save_VFP_D
                0x08001354                __gnu_Unwind_Restore_VFP_D_16_to_31
                0x0800135c                __gnu_Unwind_Save_VFP_D_16_to_31
                0x08001364                __gnu_Unwind_Restore_WMMXD
                0x080013a8                __gnu_Unwind_Save_WMMXD
                0x080013ec                __gnu_Unwind_Restore_WMMXC
                0x08001400                __gnu_Unwind_Save_WMMXC
                0x08001414                ___Unwind_RaiseException
                0x08001414                _Unwind_RaiseException
                0x08001438                ___Unwind_Resume
                0x08001438                _Unwind_Resume
                0x0800145c                _Unwind_Resume_or_Rethrow
                0x0800145c                ___Unwind_Resume_or_Rethrow
                0x08001480                ___Unwind_ForcedUnwind
                0x08001480                _Unwind_ForcedUnwind
                0x080014a4                _Unwind_Backtrace
                0x080014a4                ___Unwind_Backtrace
 .text          0x080014c8      0x584 /usr/lib/gcc/arm-none-eabi/13.2.1/libgcc.a(pr-support.o)
                0x0800155c                __gnu_unwind_execute
                0x080019cc                __gnu_unwind_frame
                0x08001a18                _Unwind_GetRegionStart
                0x08001a2c                _Unwind_GetLanguageSpecificData
 .text          0x08001a4c       0x54 /usr/lib/gcc/arm-none-eabi/13.2.1/../../../arm-none-eabi/lib/libc.a(libc_a-getenv.o)
                0x08001a4c                _findenv
                0x08001a74                getenv
 .text          0x08001aa0       0xfc /usr/lib/gcc/arm-none-eabi/13.2.1/../../../arm-none-eabi/lib/libc.a(libc_a-memset.o)
                0x08001aa0                memset
 .text          0x08001b9c      0x13c /usr/lib/gcc/arm-none-eabi/13.2.1/../../../arm-none-eabi/lib/libc.a(libc_a-strchr.o)
                0x08001b9c                strchr
 .text          0x08001cd8      0x224 /usr/lib/gcc/arm-none-eabi/13.2.1/../../../arm-none-eabi/lib/libc.a(libc_a-strcmp.o)
                0x08001cd8                strcmp
 .text          0x08001efc      0x238 /usr/lib/gcc/arm-none-eabi/13.2.1/../../../arm-none-eabi/lib/libc.a(libc_a-strtoul.o)
                0x080020d8                _strtoul_r
                0x080020dc                strtoul_l
                0x08002108                strtoul
 .text          0x08002134       0x10 /usr/lib/gcc/arm-none-eabi/13.2.1/../../../arm-none-eabi/lib/libc.a(libc_a-errno.o)
                0x08002134                __errno
 .text          0x08002144       0x14 /usr/lib/gcc/arm-none-eabi/13.2.1/../../../arm-none-eabi/lib/libc.a(libc_a-abort.o)
                0x08002144                abort
 .text          0x08002158      0x114 /usr/lib/gcc/arm-none-eabi/13.2.1/../../../arm-none-eabi/lib/libc.a(libc_a-memcpy-stub.o)
                0x08002158                memcpy
 .text          0x0800226c       0x28 /usr/lib/gcc/arm-none-eabi/13.2.1/../../../arm-none-eabi/lib/libc.a(libc_a-cxa_atexit.o)
                0x0800226c                __cxa_atexit
 .text          0x08002294       0xe0 /usr/lib/gcc/arm-none-eabi/13.2.1/../../../arm-none-eabi/lib/libc.a(libc_a-memcmp.o)
                0x08002294                memcmp
 .text          0x08002374       0x40 /usr/lib/gcc/arm-none-eabi/13.2.1/../../../arm-none-eabi/lib/libc.a(libc_a-malloc.o)
                0x08002374                malloc
                0x08002394                free
 .text          0x080023b4       0x90 /usr/lib/gcc/arm-none-eabi/13.2.1/../../../arm-none-eabi/lib/libc.a(libc_a-init.o)
                0x080023b4                __libc_init_array
 .text          0x08002444       0x8c /usr/lib/gcc/arm-none-eabi/13.2.1/../../../arm-none-eabi/lib/libc.a(libc_a-__atexit.o)
                0x08002444                __register_exitproc
 .text          0x080024d0       0xec /usr/lib/gcc/arm-none-eabi/13.2.1/../../../arm-none-eabi/lib/libc.a(libc_a-getenv_r.o)
                0x080024d0                _findenv_r
                0x080025a0                _getenv_r
 .text          0x080025bc       0x20 /usr/lib/gcc/arm-none-eabi/13.2.1/../../../arm-none-eabi/lib/libc.a(libc_a-atexit.o)
                0x080025bc                atexit
 .text          0x080025dc      0x450 /usr/lib/gcc/arm-none-eabi/13.2.1/../../../arm-none-eabi/lib/libc.a(libc_a-signal.o)
                0x080025dc                _init_signal_r
                0x08002630                _signal_r
                0x080026b4                _raise_r
                0x08002748                __sigtramp_r
                0x080027fc                raise
                0x08002894                signal
                0x08002918                _init_signal
                0x08002978                __sigtramp
 .text          0x08002a2c       0x44 /usr/lib/gcc/arm-none-eabi/13.2.1/../../../arm-none-eabi/lib/libc.a(libc_a-fini.o)
                0x08002a2c                __libc_fini_array
 .text          0x08002a70        0x8 /usr/lib/gcc/arm-none-eabi/13.2.1/../../../arm-none-eabi/lib/libc.a(libc_a-envlock.o)
                0x08002a70                __env_lock
                0x08002a74                __env_unlock
 .text          0x08002a78       0x50 /usr/lib/gcc/arm-none-eabi/13.2.1/../../../arm-none-eabi/lib/libc.a(libc_a-signalr.o)
                0x08002a78                _kill_r
                0x08002ab8                _getpid_r
 .text          0x08002ac8       0xec /usr/lib/gcc/arm-none-eabi/13.2.1/../../../arm-none-eabi/lib/libc.a(libc_a-strncmp.o)
                0x08002ac8                strncmp
 .text          0x08002bb4      0x784 /usr/lib/gcc/arm-none-eabi/13.2.1/../../../arm-none-eabi/lib/libc.a(libc_a-mallocr.o)
                0x08002bb4                _malloc_r
 .text          0x08003338      0x3fc /usr/lib/gcc/arm-none-eabi/13.2.1/../../../arm-none-eabi/lib/libc.a(libc_a-freer.o)
                0x08003338                _malloc_trim_r
                0x0800344c                _free_r
 .text          0x08003734       0x30 /usr/lib/gcc/arm-none-eabi/13.2.1/../../../arm-none-eabi/lib/libc.a(libc_a-sysconf.o)
                0x08003734                sysconf
 .text          0x08003764        0x8 /usr/lib/gcc/arm-none-eabi/13.2.1/../../../arm-none-eabi/lib/libc.a(libc_a-mlock.o)
                0x08003764                __malloc_lock
                0x08003768                __malloc_unlock
 .text          0x0800376c       0x44 /usr/lib/gcc/arm-none-eabi/13.2.1/../../../arm-none-eabi/lib/libc.a(libc_a-sbrkr.o)
                0x0800376c                _sbrk_r
 .text          0x080037b0      0x114 /usr/lib/gcc/arm-none-eabi/13.2.1/libgcc.a(_udivsi3.o)
                0x080037b0                __udivsi3
                0x080037b0                __aeabi_uidiv
                0x080038a4                __aeabi_uidivmod
 .text          0x080038c4        0x4 /usr/lib/gcc/arm-none-eabi/13.2.1/libgcc.a(_dvmd_tls.o)
                0x080038c4                __aeabi_ldiv0
                0x080038c4                __aeabi_idiv0
 *(.text*)
 .text.Reset_Handler
                0x080038c8       0x50 Core/src/startup_stm32g431kbtx.o
                0x080038c8                Reset_Handler
 .text.Default_Handler
                0x08003918        0x2 Core/src/startup_stm32g431kbtx.o
                0x08003918                RTC_Alarm_IRQHandler
                0x08003918                EXTI2_IRQHandler
                0x08003918                TIM8_TRG_COM_IRQHandler
                0x08003918                TIM8_CC_IRQHandler
                0x08003918                TIM1_CC_IRQHandler
                0x08003918                USB_HP_IRQHandler
                0x08003918                CORDIC_IRQHandler
                0x08003918                EXTI3_IRQHandler
                0x08003918                I2C3_ER_IRQHandler
                0x08003918                EXTI0_IRQHandler
                0x08003918                I2C2_EV_IRQHandler
                0x08003918                FPU_IRQHandler
                0x08003918                FDCAN1_IT1_IRQHandler
                0x08003918                ADC1_2_IRQHandler
                0x08003918                SPI1_IRQHandler
                0x08003918                TIM6_DAC_IRQHandler
                0x08003918                TIM8_UP_IRQHandler
                0x08003918                DMA2_Channel2_IRQHandler
                0x08003918                DMA1_Channel4_IRQHandler
                0x08003918                USART3_IRQHandler
                0x08003918                TIM4_IRQHandler
                0x08003918                DMA2_Channel1_IRQHandler
                0x08003918                I2C1_EV_IRQHandler
                0x08003918                DMA1_Channel6_IRQHandler
                0x08003918                UART4_IRQHandler
                0x08003918                DMA2_Channel4_IRQHandler
                0x08003918                TIM3_IRQHandler
                0x08003918                RCC_IRQHandler
                0x08003918                DMA1_Channel1_IRQHandler
                0x08003918                Default_Handler
                0x08003918                RTC_TAMP_LSECSS_IRQHandler
                0x08003918                FMAC_IRQHandler
                0x08003918                EXTI15_10_IRQHandler
                0x08003918                TIM7_IRQHandler
                0x08003918                UCPD1_IRQHandler
                0x08003918                I2C3_EV_IRQHandler
                0x08003918                EXTI9_5_IRQHandler
                0x08003918                RTC_WKUP_IRQHandler
                0x08003918                PVD_PVM_IRQHandler
                0x08003918                SPI2_IRQHandler
                0x08003918                DMA2_Channel5_IRQHandler
                0x08003918                CRS_IRQHandler
                0x08003918                DMA1_Channel5_IRQHandler
                0x08003918                USB_LP_IRQHandler
                0x08003918                EXTI4_IRQHandler
                0x08003918                RNG_IRQHandler
                0x08003918                TIM1_TRG_COM_TIM17_IRQHandler
                0x08003918                DMA1_Channel3_IRQHandler
                0x08003918                WWDG_IRQHandler
                0x08003918                LPUART1_IRQHandler
                0x08003918                DMA2_Channel6_IRQHandler
                0x08003918                FDCAN1_IT0_IRQHandler
                0x08003918                TIM2_IRQHandler
                0x08003918                COMP1_2_3_IRQHandler
                0x08003918                EXTI1_IRQHandler
                0x08003918                USART2_IRQHandler
                0x08003918                I2C2_ER_IRQHandler
                0x08003918                DMA1_Channel2_IRQHandler
                0x08003918                TIM8_BRK_IRQHandler
                0x08003918                FLASH_IRQHandler
                0x08003918                USART1_IRQHandler
                0x08003918                SPI3_IRQHandler
                0x08003918                I2C1_ER_IRQHandler
                0x08003918                LPTIM1_IRQHandler
                0x08003918                DMAMUX_OVR_IRQHandler
                0x08003918                USBWakeUp_IRQHandler
                0x08003918                SAI1_IRQHandler
                0x08003918                DMA2_Channel3_IRQHandler
                0x08003918                COMP4_IRQHandler
                0x08003918                TIM1_BRK_TIM15_IRQHandler
 *fill*         0x0800391a        0x2 
 .text.HAL_MspInit
                0x0800391c       0x34 Core/src/stm32g4xx_hal_msp.o
                0x0800391c                HAL_MspInit
 .text.HAL_FDCAN_MspInit
                0x08003950       0xac Core/src/stm32g4xx_hal_msp.o
                0x08003950                HAL_FDCAN_MspInit
 .text.HAL_SPI_MspInit
                0x080039fc       0x60 Core/src/stm32g4xx_hal_msp.o
                0x080039fc                HAL_SPI_MspInit
 .text.HAL_TIM_Base_MspInit
                0x08003a5c       0x28 Core/src/stm32g4xx_hal_msp.o
                0x08003a5c                HAL_TIM_Base_MspInit
 .text.HAL_TIM_MspPostInit
                0x08003a84       0x4c Core/src/stm32g4xx_hal_msp.o
                0x08003a84                HAL_TIM_MspPostInit
 .text.HAL_InitTick
                0x08003ad0       0x8c Core/src/stm32g4xx_hal_timebase_tim.o
                0x08003ad0                HAL_InitTick
 .text.NMI_Handler
                0x08003b5c        0x2 Core/src/stm32g4xx_it.o
                0x08003b5c                NMI_Handler
 .text.HardFault_Handler
                0x08003b5e        0x2 Core/src/stm32g4xx_it.o
                0x08003b5e                HardFault_Handler
 .text.MemManage_Handler
                0x08003b60        0x2 Core/src/stm32g4xx_it.o
                0x08003b60                MemManage_Handler
 .text.BusFault_Handler
                0x08003b62        0x2 Core/src/stm32g4xx_it.o
                0x08003b62                BusFault_Handler
 .text.UsageFault_Handler
                0x08003b64        0x2 Core/src/stm32g4xx_it.o
                0x08003b64                UsageFault_Handler
 .text.SVC_Handler
                0x08003b66        0x2 Core/src/stm32g4xx_it.o
                0x08003b66                SVC_Handler
 .text.DebugMon_Handler
                0x08003b68        0x2 Core/src/stm32g4xx_it.o
                0x08003b68                DebugMon_Handler
 .text.PendSV_Handler
                0x08003b6a        0x2 Core/src/stm32g4xx_it.o
                0x08003b6a                PendSV_Handler
 .text.SysTick_Handler
                0x08003b6c        0x2 Core/src/stm32g4xx_it.o
                0x08003b6c                SysTick_Handler
 *fill*         0x08003b6e        0x2 
 .text.TIM1_UP_TIM16_IRQHandler
                0x08003b70        0xc Core/src/stm32g4xx_it.o
                0x08003b70                TIM1_UP_TIM16_IRQHandler
 .text._getpid  0x08003b7c        0x4 Core/src/syscalls.o
                0x08003b7c                _getpid
 .text._kill    0x08003b80       0x10 Core/src/syscalls.o
                0x08003b80                _kill
 .text._exit    0x08003b90        0xc Core/src/syscalls.o
                0x08003b90                _exit
 .text._sbrk    0x08003b9c       0x40 Core/src/sysmem.o
                0x08003b9c                _sbrk
 .text.SystemInit
                0x08003bdc        0x2 Core/src/system_stm32g4xx.o
                0x08003bdc                SystemInit
 .text.HAL_Init
                0x08003bde       0x1e lib/STM32G4xx_HAL_Driver/src/stm32g4xx_hal.o
                0x08003bde                HAL_Init
 .text.HAL_GetTick
                0x08003bfc        0xc lib/STM32G4xx_HAL_Driver/src/stm32g4xx_hal.o
                0x08003bfc                HAL_GetTick
 .text.HAL_NVIC_SetPriorityGrouping
                0x08003c08       0x24 lib/STM32G4xx_HAL_Driver/src/stm32g4xx_hal_cortex.o
                0x08003c08                HAL_NVIC_SetPriorityGrouping
 .text.HAL_NVIC_SetPriority
                0x08003c2c       0x64 lib/STM32G4xx_HAL_Driver/src/stm32g4xx_hal_cortex.o
                0x08003c2c                HAL_NVIC_SetPriority
 .text.HAL_NVIC_EnableIRQ
                0x08003c90       0x1c lib/STM32G4xx_HAL_Driver/src/stm32g4xx_hal_cortex.o
                0x08003c90                HAL_NVIC_EnableIRQ
 .text.HAL_GPIO_Init
                0x08003cac      0x194 lib/STM32G4xx_HAL_Driver/src/stm32g4xx_hal_gpio.o
                0x08003cac                HAL_GPIO_Init
 .text.HAL_GPIO_WritePin
                0x08003e40        0xa lib/STM32G4xx_HAL_Driver/src/stm32g4xx_hal_gpio.o
                0x08003e40                HAL_GPIO_WritePin
 *fill*         0x08003e4a        0x2 
 .text.HAL_PWREx_ControlVoltageScaling
                0x08003e4c       0xb0 lib/STM32G4xx_HAL_Driver/src/stm32g4xx_hal_pwr_ex.o
                0x08003e4c                HAL_PWREx_ControlVoltageScaling
 .text.HAL_PWREx_DisableUCPDDeadBattery
                0x08003efc       0x10 lib/STM32G4xx_HAL_Driver/src/stm32g4xx_hal_pwr_ex.o
                0x08003efc                HAL_PWREx_DisableUCPDDeadBattery
 .text.HAL_RCC_OscConfig
                0x08003f0c      0x418 lib/STM32G4xx_HAL_Driver/src/stm32g4xx_hal_rcc.o
                0x08003f0c                HAL_RCC_OscConfig
 .text.HAL_RCC_GetSysClockFreq
                0x08004324       0x6c lib/STM32G4xx_HAL_Driver/src/stm32g4xx_hal_rcc.o
                0x08004324                HAL_RCC_GetSysClockFreq
 .text.HAL_RCC_ClockConfig
                0x08004390      0x1e8 lib/STM32G4xx_HAL_Driver/src/stm32g4xx_hal_rcc.o
                0x08004390                HAL_RCC_ClockConfig
 .text.HAL_RCC_GetPCLK2Freq
                0x08004578       0x24 lib/STM32G4xx_HAL_Driver/src/stm32g4xx_hal_rcc.o
                0x08004578                HAL_RCC_GetPCLK2Freq
 .text.HAL_RCC_GetClockConfig
                0x0800459c       0x3c lib/STM32G4xx_HAL_Driver/src/stm32g4xx_hal_rcc.o
                0x0800459c                HAL_RCC_GetClockConfig
 .text.HAL_RCCEx_PeriphCLKConfig
                0x080045d8      0x278 lib/STM32G4xx_HAL_Driver/src/stm32g4xx_hal_rcc_ex.o
                0x080045d8                HAL_RCCEx_PeriphCLKConfig
 .text.TIM_OC1_SetConfig
                0x08004850       0x74 lib/STM32G4xx_HAL_Driver/src/stm32g4xx_hal_tim.o
 .text.TIM_OC3_SetConfig
                0x080048c4       0x80 lib/STM32G4xx_HAL_Driver/src/stm32g4xx_hal_tim.o
 .text.TIM_OC4_SetConfig
                0x08004944       0x80 lib/STM32G4xx_HAL_Driver/src/stm32g4xx_hal_tim.o
 .text.TIM_OC5_SetConfig
                0x080049c4       0x68 lib/STM32G4xx_HAL_Driver/src/stm32g4xx_hal_tim.o
 .text.TIM_OC6_SetConfig
                0x08004a2c       0x68 lib/STM32G4xx_HAL_Driver/src/stm32g4xx_hal_tim.o
 .text.HAL_TIM_Base_Start_IT
                0x08004a94       0x6c lib/STM32G4xx_HAL_Driver/src/stm32g4xx_hal_tim.o
                0x08004a94                HAL_TIM_Base_Start_IT
 .text.HAL_TIM_PWM_MspInit
                0x08004b00        0x2 lib/STM32G4xx_HAL_Driver/src/stm32g4xx_hal_tim.o
                0x08004b00                HAL_TIM_PWM_MspInit
 .text.HAL_TIM_PeriodElapsedCallback
                0x08004b02        0x2 lib/STM32G4xx_HAL_Driver/src/stm32g4xx_hal_tim.o
                0x08004b02                HAL_TIM_PeriodElapsedCallback
 .text.HAL_TIM_OC_DelayElapsedCallback
                0x08004b04        0x2 lib/STM32G4xx_HAL_Driver/src/stm32g4xx_hal_tim.o
                0x08004b04                HAL_TIM_OC_DelayElapsedCallback
 .text.HAL_TIM_IC_CaptureCallback
                0x08004b06        0x2 lib/STM32G4xx_HAL_Driver/src/stm32g4xx_hal_tim.o
                0x08004b06                HAL_TIM_IC_CaptureCallback
 .text.HAL_TIM_PWM_PulseFinishedCallback
                0x08004b08        0x2 lib/STM32G4xx_HAL_Driver/src/stm32g4xx_hal_tim.o
                0x08004b08                HAL_TIM_PWM_PulseFinishedCallback
 .text.HAL_TIM_TriggerCallback
                0x08004b0a        0x2 lib/STM32G4xx_HAL_Driver/src/stm32g4xx_hal_tim.o
                0x08004b0a                HAL_TIM_TriggerCallback
 .text.HAL_TIM_IRQHandler
                0x08004b0c      0x19e lib/STM32G4xx_HAL_Driver/src/stm32g4xx_hal_tim.o
                0x08004b0c                HAL_TIM_IRQHandler
 *fill*         0x08004caa        0x2 
 .text.TIM_Base_SetConfig
                0x08004cac       0xa8 lib/STM32G4xx_HAL_Driver/src/stm32g4xx_hal_tim.o
                0x08004cac                TIM_Base_SetConfig
 .text.HAL_TIM_Base_Init
                0x08004d54       0x60 lib/STM32G4xx_HAL_Driver/src/stm32g4xx_hal_tim.o
                0x08004d54                HAL_TIM_Base_Init
 .text.HAL_TIM_PWM_Init
                0x08004db4       0x60 lib/STM32G4xx_HAL_Driver/src/stm32g4xx_hal_tim.o
                0x08004db4                HAL_TIM_PWM_Init
 .text.TIM_OC2_SetConfig
                0x08004e14       0x80 lib/STM32G4xx_HAL_Driver/src/stm32g4xx_hal_tim.o
                0x08004e14                TIM_OC2_SetConfig
 .text.HAL_TIM_PWM_ConfigChannel
                0x08004e94       0xf8 lib/STM32G4xx_HAL_Driver/src/stm32g4xx_hal_tim.o
                0x08004e94                HAL_TIM_PWM_ConfigChannel
 .text.TIM_ETR_SetConfig
                0x08004f8c       0x14 lib/STM32G4xx_HAL_Driver/src/stm32g4xx_hal_tim.o
                0x08004f8c                TIM_ETR_SetConfig
 .text.HAL_TIM_ConfigClockSource
                0x08004fa0      0x178 lib/STM32G4xx_HAL_Driver/src/stm32g4xx_hal_tim.o
                0x08004fa0                HAL_TIM_ConfigClockSource
 .text.TIM_CCxChannelCmd
                0x08005118       0x1c lib/STM32G4xx_HAL_Driver/src/stm32g4xx_hal_tim.o
                0x08005118                TIM_CCxChannelCmd
 .text.HAL_TIM_OC_Start
                0x08005134      0x10c lib/STM32G4xx_HAL_Driver/src/stm32g4xx_hal_tim.o
                0x08005134                HAL_TIM_OC_Start
 .text.HAL_TIM_PWM_Start
                0x08005240        0x4 lib/STM32G4xx_HAL_Driver/src/stm32g4xx_hal_tim.o
                0x08005240                HAL_TIM_PWM_Start
 .text.HAL_TIM_OC_Stop
                0x08005244       0xb0 lib/STM32G4xx_HAL_Driver/src/stm32g4xx_hal_tim.o
                0x08005244                HAL_TIM_OC_Stop
 .text.HAL_TIM_PWM_Stop
                0x080052f4        0x4 lib/STM32G4xx_HAL_Driver/src/stm32g4xx_hal_tim.o
                0x080052f4                HAL_TIM_PWM_Stop
 .text.HAL_TIMEx_MasterConfigSynchronization
                0x080052f8       0x88 lib/STM32G4xx_HAL_Driver/src/stm32g4xx_hal_tim_ex.o
                0x080052f8                HAL_TIMEx_MasterConfigSynchronization
 .text.HAL_TIMEx_CommutCallback
                0x08005380        0x2 lib/STM32G4xx_HAL_Driver/src/stm32g4xx_hal_tim_ex.o
                0x08005380                HAL_TIMEx_CommutCallback
 .text.HAL_TIMEx_BreakCallback
                0x08005382        0x2 lib/STM32G4xx_HAL_Driver/src/stm32g4xx_hal_tim_ex.o
                0x08005382                HAL_TIMEx_BreakCallback
 .text.HAL_TIMEx_Break2Callback
                0x08005384        0x2 lib/STM32G4xx_HAL_Driver/src/stm32g4xx_hal_tim_ex.o
                0x08005384                HAL_TIMEx_Break2Callback
 .text.HAL_TIMEx_EncoderIndexCallback
                0x08005386        0x2 lib/STM32G4xx_HAL_Driver/src/stm32g4xx_hal_tim_ex.o
                0x08005386                HAL_TIMEx_EncoderIndexCallback
 .text.HAL_TIMEx_DirectionChangeCallback
                0x08005388        0x2 lib/STM32G4xx_HAL_Driver/src/stm32g4xx_hal_tim_ex.o
                0x08005388                HAL_TIMEx_DirectionChangeCallback
 .text.HAL_TIMEx_IndexErrorCallback
                0x0800538a        0x2 lib/STM32G4xx_HAL_Driver/src/stm32g4xx_hal_tim_ex.o
                0x0800538a                HAL_TIMEx_IndexErrorCallback
 .text.HAL_TIMEx_TransitionErrorCallback
                0x0800538c        0x2 lib/STM32G4xx_HAL_Driver/src/stm32g4xx_hal_tim_ex.o
                0x0800538c                HAL_TIMEx_TransitionErrorCallback
 .text._ZN4TaskD2Ev
                0x0800538e        0x2 application/src/main.o
                0x0800538e                Task::~Task()
                0x0800538e                Task::~Task()
 .text._ZN3SpiIhmED2Ev
                0x08005390        0x2 application/src/main.o
                0x08005390                Spi<unsigned char, unsigned long>::~Spi()
                0x08005390                Spi<unsigned char, unsigned long>::~Spi()
 .text._ZN3SpiIhmE8GetErrorEv
                0x08005392        0x4 application/src/main.o
                0x08005392                Spi<unsigned char, unsigned long>::GetError()
 .text._ZN3CanI19FDCAN_HandleTypeDef21FDCAN_TxHeaderTypeDef21FDCAN_RxHeaderTypeDef19FDCAN_FilterTypeDefE8GetErrorEv
                0x08005396        0x4 application/src/main.o
                0x08005396                Can<FDCAN_HandleTypeDef, FDCAN_TxHeaderTypeDef, FDCAN_RxHeaderTypeDef, FDCAN_FilterTypeDef>::GetError()
 .text._ZN4TaskD0Ev
                0x0800539a        0xe application/src/main.o
                0x0800539a                Task::~Task()
 .text._ZN3SpiIhmED0Ev
                0x080053a8        0xe application/src/main.o
                0x080053a8                Spi<unsigned char, unsigned long>::~Spi()
 .text.Spi_task
                0x080053b6       0x28 application/src/main.o
 .text._ZN3CanI19FDCAN_HandleTypeDef21FDCAN_TxHeaderTypeDef21FDCAN_RxHeaderTypeDef19FDCAN_FilterTypeDefE4ReadER10Can_Rx_MsgIS2_E
                0x080053de       0x16 application/src/main.o
                0x080053de                Can<FDCAN_HandleTypeDef, FDCAN_TxHeaderTypeDef, FDCAN_RxHeaderTypeDef, FDCAN_FilterTypeDef>::Read(Can_Rx_Msg<FDCAN_RxHeaderTypeDef>&)
 .text._ZN3SpiIhmE4ReadEPh
                0x080053f4       0x14 application/src/main.o
                0x080053f4                Spi<unsigned char, unsigned long>::Read(unsigned char*)
 .text._ZN3SpiIhmE4InitEv
                0x08005408       0x40 application/src/main.o
                0x08005408                Spi<unsigned char, unsigned long>::Init()
 .text._ZN3SpiIhmE5WriteEPh
                0x08005448       0x14 application/src/main.o
                0x08005448                Spi<unsigned char, unsigned long>::Write(unsigned char*)
 .text._ZN3CanI19FDCAN_HandleTypeDef21FDCAN_TxHeaderTypeDef21FDCAN_RxHeaderTypeDef19FDCAN_FilterTypeDefE5WriteER10Can_Tx_MsgIS1_E
                0x0800545c       0x14 application/src/main.o
                0x0800545c                Can<FDCAN_HandleTypeDef, FDCAN_TxHeaderTypeDef, FDCAN_RxHeaderTypeDef, FDCAN_FilterTypeDef>::Write(Can_Tx_Msg<FDCAN_TxHeaderTypeDef>&)
 .text._ZN3CanI19FDCAN_HandleTypeDef21FDCAN_TxHeaderTypeDef21FDCAN_RxHeaderTypeDef19FDCAN_FilterTypeDefE4InitEv
                0x08005470       0x7c application/src/main.o
                0x08005470                Can<FDCAN_HandleTypeDef, FDCAN_TxHeaderTypeDef, FDCAN_RxHeaderTypeDef, FDCAN_FilterTypeDef>::Init()
 .text._ZN3CanI19FDCAN_HandleTypeDef21FDCAN_TxHeaderTypeDef21FDCAN_RxHeaderTypeDef19FDCAN_FilterTypeDefED2Ev
                0x080054ec       0x28 application/src/main.o
                0x080054ec                Can<FDCAN_HandleTypeDef, FDCAN_TxHeaderTypeDef, FDCAN_RxHeaderTypeDef, FDCAN_FilterTypeDef>::~Can()
                0x080054ec                Can<FDCAN_HandleTypeDef, FDCAN_TxHeaderTypeDef, FDCAN_RxHeaderTypeDef, FDCAN_FilterTypeDef>::~Can()
 .text._ZN7Can_ObjD2Ev
                0x08005514       0x18 application/src/main.o
                0x08005514                Can_Obj::~Can_Obj()
                0x08005514                Can_Obj::~Can_Obj()
 .text._ZN7Can_ObjD0Ev
                0x0800552c       0x14 application/src/main.o
                0x0800552c                Can_Obj::~Can_Obj()
 .text._ZN3CanI19FDCAN_HandleTypeDef21FDCAN_TxHeaderTypeDef21FDCAN_RxHeaderTypeDef19FDCAN_FilterTypeDefED0Ev
                0x08005540       0x14 application/src/main.o
                0x08005540                Can<FDCAN_HandleTypeDef, FDCAN_TxHeaderTypeDef, FDCAN_RxHeaderTypeDef, FDCAN_FilterTypeDef>::~Can()
 .text._ZN7Can_Obj8vCanTaskEv
                0x08005554       0x80 application/src/main.o
                0x08005554                Can_Obj::vCanTask()
 .text.vCanTask
                0x080055d4       0x38 application/src/main.o
                0x080055d4                vCanTask
 .text.HAL_FDCAN_RxFifo0Callback
                0x0800560c       0x4e application/src/main.o
                0x0800560c                HAL_FDCAN_RxFifo0Callback
 .text.Error_Handler
                0x0800565a        0x4 application/src/main.o
                0x0800565a                Error_Handler
 *fill*         0x0800565e        0x2 
 .text.startup.main
                0x08005660      0x220 application/src/main.o
                0x08005660                main
 .text._ZN9Scheduler7runningEv
                0x08005880       0x22 application/src/scheduler.o
                0x08005880                Scheduler::running()
 .text._ZN9Scheduler4stopEv
                0x080058a2        0x2 application/src/scheduler.o
                0x080058a2                Scheduler::stop()
 .text._ZN9SchedulerD2Ev
                0x080058a4       0x34 application/src/scheduler.o
                0x080058a4                Scheduler::~Scheduler()
                0x080058a4                Scheduler::~Scheduler()
 .text._ZN9SchedulerD0Ev
                0x080058d8       0x14 application/src/scheduler.o
                0x080058d8                Scheduler::~Scheduler()
 .text._ZN9SchedulerC2Ev
                0x080058ec       0x40 application/src/scheduler.o
                0x080058ec                Scheduler::Scheduler()
                0x080058ec                Scheduler::Scheduler()
 .text._ZN9Scheduler8add_taskER4Task
                0x0800592c       0x30 application/src/scheduler.o
                0x0800592c                Scheduler::add_task(Task&)
 .text._ZN9Scheduler4execEv
                0x0800595c       0x3a application/src/scheduler.o
                0x0800595c                Scheduler::exec()
 *fill*         0x08005996        0x2 
 .text._Z4idlev
                0x08005998       0x1c application/src/motor.o
                0x08005998                idle()
 .text._Z15setting_up_movev
                0x080059b4       0x34 application/src/motor.o
                0x080059b4                setting_up_move()
 .text._Z17setting_down_movev
                0x080059e8       0x34 application/src/motor.o
                0x080059e8                setting_down_move()
 .text._Z4stopv
                0x08005a1c       0x1c application/src/motor.o
                0x08005a1c                stop()
 .text._Z7runningv
                0x08005a38       0x38 application/src/motor.o
                0x08005a38                running()
 .text._Z10Motor_taskv
                0x08005a70       0x18 application/src/motor.o
                0x08005a70                Motor_task()
 .text._Z14Motor_Callback9mode_type
                0x08005a88       0x24 application/src/motor.o
                0x08005a88                Motor_Callback(mode_type)
 .text._ZNSt7__cxx114listI10DictionarySaIS1_EED2Ev
                0x08005aac       0x18 application/src/dictionary.o
                0x08005aac                std::__cxx11::list<Dictionary, std::allocator<Dictionary> >::~list()
                0x08005aac                std::__cxx11::list<Dictionary, std::allocator<Dictionary> >::~list()
 .text.startup._GLOBAL__sub_I__Z10dictionaryB5cxx11
                0x08005ac4       0x90 application/src/dictionary.o
 .text._ZN9HSI_ClockD2Ev
                0x08005b54        0x2 application/driver_model/src/clock.o
                0x08005b54                HSI_Clock::~HSI_Clock()
                0x08005b54                HSI_Clock::~HSI_Clock()
 .text._ZN9HSI_ClockD0Ev
                0x08005b56        0xe application/driver_model/src/clock.o
                0x08005b56                HSI_Clock::~HSI_Clock()
 .text._Z18SystemClock_Configv
                0x08005b64       0x6c application/driver_model/src/clock.o
                0x08005b64                SystemClock_Config()
 .text._ZNK9HSI_Clock4InitEv
                0x08005bd0        0x4 application/driver_model/src/clock.o
                0x08005bd0                HSI_Clock::Init() const
 .text._ZN3MCUD2Ev
                0x08005bd4        0x2 application/driver_model/src/mcu.o
                0x08005bd4                MCU::~MCU()
                0x08005bd4                MCU::~MCU()
 .text._ZN3MCUD0Ev
                0x08005bd6        0xe application/driver_model/src/mcu.o
                0x08005bd6                MCU::~MCU()
 .text._ZN3MCU16get_mcu_instanceEv
                0x08005be4       0x28 application/driver_model/src/mcu.o
                0x08005be4                MCU::get_mcu_instance()
 .text._ZN3MCU9Set_ClockER5Clock
                0x08005c0c        0x4 application/driver_model/src/mcu.o
                0x08005c0c                MCU::Set_Clock(Clock&)
 .text._ZN3MCU12Register_CanER7Can_Obj
                0x08005c10        0x4 application/driver_model/src/mcu.o
                0x08005c10                MCU::Register_Can(Can_Obj&)
 .text._ZN3MCU12Register_SpiER3SpiIhmE
                0x08005c14        0x4 application/driver_model/src/mcu.o
                0x08005c14                MCU::Register_Spi(Spi<unsigned char, unsigned long>&)
 .text.HAL_FDCAN_Init
                0x08005c18      0x1c4 lib/STM32G4xx_HAL_Driver/src/stm32g4xx_hal_fdcan.o
                0x08005c18                HAL_FDCAN_Init
 .text.HAL_FDCAN_ConfigFilter
                0x08005ddc       0x50 lib/STM32G4xx_HAL_Driver/src/stm32g4xx_hal_fdcan.o
                0x08005ddc                HAL_FDCAN_ConfigFilter
 .text.HAL_FDCAN_Start
                0x08005e2c       0x2c lib/STM32G4xx_HAL_Driver/src/stm32g4xx_hal_fdcan.o
                0x08005e2c                HAL_FDCAN_Start
 .text.HAL_FDCAN_AddMessageToTxFifoQ
                0x08005e58       0xc8 lib/STM32G4xx_HAL_Driver/src/stm32g4xx_hal_fdcan.o
                0x08005e58                HAL_FDCAN_AddMessageToTxFifoQ
 .text.HAL_FDCAN_GetRxMessage
                0x08005f20      0x104 lib/STM32G4xx_HAL_Driver/src/stm32g4xx_hal_fdcan.o
                0x08005f20                HAL_FDCAN_GetRxMessage
 .text.HAL_FDCAN_ActivateNotification
                0x08006024       0xda lib/STM32G4xx_HAL_Driver/src/stm32g4xx_hal_fdcan.o
                0x08006024                HAL_FDCAN_ActivateNotification
 .text.HAL_FDCAN_TxEventFifoCallback
                0x080060fe        0x2 lib/STM32G4xx_HAL_Driver/src/stm32g4xx_hal_fdcan.o
                0x080060fe                HAL_FDCAN_TxEventFifoCallback
 .text.HAL_FDCAN_RxFifo1Callback
                0x08006100        0x2 lib/STM32G4xx_HAL_Driver/src/stm32g4xx_hal_fdcan.o
                0x08006100                HAL_FDCAN_RxFifo1Callback
 .text.HAL_FDCAN_TxFifoEmptyCallback
                0x08006102        0x2 lib/STM32G4xx_HAL_Driver/src/stm32g4xx_hal_fdcan.o
                0x08006102                HAL_FDCAN_TxFifoEmptyCallback
 .text.HAL_FDCAN_TxBufferCompleteCallback
                0x08006104        0x2 lib/STM32G4xx_HAL_Driver/src/stm32g4xx_hal_fdcan.o
                0x08006104                HAL_FDCAN_TxBufferCompleteCallback
 .text.HAL_FDCAN_TxBufferAbortCallback
                0x08006106        0x2 lib/STM32G4xx_HAL_Driver/src/stm32g4xx_hal_fdcan.o
                0x08006106                HAL_FDCAN_TxBufferAbortCallback
 .text.HAL_FDCAN_TimestampWraparoundCallback
                0x08006108        0x2 lib/STM32G4xx_HAL_Driver/src/stm32g4xx_hal_fdcan.o
                0x08006108                HAL_FDCAN_TimestampWraparoundCallback
 .text.HAL_FDCAN_TimeoutOccurredCallback
                0x0800610a        0x2 lib/STM32G4xx_HAL_Driver/src/stm32g4xx_hal_fdcan.o
                0x0800610a                HAL_FDCAN_TimeoutOccurredCallback
 .text.HAL_FDCAN_HighPriorityMessageCallback
                0x0800610c        0x2 lib/STM32G4xx_HAL_Driver/src/stm32g4xx_hal_fdcan.o
                0x0800610c                HAL_FDCAN_HighPriorityMessageCallback
 .text.HAL_FDCAN_ErrorCallback
                0x0800610e        0x2 lib/STM32G4xx_HAL_Driver/src/stm32g4xx_hal_fdcan.o
                0x0800610e                HAL_FDCAN_ErrorCallback
 .text.HAL_FDCAN_ErrorStatusCallback
                0x08006110        0x2 lib/STM32G4xx_HAL_Driver/src/stm32g4xx_hal_fdcan.o
                0x08006110                HAL_FDCAN_ErrorStatusCallback
 .text.HAL_FDCAN_IRQHandler
                0x08006112      0x160 lib/STM32G4xx_HAL_Driver/src/stm32g4xx_hal_fdcan.o
                0x08006112                HAL_FDCAN_IRQHandler
 *fill*         0x08006272        0x2 
 .text.SPI_WaitFlagStateUntilTimeout.constprop.0
                0x08006274       0xa4 lib/STM32G4xx_HAL_Driver/src/stm32g4xx_hal_spi.o
 .text.SPI_WaitFifoStateUntilTimeout.constprop.0
                0x08006318       0xc8 lib/STM32G4xx_HAL_Driver/src/stm32g4xx_hal_spi.o
 .text.SPI_EndRxTransaction
                0x080063e0       0x6e lib/STM32G4xx_HAL_Driver/src/stm32g4xx_hal_spi.o
 .text.SPI_EndRxTxTransaction
                0x0800644e       0x44 lib/STM32G4xx_HAL_Driver/src/stm32g4xx_hal_spi.o
 .text.HAL_SPI_Init
                0x08006492       0xdc lib/STM32G4xx_HAL_Driver/src/stm32g4xx_hal_spi.o
                0x08006492                HAL_SPI_Init
 .text.HAL_SPI_Transmit
                0x0800656e      0x194 lib/STM32G4xx_HAL_Driver/src/stm32g4xx_hal_spi.o
                0x0800656e                HAL_SPI_Transmit
 .text.HAL_SPI_TransmitReceive
                0x08006702      0x25c lib/STM32G4xx_HAL_Driver/src/stm32g4xx_hal_spi.o
                0x08006702                HAL_SPI_TransmitReceive
 .text.HAL_SPI_Receive
                0x0800695e      0x16e lib/STM32G4xx_HAL_Driver/src/stm32g4xx_hal_spi.o
                0x0800695e                HAL_SPI_Receive
 .text.__aeabi_atexit
                0x08006acc       0x1c /usr/lib/gcc/arm-none-eabi/13.2.1/../../../arm-none-eabi/lib/libstdc++.a(atexit_arm.o)
                0x08006acc                __aeabi_atexit
 .text._ZdlPvj  0x08006ae8       0x10 /usr/lib/gcc/arm-none-eabi/13.2.1/../../../arm-none-eabi/lib/libstdc++.a(del_ops.o)
                0x08006ae8                operator delete(void*, unsigned int)
 .text.__cxa_guard_acquire
                0x08006af8       0x60 /usr/lib/gcc/arm-none-eabi/13.2.1/../../../arm-none-eabi/lib/libstdc++.a(guard.o)
                0x08006af8                __cxa_guard_acquire
 .text.__cxa_guard_release
                0x08006b58        0xc /usr/lib/gcc/arm-none-eabi/13.2.1/../../../arm-none-eabi/lib/libstdc++.a(guard.o)
                0x08006b58                __cxa_guard_release
 .text._ZN9__gnu_cxx20recursive_init_errorD2Ev
                0x08006b64       0x24 /usr/lib/gcc/arm-none-eabi/13.2.1/../../../arm-none-eabi/lib/libstdc++.a(guard_error.o)
                0x08006b64                __gnu_cxx::recursive_init_error::~recursive_init_error()
                0x08006b64                __gnu_cxx::recursive_init_error::~recursive_init_error()
 .text._ZN9__gnu_cxx20recursive_init_errorD0Ev
                0x08006b88       0x30 /usr/lib/gcc/arm-none-eabi/13.2.1/../../../arm-none-eabi/lib/libstdc++.a(guard_error.o)
                0x08006b88                __gnu_cxx::recursive_init_error::~recursive_init_error()
 .text._ZN9__gnu_cxx20recursive_init_errorC2Ev
                0x08006bb8       0x10 /usr/lib/gcc/arm-none-eabi/13.2.1/../../../arm-none-eabi/lib/libstdc++.a(guard_error.o)
                0x08006bb8                __gnu_cxx::recursive_init_error::recursive_init_error()
                0x08006bb8                __gnu_cxx::recursive_init_error::recursive_init_error()
 .text._Znwj    0x08006bc8       0x68 /usr/lib/gcc/arm-none-eabi/13.2.1/../../../arm-none-eabi/lib/libstdc++.a(new_op.o)
                0x08006bc8                operator new(unsigned int)
 .text._ZN10__cxxabiv120__si_class_type_infoD2Ev
                0x08006c30       0x24 /usr/lib/gcc/arm-none-eabi/13.2.1/../../../arm-none-eabi/lib/libstdc++.a(si_class_type_info.o)
                0x08006c30                __cxxabiv1::__si_class_type_info::~__si_class_type_info()
                0x08006c30                __cxxabiv1::__si_class_type_info::~__si_class_type_info()
 .text._ZN10__cxxabiv120__si_class_type_infoD0Ev
                0x08006c54       0x30 /usr/lib/gcc/arm-none-eabi/13.2.1/../../../arm-none-eabi/lib/libstdc++.a(si_class_type_info.o)
                0x08006c54                __cxxabiv1::__si_class_type_info::~__si_class_type_info()
 .text._ZNK10__cxxabiv120__si_class_type_info20__do_find_public_srcEiPKvPKNS_17__class_type_infoES2_
                0x08006c84       0x70 /usr/lib/gcc/arm-none-eabi/13.2.1/../../../arm-none-eabi/lib/libstdc++.a(si_class_type_info.o)
                0x08006c84                __cxxabiv1::__si_class_type_info::__do_find_public_src(int, void const*, __cxxabiv1::__class_type_info const*, void const*) const
 .text._ZNK10__cxxabiv120__si_class_type_info12__do_dyncastEiNS_17__class_type_info10__sub_kindEPKS1_PKvS4_S6_RNS1_16__dyncast_resultE
                0x08006cf4       0xe4 /usr/lib/gcc/arm-none-eabi/13.2.1/../../../arm-none-eabi/lib/libstdc++.a(si_class_type_info.o)
                0x08006cf4                __cxxabiv1::__si_class_type_info::__do_dyncast(int, __cxxabiv1::__class_type_info::__sub_kind, __cxxabiv1::__class_type_info const*, void const*, __cxxabiv1::__class_type_info const*, void const*, __cxxabiv1::__class_type_info::__dyncast_result&) const
 .text._ZNK10__cxxabiv120__si_class_type_info11__do_upcastEPKNS_17__class_type_infoEPKvRNS1_15__upcast_resultE
                0x08006dd8       0x4c /usr/lib/gcc/arm-none-eabi/13.2.1/../../../arm-none-eabi/lib/libstdc++.a(si_class_type_info.o)
                0x08006dd8                __cxxabiv1::__si_class_type_info::__do_upcast(__cxxabiv1::__class_type_info const*, void const*, __cxxabiv1::__class_type_info::__upcast_result&) const
 .text._ZNSt9type_infoD2Ev
                0x08006e24        0x4 /usr/lib/gcc/arm-none-eabi/13.2.1/../../../arm-none-eabi/lib/libstdc++.a(tinfo.o)
                0x08006e24                std::type_info::~type_info()
                0x08006e24                std::type_info::~type_info()
 .text._ZNKSt9type_info14__is_pointer_pEv
                0x08006e28        0x8 /usr/lib/gcc/arm-none-eabi/13.2.1/../../../arm-none-eabi/lib/libstdc++.a(tinfo.o)
                0x08006e28                std::type_info::__is_function_p() const
                0x08006e28                std::type_info::__is_pointer_p() const
 .text._ZNKSt9type_infoeqERKS_
                0x08006e30       0x50 /usr/lib/gcc/arm-none-eabi/13.2.1/../../../arm-none-eabi/lib/libstdc++.a(tinfo.o)
                0x08006e30                std::type_info::__equal(std::type_info const&) const
                0x08006e30                std::type_info::operator==(std::type_info const&) const
 .text._ZNSt8__detail15_List_node_base7_M_hookEPS0_
                0x08006e80       0x14 /usr/lib/gcc/arm-none-eabi/13.2.1/../../../arm-none-eabi/lib/libstdc++.a(list.o)
                0x08006e80                std::__detail::_List_node_base::_M_hook(std::__detail::_List_node_base*)
 .text._ZNSt8__detail15_List_node_base9_M_unhookEv
                0x08006e94       0x14 /usr/lib/gcc/arm-none-eabi/13.2.1/../../../arm-none-eabi/lib/libstdc++.a(list.o)
                0x08006e94                std::__detail::_List_node_base::_M_unhook()
 .text._ZNKSt9bad_alloc4whatEv
                0x08006ea8        0xc /usr/lib/gcc/arm-none-eabi/13.2.1/../../../arm-none-eabi/lib/libstdc++.a(bad_alloc.o)
                0x08006ea8                std::bad_alloc::what() const
 .text._ZNSt9bad_allocD2Ev
                0x08006eb4       0x24 /usr/lib/gcc/arm-none-eabi/13.2.1/../../../arm-none-eabi/lib/libstdc++.a(bad_alloc.o)
                0x08006eb4                std::bad_alloc::~bad_alloc()
                0x08006eb4                std::bad_alloc::~bad_alloc()
 .text._ZNSt9bad_allocD0Ev
                0x08006ed8       0x30 /usr/lib/gcc/arm-none-eabi/13.2.1/../../../arm-none-eabi/lib/libstdc++.a(bad_alloc.o)
                0x08006ed8                std::bad_alloc::~bad_alloc()
 .text._ZNK10__cxxabiv117__class_type_info11__do_upcastEPKS0_PPv
                0x08006f08       0x64 /usr/lib/gcc/arm-none-eabi/13.2.1/../../../arm-none-eabi/lib/libstdc++.a(class_type_info.o)
                0x08006f08                __cxxabiv1::__class_type_info::__do_upcast(__cxxabiv1::__class_type_info const*, void**) const
 .text._ZNK10__cxxabiv117__class_type_info20__do_find_public_srcEiPKvPKS0_S2_
                0x08006f6c       0x14 /usr/lib/gcc/arm-none-eabi/13.2.1/../../../arm-none-eabi/lib/libstdc++.a(class_type_info.o)
                0x08006f6c                __cxxabiv1::__class_type_info::__do_find_public_src(int, void const*, __cxxabiv1::__class_type_info const*, void const*) const
 .text._ZN10__cxxabiv117__class_type_infoD2Ev
                0x08006f80       0x24 /usr/lib/gcc/arm-none-eabi/13.2.1/../../../arm-none-eabi/lib/libstdc++.a(class_type_info.o)
                0x08006f80                __cxxabiv1::__class_type_info::~__class_type_info()
                0x08006f80                __cxxabiv1::__class_type_info::~__class_type_info()
 .text._ZN10__cxxabiv117__class_type_infoD0Ev
                0x08006fa4       0x30 /usr/lib/gcc/arm-none-eabi/13.2.1/../../../arm-none-eabi/lib/libstdc++.a(class_type_info.o)
                0x08006fa4                __cxxabiv1::__class_type_info::~__class_type_info()
 .text._ZNK10__cxxabiv117__class_type_info12__do_dyncastEiNS0_10__sub_kindEPKS0_PKvS3_S5_RNS0_16__dyncast_resultE
                0x08006fd4       0x70 /usr/lib/gcc/arm-none-eabi/13.2.1/../../../arm-none-eabi/lib/libstdc++.a(class_type_info.o)
                0x08006fd4                __cxxabiv1::__class_type_info::__do_dyncast(int, __cxxabiv1::__class_type_info::__sub_kind, __cxxabiv1::__class_type_info const*, void const*, __cxxabiv1::__class_type_info const*, void const*, __cxxabiv1::__class_type_info::__dyncast_result&) const
 .text._ZNK10__cxxabiv117__class_type_info11__do_upcastEPKS0_PKvRNS0_15__upcast_resultE
                0x08007044       0x30 /usr/lib/gcc/arm-none-eabi/13.2.1/../../../arm-none-eabi/lib/libstdc++.a(class_type_info.o)
                0x08007044                __cxxabiv1::__class_type_info::__do_upcast(__cxxabiv1::__class_type_info const*, void const*, __cxxabiv1::__class_type_info::__upcast_result&) const
 .text._ZNK10__cxxabiv117__class_type_info10__do_catchEPKSt9type_infoPPvj
                0x08007074       0x4c /usr/lib/gcc/arm-none-eabi/13.2.1/../../../arm-none-eabi/lib/libstdc++.a(class_type_info.o)
                0x08007074                __cxxabiv1::__class_type_info::__do_catch(std::type_info const*, void**, unsigned int) const
 .text._ZdlPv   0x080070c0       0x10 /usr/lib/gcc/arm-none-eabi/13.2.1/../../../arm-none-eabi/lib/libstdc++.a(del_op.o)
                0x080070c0                operator delete(void*)
 .text._ZN12_GLOBAL__N_14pool4freeEPv.constprop.0
                0x080070d0       0xd4 /usr/lib/gcc/arm-none-eabi/13.2.1/../../../arm-none-eabi/lib/libstdc++.a(eh_alloc.o)
 .text._ZN12_GLOBAL__N_14pool8allocateEj.constprop.0
                0x080071a4       0x9c /usr/lib/gcc/arm-none-eabi/13.2.1/../../../arm-none-eabi/lib/libstdc++.a(eh_alloc.o)
 .text.__cxa_allocate_exception
                0x08007240       0x48 /usr/lib/gcc/arm-none-eabi/13.2.1/../../../arm-none-eabi/lib/libstdc++.a(eh_alloc.o)
                0x08007240                __cxa_allocate_exception
 .text.__cxa_free_exception
                0x08007288       0x38 /usr/lib/gcc/arm-none-eabi/13.2.1/../../../arm-none-eabi/lib/libstdc++.a(eh_alloc.o)
                0x08007288                __cxa_free_exception
 .text.startup._GLOBAL__sub_I__ZN9__gnu_cxx9__freeresEv
                0x080072c0      0x1a4 /usr/lib/gcc/arm-none-eabi/13.2.1/../../../arm-none-eabi/lib/libstdc++.a(eh_alloc.o)
 .text._ZNSt9exceptionD2Ev
                0x08007464        0x4 /usr/lib/gcc/arm-none-eabi/13.2.1/../../../arm-none-eabi/lib/libstdc++.a(eh_exception.o)
                0x08007464                std::exception::~exception()
                0x08007464                std::exception::~exception()
 .text._ZNSt13bad_exceptionD2Ev
                0x08007468        0x4 /usr/lib/gcc/arm-none-eabi/13.2.1/../../../arm-none-eabi/lib/libstdc++.a(eh_exception.o)
                0x08007468                std::bad_exception::~bad_exception()
                0x08007468                std::bad_exception::~bad_exception()
 .text._ZNKSt9exception4whatEv
                0x0800746c        0xc /usr/lib/gcc/arm-none-eabi/13.2.1/../../../arm-none-eabi/lib/libstdc++.a(eh_exception.o)
                0x0800746c                transaction clone for std::exception::what() const
                0x0800746c                std::exception::what() const
 .text._ZNKSt13bad_exception4whatEv
                0x08007478        0xc /usr/lib/gcc/arm-none-eabi/13.2.1/../../../arm-none-eabi/lib/libstdc++.a(eh_exception.o)
                0x08007478                transaction clone for std::bad_exception::what() const
                0x08007478                std::bad_exception::what() const
 .text._ZNSt13bad_exceptionD0Ev
                0x08007484       0x1c /usr/lib/gcc/arm-none-eabi/13.2.1/../../../arm-none-eabi/lib/libstdc++.a(eh_exception.o)
                0x08007484                std::bad_exception::~bad_exception()
 .text._ZN10__cxxabiv111__terminateEPFvvE
                0x080074a0       0x18 /usr/lib/gcc/arm-none-eabi/13.2.1/../../../arm-none-eabi/lib/libstdc++.a(eh_terminate.o)
                0x080074a0                __cxxabiv1::__terminate(void (*)())
 .text._ZSt9terminatev
                0x080074b8       0x14 /usr/lib/gcc/arm-none-eabi/13.2.1/../../../arm-none-eabi/lib/libstdc++.a(eh_terminate.o)
                0x080074b8                std::terminate()
 .text._ZN10__cxxabiv112__unexpectedEPFvvE
                0x080074cc       0x10 /usr/lib/gcc/arm-none-eabi/13.2.1/../../../arm-none-eabi/lib/libstdc++.a(eh_terminate.o)
                0x080074cc                __cxxabiv1::__unexpected(void (*)())
 .text._ZSt10unexpectedv
                0x080074dc       0x14 /usr/lib/gcc/arm-none-eabi/13.2.1/../../../arm-none-eabi/lib/libstdc++.a(eh_terminate.o)
                0x080074dc                std::unexpected()
 .text._ZSt13get_terminatev
                0x080074f0       0x10 /usr/lib/gcc/arm-none-eabi/13.2.1/../../../arm-none-eabi/lib/libstdc++.a(eh_terminate.o)
                0x080074f0                std::get_terminate()
 .text._ZSt14get_unexpectedv
                0x08007500       0x10 /usr/lib/gcc/arm-none-eabi/13.2.1/../../../arm-none-eabi/lib/libstdc++.a(eh_terminate.o)
                0x08007500                std::get_unexpected()
 .text._ZL23__gxx_exception_cleanup19_Unwind_Reason_CodeP21_Unwind_Control_Block
                0x08007510       0x58 /usr/lib/gcc/arm-none-eabi/13.2.1/../../../arm-none-eabi/lib/libstdc++.a(eh_throw.o)
 .text.__cxa_init_primary_exception
                0x08007568       0x74 /usr/lib/gcc/arm-none-eabi/13.2.1/../../../arm-none-eabi/lib/libstdc++.a(eh_throw.o)
                0x08007568                __cxa_init_primary_exception
 .text.__cxa_throw
                0x080075dc       0x54 /usr/lib/gcc/arm-none-eabi/13.2.1/../../../arm-none-eabi/lib/libstdc++.a(eh_throw.o)
                0x080075dc                __cxa_throw
 .text.__cxa_rethrow
                0x08007630       0xb0 /usr/lib/gcc/arm-none-eabi/13.2.1/../../../arm-none-eabi/lib/libstdc++.a(eh_throw.o)
                0x08007630                __cxa_rethrow
 .text._ZSt15get_new_handlerv
                0x080076e0       0x10 /usr/lib/gcc/arm-none-eabi/13.2.1/../../../arm-none-eabi/lib/libstdc++.a(new_handler.o)
                0x080076e0                std::get_new_handler()
 .text.__cxa_begin_catch
                0x080076f0       0xd4 /usr/lib/gcc/arm-none-eabi/13.2.1/../../../arm-none-eabi/lib/libstdc++.a(eh_catch.o)
                0x080076f0                __cxa_begin_catch
 .text.__cxa_end_catch
                0x080077c4       0xe0 /usr/lib/gcc/arm-none-eabi/13.2.1/../../../arm-none-eabi/lib/libstdc++.a(eh_catch.o)
                0x080077c4                __cxa_end_catch
 .text.__cxa_get_globals_fast
                0x080078a4        0xc /usr/lib/gcc/arm-none-eabi/13.2.1/../../../arm-none-eabi/lib/libstdc++.a(eh_globals.o)
                0x080078a4                __cxa_get_globals_fast
 .text.__cxa_get_globals
                0x080078b0        0xc /usr/lib/gcc/arm-none-eabi/13.2.1/../../../arm-none-eabi/lib/libstdc++.a(eh_globals.o)
                0x080078b0                __cxa_get_globals
 .text._ZL28read_encoded_value_with_basehjPKhPj
                0x080078bc      0x174 /usr/lib/gcc/arm-none-eabi/13.2.1/../../../arm-none-eabi/lib/libstdc++.a(eh_personality.o)
 .text._ZL21base_of_encoded_valuehP15_Unwind_Context
                0x08007a30       0x7c /usr/lib/gcc/arm-none-eabi/13.2.1/../../../arm-none-eabi/lib/libstdc++.a(eh_personality.o)
 .text._ZL17parse_lsda_headerP15_Unwind_ContextPKhP16lsda_header_info
                0x08007aac       0xd8 /usr/lib/gcc/arm-none-eabi/13.2.1/../../../arm-none-eabi/lib/libstdc++.a(eh_personality.o)
 .text.__gxx_personality_v0
                0x08007b84      0x6d0 /usr/lib/gcc/arm-none-eabi/13.2.1/../../../arm-none-eabi/lib/libstdc++.a(eh_personality.o)
                0x08007b84                __gxx_personality_v0
 .text.__cxa_end_cleanup
                0x08008254       0x10 /usr/lib/gcc/arm-none-eabi/13.2.1/../../../arm-none-eabi/lib/libstdc++.a(eh_arm.o)
                0x08008254                __cxa_end_cleanup
 .text.__cxa_type_match
                0x08008264      0x140 /usr/lib/gcc/arm-none-eabi/13.2.1/../../../arm-none-eabi/lib/libstdc++.a(eh_arm.o)
                0x08008264                __cxa_type_match
 .text.__cxa_begin_cleanup
                0x080083a4       0xbc /usr/lib/gcc/arm-none-eabi/13.2.1/../../../arm-none-eabi/lib/libstdc++.a(eh_arm.o)
                0x080083a4                __cxa_begin_cleanup
 .text.__gnu_end_cleanup
                0x08008460       0xbc /usr/lib/gcc/arm-none-eabi/13.2.1/../../../arm-none-eabi/lib/libstdc++.a(eh_arm.o)
                0x08008460                __gnu_end_cleanup
 .text._ZN10__cxxabiv1L24__is_gxx_exception_classEPc
                0x0800851c       0x70 /usr/lib/gcc/arm-none-eabi/13.2.1/../../../arm-none-eabi/lib/libstdc++.a(eh_call.o)
 .text.__cxa_call_terminate
                0x0800858c       0x2c /usr/lib/gcc/arm-none-eabi/13.2.1/../../../arm-none-eabi/lib/libstdc++.a(eh_call.o)
                0x0800858c                __cxa_call_terminate
 .text.unlikely.__cxa_call_unexpected
                0x080085b8      0x148 /usr/lib/gcc/arm-none-eabi/13.2.1/../../../arm-none-eabi/lib/libstdc++.a(eh_call.o)
                0x080085b8                __cxa_call_unexpected
 .text.unlikely
                0x08008700       0x10 /usr/lib/gcc/arm-none-eabi/13.2.1/libgcc.a(pr-support.o)
                0x08008700                _Unwind_GetDataRelBase
                0x08008708                _Unwind_GetTextRelBase
 .text.startup  0x08008710       0x28 /usr/lib/gcc/arm-none-eabi/13.2.1/../../../arm-none-eabi/lib/libc.a(libc_a-__call_atexit.o)
 *(.glue_7)
 .glue_7        0x08008738        0x0 linker stubs
 *(.glue_7t)
 .glue_7t       0x08008738        0x0 linker stubs
 *(.eh_frame)
 .eh_frame      0x08008738        0x0 /usr/lib/gcc/arm-none-eabi/13.2.1/crtbegin.o
 *(.init)
 .init          0x08008738        0xc /usr/lib/gcc/arm-none-eabi/13.2.1/crti.o
                0x08008738                _init
 .init          0x08008744        0xc /usr/lib/gcc/arm-none-eabi/13.2.1/crtn.o
 *(.fini)
 .fini          0x08008750        0xc /usr/lib/gcc/arm-none-eabi/13.2.1/crti.o
                0x08008750                _fini
 .fini          0x0800875c        0xc /usr/lib/gcc/arm-none-eabi/13.2.1/crtn.o
                0x08008768                        . = ALIGN (0x4)
                0x08008768                        _etext = .

.vfp11_veneer   0x08008768        0x0
 .vfp11_veneer  0x08008768        0x0 linker stubs

.v4_bx          0x08008768        0x0
 .v4_bx         0x08008768        0x0 linker stubs

.iplt           0x08008768        0x0
 .iplt          0x08008768        0x0 /usr/lib/gcc/arm-none-eabi/13.2.1/crtbegin.o

.rodata         0x08008768      0x418
                0x08008768                        . = ALIGN (0x4)
 *(.rodata)
 .rodata        0x08008768      0x101 /usr/lib/gcc/arm-none-eabi/13.2.1/../../../arm-none-eabi/lib/libc.a(libc_a-ctype_.o)
                0x08008768                _ctype_
 *(.rodata*)
 .rodata.APBPrescTable
                0x08008869        0x8 Core/src/system_stm32g4xx.o
                0x08008869                APBPrescTable
 .rodata.AHBPrescTable
                0x08008871       0x10 Core/src/system_stm32g4xx.o
                0x08008871                AHBPrescTable
 *fill*         0x08008881        0x3 
 .rodata._ZTV3CanI19FDCAN_HandleTypeDef21FDCAN_TxHeaderTypeDef21FDCAN_RxHeaderTypeDef19FDCAN_FilterTypeDefE
                0x08008884       0x20 application/src/main.o
                0x08008884                vtable for Can<FDCAN_HandleTypeDef, FDCAN_TxHeaderTypeDef, FDCAN_RxHeaderTypeDef, FDCAN_FilterTypeDef>
 .rodata._ZTV7Can_Obj
                0x080088a4       0x10 application/src/main.o
                0x080088a4                vtable for Can_Obj
 .rodata._ZTV4Task
                0x080088b4       0x10 application/src/main.o
                0x080088b4                vtable for Task
 .rodata._ZTV3SpiIhmE
                0x080088c4       0x20 application/src/main.o
                0x080088c4                vtable for Spi<unsigned char, unsigned long>
 .rodata._ZTV9Scheduler
                0x080088e4       0x10 application/src/scheduler.o
                0x080088e4                vtable for Scheduler
 .rodata._ZTV9HSI_Clock
                0x080088f4       0x14 application/driver_model/src/clock.o
                0x080088f4                vtable for HSI_Clock
 .rodata._ZTV3MCU
                0x08008908       0x10 application/driver_model/src/mcu.o
                0x08008908                vtable for MCU
 .rodata.DLCtoBytes
                0x08008918       0x10 lib/STM32G4xx_HAL_Driver/src/stm32g4xx_hal_fdcan.o
 .rodata._ZTSN9__gnu_cxx20recursive_init_errorE
                0x08008928       0x23 /usr/lib/gcc/arm-none-eabi/13.2.1/../../../arm-none-eabi/lib/libstdc++.a(guard_error.o)
                0x08008928                typeinfo name for __gnu_cxx::recursive_init_error
 *fill*         0x0800894b        0x1 
 .rodata._ZTIN9__gnu_cxx20recursive_init_errorE
                0x0800894c        0xc /usr/lib/gcc/arm-none-eabi/13.2.1/../../../arm-none-eabi/lib/libstdc++.a(guard_error.o)
                0x0800894c                typeinfo for __gnu_cxx::recursive_init_error
 .rodata._ZTVN9__gnu_cxx20recursive_init_errorE
                0x08008958       0x14 /usr/lib/gcc/arm-none-eabi/13.2.1/../../../arm-none-eabi/lib/libstdc++.a(guard_error.o)
                0x08008958                vtable for __gnu_cxx::recursive_init_error
 .rodata._ZTSN10__cxxabiv120__si_class_type_infoE
                0x0800896c       0x25 /usr/lib/gcc/arm-none-eabi/13.2.1/../../../arm-none-eabi/lib/libstdc++.a(si_class_type_info.o)
                0x0800896c                typeinfo name for __cxxabiv1::__si_class_type_info
 *fill*         0x08008991        0x3 
 .rodata._ZTIN10__cxxabiv120__si_class_type_infoE
                0x08008994        0xc /usr/lib/gcc/arm-none-eabi/13.2.1/../../../arm-none-eabi/lib/libstdc++.a(si_class_type_info.o)
                0x08008994                typeinfo for __cxxabiv1::__si_class_type_info
 .rodata._ZTVN10__cxxabiv120__si_class_type_infoE
                0x080089a0       0x2c /usr/lib/gcc/arm-none-eabi/13.2.1/../../../arm-none-eabi/lib/libstdc++.a(si_class_type_info.o)
                0x080089a0                vtable for __cxxabiv1::__si_class_type_info
 .rodata._ZTSSt9type_info
                0x080089cc        0xd /usr/lib/gcc/arm-none-eabi/13.2.1/../../../arm-none-eabi/lib/libstdc++.a(tinfo.o)
                0x080089cc                typeinfo name for std::type_info
 *fill*         0x080089d9        0x3 
 .rodata._ZTISt9type_info
                0x080089dc        0x8 /usr/lib/gcc/arm-none-eabi/13.2.1/../../../arm-none-eabi/lib/libstdc++.a(tinfo.o)
                0x080089dc                typeinfo for std::type_info
 .rodata._ZNKSt9bad_alloc4whatEv.str1.4
                0x080089e4       0x6f /usr/lib/gcc/arm-none-eabi/13.2.1/../../../arm-none-eabi/lib/libstdc++.a(bad_alloc.o)
                                  0xf (size before relaxing)
 *fill*         0x08008a53        0x1 
 .rodata._ZTSSt9bad_alloc
                0x08008a54        0xd /usr/lib/gcc/arm-none-eabi/13.2.1/../../../arm-none-eabi/lib/libstdc++.a(bad_alloc.o)
                0x08008a54                typeinfo name for std::bad_alloc
 *fill*         0x08008a61        0x3 
 .rodata._ZTISt9bad_alloc
                0x08008a64        0xc /usr/lib/gcc/arm-none-eabi/13.2.1/../../../arm-none-eabi/lib/libstdc++.a(bad_alloc.o)
                0x08008a64                typeinfo for std::bad_alloc
 .rodata._ZTVSt9bad_alloc
                0x08008a70       0x14 /usr/lib/gcc/arm-none-eabi/13.2.1/../../../arm-none-eabi/lib/libstdc++.a(bad_alloc.o)
                0x08008a70                vtable for std::bad_alloc
 .rodata._ZTSN10__cxxabiv117__class_type_infoE
                0x08008a84       0x22 /usr/lib/gcc/arm-none-eabi/13.2.1/../../../arm-none-eabi/lib/libstdc++.a(class_type_info.o)
                0x08008a84                typeinfo name for __cxxabiv1::__class_type_info
 *fill*         0x08008aa6        0x2 
 .rodata._ZTIN10__cxxabiv117__class_type_infoE
                0x08008aa8        0xc /usr/lib/gcc/arm-none-eabi/13.2.1/../../../arm-none-eabi/lib/libstdc++.a(class_type_info.o)
                0x08008aa8                typeinfo for __cxxabiv1::__class_type_info
 .rodata._ZTVN10__cxxabiv117__class_type_infoE
                0x08008ab4       0x2c /usr/lib/gcc/arm-none-eabi/13.2.1/../../../arm-none-eabi/lib/libstdc++.a(class_type_info.o)
                0x08008ab4                vtable for __cxxabiv1::__class_type_info
 .rodata._GLOBAL__sub_I__ZN9__gnu_cxx9__freeresEv.str1.4
                0x08008ae0       0x3c /usr/lib/gcc/arm-none-eabi/13.2.1/../../../arm-none-eabi/lib/libstdc++.a(eh_alloc.o)
 .rodata._ZNKSt9exception4whatEv.str1.4
                0x08008ae0        0xf /usr/lib/gcc/arm-none-eabi/13.2.1/../../../arm-none-eabi/lib/libstdc++.a(eh_exception.o)
 .rodata._ZNKSt13bad_exception4whatEv.str1.4
                0x08008ae0       0x13 /usr/lib/gcc/arm-none-eabi/13.2.1/../../../arm-none-eabi/lib/libstdc++.a(eh_exception.o)
 .rodata._ZTSSt9exception
                0x08008ae0        0xd /usr/lib/gcc/arm-none-eabi/13.2.1/../../../arm-none-eabi/lib/libstdc++.a(eh_exception.o)
                0x08008ae0                typeinfo name for std::exception
 *fill*         0x08008aed        0x3 
 .rodata._ZTISt9exception
                0x08008af0        0x8 /usr/lib/gcc/arm-none-eabi/13.2.1/../../../arm-none-eabi/lib/libstdc++.a(eh_exception.o)
                0x08008af0                typeinfo for std::exception
 .rodata._ZTSSt13bad_exception
                0x08008af8       0x12 /usr/lib/gcc/arm-none-eabi/13.2.1/../../../arm-none-eabi/lib/libstdc++.a(eh_exception.o)
                0x08008af8                typeinfo name for std::bad_exception
 *fill*         0x08008b0a        0x2 
 .rodata._ZTISt13bad_exception
                0x08008b0c        0xc /usr/lib/gcc/arm-none-eabi/13.2.1/../../../arm-none-eabi/lib/libstdc++.a(eh_exception.o)
                0x08008b0c                typeinfo for std::bad_exception
 .rodata._ZTSN10__cxxabiv115__forced_unwindE
                0x08008b18       0x20 /usr/lib/gcc/arm-none-eabi/13.2.1/../../../arm-none-eabi/lib/libstdc++.a(eh_exception.o)
                0x08008b18                typeinfo name for __cxxabiv1::__forced_unwind
 .rodata._ZTIN10__cxxabiv115__forced_unwindE
                0x08008b38        0x8 /usr/lib/gcc/arm-none-eabi/13.2.1/../../../arm-none-eabi/lib/libstdc++.a(eh_exception.o)
                0x08008b38                typeinfo for __cxxabiv1::__forced_unwind
 .rodata._ZTSN10__cxxabiv119__foreign_exceptionE
                0x08008b40       0x24 /usr/lib/gcc/arm-none-eabi/13.2.1/../../../arm-none-eabi/lib/libstdc++.a(eh_exception.o)
                0x08008b40                typeinfo name for __cxxabiv1::__foreign_exception
 .rodata._ZTIN10__cxxabiv119__foreign_exceptionE
                0x08008b64        0x8 /usr/lib/gcc/arm-none-eabi/13.2.1/../../../arm-none-eabi/lib/libstdc++.a(eh_exception.o)
                0x08008b64                typeinfo for __cxxabiv1::__foreign_exception
 .rodata._ZTVSt13bad_exception
                0x08008b6c       0x14 /usr/lib/gcc/arm-none-eabi/13.2.1/../../../arm-none-eabi/lib/libstdc++.a(eh_exception.o)
                0x08008b6c                vtable for std::bad_exception
                0x08008b80                        . = ALIGN (0x4)

.ARM.extab      0x08008b80       0x6c
                0x08008b80                        . = ALIGN (0x4)
 *(.ARM.extab* .gnu.linkonce.armextab.*)
 .ARM.extab.text._ZN10__cxxabiv111__terminateEPFvvE
                0x08008b80       0x18 /usr/lib/gcc/arm-none-eabi/13.2.1/../../../arm-none-eabi/lib/libstdc++.a(eh_terminate.o)
 .ARM.extab.text.__cxa_begin_catch
                0x08008b98        0xc /usr/lib/gcc/arm-none-eabi/13.2.1/../../../arm-none-eabi/lib/libstdc++.a(eh_catch.o)
 .ARM.extab.text.__gxx_personality_v0
                0x08008ba4       0x24 /usr/lib/gcc/arm-none-eabi/13.2.1/../../../arm-none-eabi/lib/libstdc++.a(eh_personality.o)
 .ARM.extab.text.unlikely.__cxa_call_unexpected
                0x08008bc8       0x24 /usr/lib/gcc/arm-none-eabi/13.2.1/../../../arm-none-eabi/lib/libstdc++.a(eh_call.o)
                0x08008bec                        . = ALIGN (0x4)

.ARM            0x08008bec      0x198
                0x08008bec                        . = ALIGN (0x4)
                0x08008bec                        __exidx_start = .
 *(.ARM.exidx*)
 .ARM.exidx     0x08008bec       0x80 /usr/lib/gcc/arm-none-eabi/13.2.1/libgcc.a(unwind-arm.o)
                                 0xd8 (size before relaxing)
 .ARM.exidx     0x08008c6c       0x30 /usr/lib/gcc/arm-none-eabi/13.2.1/libgcc.a(pr-support.o)
                                 0x38 (size before relaxing)
 .ARM.exidx.text.__aeabi_atexit
                0x08008c9c        0x0 /usr/lib/gcc/arm-none-eabi/13.2.1/../../../arm-none-eabi/lib/libstdc++.a(atexit_arm.o)
                                  0x8 (size before relaxing)
 .ARM.exidx.text._ZdlPvj
                0x08008c9c        0x0 /usr/lib/gcc/arm-none-eabi/13.2.1/../../../arm-none-eabi/lib/libstdc++.a(del_ops.o)
                                  0x8 (size before relaxing)
 .ARM.exidx.text.__cxa_guard_acquire
                0x08008c9c        0x8 /usr/lib/gcc/arm-none-eabi/13.2.1/../../../arm-none-eabi/lib/libstdc++.a(guard.o)
 .ARM.exidx.text.__cxa_guard_release
                0x08008ca4        0x8 /usr/lib/gcc/arm-none-eabi/13.2.1/../../../arm-none-eabi/lib/libstdc++.a(guard.o)
 .ARM.exidx.text._ZN9__gnu_cxx20recursive_init_errorD2Ev
                0x08008cac        0x0 /usr/lib/gcc/arm-none-eabi/13.2.1/../../../arm-none-eabi/lib/libstdc++.a(guard_error.o)
                                  0x8 (size before relaxing)
 .ARM.exidx.text._ZN9__gnu_cxx20recursive_init_errorD0Ev
                0x08008cac        0x0 /usr/lib/gcc/arm-none-eabi/13.2.1/../../../arm-none-eabi/lib/libstdc++.a(guard_error.o)
                                  0x8 (size before relaxing)
 .ARM.exidx.text._ZN9__gnu_cxx20recursive_init_errorC2Ev
                0x08008cac        0x0 /usr/lib/gcc/arm-none-eabi/13.2.1/../../../arm-none-eabi/lib/libstdc++.a(guard_error.o)
                                  0x8 (size before relaxing)
 .ARM.exidx.text._Znwj
                0x08008cac        0x8 /usr/lib/gcc/arm-none-eabi/13.2.1/../../../arm-none-eabi/lib/libstdc++.a(new_op.o)
 .ARM.exidx.text._ZN10__cxxabiv120__si_class_type_infoD2Ev
                0x08008cb4        0x8 /usr/lib/gcc/arm-none-eabi/13.2.1/../../../arm-none-eabi/lib/libstdc++.a(si_class_type_info.o)
 .ARM.exidx.text._ZN10__cxxabiv120__si_class_type_infoD0Ev
                0x08008cbc        0x0 /usr/lib/gcc/arm-none-eabi/13.2.1/../../../arm-none-eabi/lib/libstdc++.a(si_class_type_info.o)
                                  0x8 (size before relaxing)
 .ARM.exidx.text._ZNK10__cxxabiv120__si_class_type_info20__do_find_public_srcEiPKvPKNS_17__class_type_infoES2_
                0x08008cbc        0x0 /usr/lib/gcc/arm-none-eabi/13.2.1/../../../arm-none-eabi/lib/libstdc++.a(si_class_type_info.o)
                                  0x8 (size before relaxing)
 .ARM.exidx.text._ZNK10__cxxabiv120__si_class_type_info12__do_dyncastEiNS_17__class_type_info10__sub_kindEPKS1_PKvS4_S6_RNS1_16__dyncast_resultE
                0x08008cbc        0x0 /usr/lib/gcc/arm-none-eabi/13.2.1/../../../arm-none-eabi/lib/libstdc++.a(si_class_type_info.o)
                                  0x8 (size before relaxing)
 .ARM.exidx.text._ZNK10__cxxabiv120__si_class_type_info11__do_upcastEPKNS_17__class_type_infoEPKvRNS1_15__upcast_resultE
                0x08008cbc        0x8 /usr/lib/gcc/arm-none-eabi/13.2.1/../../../arm-none-eabi/lib/libstdc++.a(si_class_type_info.o)
 .ARM.exidx.text._ZNSt9type_infoD2Ev
                0x08008cc4        0x8 /usr/lib/gcc/arm-none-eabi/13.2.1/../../../arm-none-eabi/lib/libstdc++.a(tinfo.o)
 .ARM.exidx.text._ZNKSt9type_info14__is_pointer_pEv
                0x08008ccc        0x0 /usr/lib/gcc/arm-none-eabi/13.2.1/../../../arm-none-eabi/lib/libstdc++.a(tinfo.o)
                                  0x8 (size before relaxing)
 .ARM.exidx.text._ZNKSt9type_infoeqERKS_
                0x08008ccc        0x0 /usr/lib/gcc/arm-none-eabi/13.2.1/../../../arm-none-eabi/lib/libstdc++.a(tinfo.o)
                                  0x8 (size before relaxing)
 .ARM.exidx.text._ZNSt8__detail15_List_node_base7_M_hookEPS0_
                0x08008ccc        0x0 /usr/lib/gcc/arm-none-eabi/13.2.1/../../../arm-none-eabi/lib/libstdc++.a(list.o)
                                  0x8 (size before relaxing)
 .ARM.exidx.text._ZNSt8__detail15_List_node_base9_M_unhookEv
                0x08008ccc        0x0 /usr/lib/gcc/arm-none-eabi/13.2.1/../../../arm-none-eabi/lib/libstdc++.a(list.o)
                                  0x8 (size before relaxing)
 .ARM.exidx.text._ZNKSt9bad_alloc4whatEv
                0x08008ccc        0x0 /usr/lib/gcc/arm-none-eabi/13.2.1/../../../arm-none-eabi/lib/libstdc++.a(bad_alloc.o)
                                  0x8 (size before relaxing)
 .ARM.exidx.text._ZNSt9bad_allocD2Ev
                0x08008ccc        0x0 /usr/lib/gcc/arm-none-eabi/13.2.1/../../../arm-none-eabi/lib/libstdc++.a(bad_alloc.o)
                                  0x8 (size before relaxing)
 .ARM.exidx.text._ZNSt9bad_allocD0Ev
                0x08008ccc        0x0 /usr/lib/gcc/arm-none-eabi/13.2.1/../../../arm-none-eabi/lib/libstdc++.a(bad_alloc.o)
                                  0x8 (size before relaxing)
 .ARM.exidx.text._ZNK10__cxxabiv117__class_type_info11__do_upcastEPKS0_PPv
                0x08008ccc        0x8 /usr/lib/gcc/arm-none-eabi/13.2.1/../../../arm-none-eabi/lib/libstdc++.a(class_type_info.o)
 .ARM.exidx.text._ZNK10__cxxabiv117__class_type_info20__do_find_public_srcEiPKvPKS0_S2_
                0x08008cd4        0x8 /usr/lib/gcc/arm-none-eabi/13.2.1/../../../arm-none-eabi/lib/libstdc++.a(class_type_info.o)
 .ARM.exidx.text._ZN10__cxxabiv117__class_type_infoD2Ev
                0x08008cdc        0x0 /usr/lib/gcc/arm-none-eabi/13.2.1/../../../arm-none-eabi/lib/libstdc++.a(class_type_info.o)
                                  0x8 (size before relaxing)
 .ARM.exidx.text._ZN10__cxxabiv117__class_type_infoD0Ev
                0x08008cdc        0x0 /usr/lib/gcc/arm-none-eabi/13.2.1/../../../arm-none-eabi/lib/libstdc++.a(class_type_info.o)
                                  0x8 (size before relaxing)
 .ARM.exidx.text._ZNK10__cxxabiv117__class_type_info12__do_dyncastEiNS0_10__sub_kindEPKS0_PKvS3_S5_RNS0_16__dyncast_resultE
                0x08008cdc        0x0 /usr/lib/gcc/arm-none-eabi/13.2.1/../../../arm-none-eabi/lib/libstdc++.a(class_type_info.o)
                                  0x8 (size before relaxing)
 .ARM.exidx.text._ZNK10__cxxabiv117__class_type_info11__do_upcastEPKS0_PKvRNS0_15__upcast_resultE
                0x08008cdc        0x0 /usr/lib/gcc/arm-none-eabi/13.2.1/../../../arm-none-eabi/lib/libstdc++.a(class_type_info.o)
                                  0x8 (size before relaxing)
 .ARM.exidx.text._ZNK10__cxxabiv117__class_type_info10__do_catchEPKSt9type_infoPPvj
                0x08008cdc        0x0 /usr/lib/gcc/arm-none-eabi/13.2.1/../../../arm-none-eabi/lib/libstdc++.a(class_type_info.o)
                                  0x8 (size before relaxing)
 .ARM.exidx.text._ZdlPv
                0x08008cdc        0x0 /usr/lib/gcc/arm-none-eabi/13.2.1/../../../arm-none-eabi/lib/libstdc++.a(del_op.o)
                                  0x8 (size before relaxing)
 .ARM.exidx.text._ZN12_GLOBAL__N_14pool4freeEPv.constprop.0
                0x08008cdc        0x0 /usr/lib/gcc/arm-none-eabi/13.2.1/../../../arm-none-eabi/lib/libstdc++.a(eh_alloc.o)
                                  0x8 (size before relaxing)
 .ARM.exidx.text._ZN12_GLOBAL__N_14pool8allocateEj.constprop.0
                0x08008cdc        0x0 /usr/lib/gcc/arm-none-eabi/13.2.1/../../../arm-none-eabi/lib/libstdc++.a(eh_alloc.o)
                                  0x8 (size before relaxing)
 .ARM.exidx.text.__cxa_allocate_exception
                0x08008cdc        0x0 /usr/lib/gcc/arm-none-eabi/13.2.1/../../../arm-none-eabi/lib/libstdc++.a(eh_alloc.o)
                                  0x8 (size before relaxing)
 .ARM.exidx.text.__cxa_free_exception
                0x08008cdc        0x0 /usr/lib/gcc/arm-none-eabi/13.2.1/../../../arm-none-eabi/lib/libstdc++.a(eh_alloc.o)
                                  0x8 (size before relaxing)
 .ARM.exidx.text.startup._GLOBAL__sub_I__ZN9__gnu_cxx9__freeresEv
                0x08008cdc        0x0 /usr/lib/gcc/arm-none-eabi/13.2.1/../../../arm-none-eabi/lib/libstdc++.a(eh_alloc.o)
                                  0x8 (size before relaxing)
 .ARM.exidx.text._ZNSt9exceptionD2Ev
                0x08008cdc        0x0 /usr/lib/gcc/arm-none-eabi/13.2.1/../../../arm-none-eabi/lib/libstdc++.a(eh_exception.o)
                                  0x8 (size before relaxing)
 .ARM.exidx.text._ZNSt13bad_exceptionD2Ev
                0x08008cdc        0x0 /usr/lib/gcc/arm-none-eabi/13.2.1/../../../arm-none-eabi/lib/libstdc++.a(eh_exception.o)
                                  0x8 (size before relaxing)
 .ARM.exidx.text._ZNKSt9exception4whatEv
                0x08008cdc        0x0 /usr/lib/gcc/arm-none-eabi/13.2.1/../../../arm-none-eabi/lib/libstdc++.a(eh_exception.o)
                                  0x8 (size before relaxing)
 .ARM.exidx.text._ZNKSt13bad_exception4whatEv
                0x08008cdc        0x0 /usr/lib/gcc/arm-none-eabi/13.2.1/../../../arm-none-eabi/lib/libstdc++.a(eh_exception.o)
                                  0x8 (size before relaxing)
 .ARM.exidx.text._ZNSt13bad_exceptionD0Ev
                0x08008cdc        0x0 /usr/lib/gcc/arm-none-eabi/13.2.1/../../../arm-none-eabi/lib/libstdc++.a(eh_exception.o)
                                  0x8 (size before relaxing)
 .ARM.exidx.text._ZN10__cxxabiv111__terminateEPFvvE
                0x08008cdc        0x8 /usr/lib/gcc/arm-none-eabi/13.2.1/../../../arm-none-eabi/lib/libstdc++.a(eh_terminate.o)
 .ARM.exidx.text._ZSt9terminatev
                0x08008ce4        0x8 /usr/lib/gcc/arm-none-eabi/13.2.1/../../../arm-none-eabi/lib/libstdc++.a(eh_terminate.o)
 .ARM.exidx.text._ZN10__cxxabiv112__unexpectedEPFvvE
                0x08008cec        0x8 /usr/lib/gcc/arm-none-eabi/13.2.1/../../../arm-none-eabi/lib/libstdc++.a(eh_terminate.o)
 .ARM.exidx.text._ZSt10unexpectedv
                0x08008cf4        0x0 /usr/lib/gcc/arm-none-eabi/13.2.1/../../../arm-none-eabi/lib/libstdc++.a(eh_terminate.o)
                                  0x8 (size before relaxing)
 .ARM.exidx.text._ZSt13get_terminatev
                0x08008cf4        0x8 /usr/lib/gcc/arm-none-eabi/13.2.1/../../../arm-none-eabi/lib/libstdc++.a(eh_terminate.o)
 .ARM.exidx.text._ZSt14get_unexpectedv
                0x08008cfc        0x0 /usr/lib/gcc/arm-none-eabi/13.2.1/../../../arm-none-eabi/lib/libstdc++.a(eh_terminate.o)
                                  0x8 (size before relaxing)
 .ARM.exidx.text._ZL23__gxx_exception_cleanup19_Unwind_Reason_CodeP21_Unwind_Control_Block
                0x08008cfc        0x8 /usr/lib/gcc/arm-none-eabi/13.2.1/../../../arm-none-eabi/lib/libstdc++.a(eh_throw.o)
 .ARM.exidx.text.__cxa_init_primary_exception
                0x08008d04        0x8 /usr/lib/gcc/arm-none-eabi/13.2.1/../../../arm-none-eabi/lib/libstdc++.a(eh_throw.o)
 .ARM.exidx.text.__cxa_throw
                0x08008d0c        0x8 /usr/lib/gcc/arm-none-eabi/13.2.1/../../../arm-none-eabi/lib/libstdc++.a(eh_throw.o)
 .ARM.exidx.text.__cxa_rethrow
                0x08008d14        0x8 /usr/lib/gcc/arm-none-eabi/13.2.1/../../../arm-none-eabi/lib/libstdc++.a(eh_throw.o)
 .ARM.exidx.text._ZSt15get_new_handlerv
                0x08008d1c        0x8 /usr/lib/gcc/arm-none-eabi/13.2.1/../../../arm-none-eabi/lib/libstdc++.a(new_handler.o)
 .ARM.exidx.text.__cxa_begin_catch
                0x08008d24        0x8 /usr/lib/gcc/arm-none-eabi/13.2.1/../../../arm-none-eabi/lib/libstdc++.a(eh_catch.o)
 .ARM.exidx.text.__cxa_end_catch
                0x08008d2c        0x8 /usr/lib/gcc/arm-none-eabi/13.2.1/../../../arm-none-eabi/lib/libstdc++.a(eh_catch.o)
 .ARM.exidx.text.__cxa_get_globals_fast
                0x08008d34        0x8 /usr/lib/gcc/arm-none-eabi/13.2.1/../../../arm-none-eabi/lib/libstdc++.a(eh_globals.o)
 .ARM.exidx.text.__cxa_get_globals
                0x08008d3c        0x0 /usr/lib/gcc/arm-none-eabi/13.2.1/../../../arm-none-eabi/lib/libstdc++.a(eh_globals.o)
                                  0x8 (size before relaxing)
 .ARM.exidx.text._ZL28read_encoded_value_with_basehjPKhPj
                0x08008d3c        0x8 /usr/lib/gcc/arm-none-eabi/13.2.1/../../../arm-none-eabi/lib/libstdc++.a(eh_personality.o)
 .ARM.exidx.text._ZL21base_of_encoded_valuehP15_Unwind_Context
                0x08008d44        0x8 /usr/lib/gcc/arm-none-eabi/13.2.1/../../../arm-none-eabi/lib/libstdc++.a(eh_personality.o)
 .ARM.exidx.text._ZL17parse_lsda_headerP15_Unwind_ContextPKhP16lsda_header_info
                0x08008d4c        0x8 /usr/lib/gcc/arm-none-eabi/13.2.1/../../../arm-none-eabi/lib/libstdc++.a(eh_personality.o)
 .ARM.exidx.text.__gxx_personality_v0
                0x08008d54       0x10 /usr/lib/gcc/arm-none-eabi/13.2.1/../../../arm-none-eabi/lib/libstdc++.a(eh_personality.o)
                                  0x8 (size before relaxing)
 .ARM.exidx.text.__cxa_type_match
                0x08008d64        0x8 /usr/lib/gcc/arm-none-eabi/13.2.1/../../../arm-none-eabi/lib/libstdc++.a(eh_arm.o)
 .ARM.exidx.text.__cxa_begin_cleanup
                0x08008d6c        0x8 /usr/lib/gcc/arm-none-eabi/13.2.1/../../../arm-none-eabi/lib/libstdc++.a(eh_arm.o)
 .ARM.exidx.text.__gnu_end_cleanup
                0x08008d74        0x0 /usr/lib/gcc/arm-none-eabi/13.2.1/../../../arm-none-eabi/lib/libstdc++.a(eh_arm.o)
                                  0x8 (size before relaxing)
 .ARM.exidx.text._ZN10__cxxabiv1L24__is_gxx_exception_classEPc
                0x08008d74        0x0 /usr/lib/gcc/arm-none-eabi/13.2.1/../../../arm-none-eabi/lib/libstdc++.a(eh_call.o)
                                  0x8 (size before relaxing)
 .ARM.exidx.text.__cxa_call_terminate
                0x08008d74        0x0 /usr/lib/gcc/arm-none-eabi/13.2.1/../../../arm-none-eabi/lib/libstdc++.a(eh_call.o)
                                  0x8 (size before relaxing)
 .ARM.exidx.text.unlikely.__cxa_call_unexpected
                0x08008d74        0x8 /usr/lib/gcc/arm-none-eabi/13.2.1/../../../arm-none-eabi/lib/libstdc++.a(eh_call.o)
 .ARM.exidx.text.unlikely
                0x08008d7c        0x8 /usr/lib/gcc/arm-none-eabi/13.2.1/libgcc.a(pr-support.o)
                                 0x10 (size before relaxing)
                0x08008d84                        __exidx_end = .
                0x08008d84                        . = ALIGN (0x4)

.preinit_array  0x08008d84        0x0
                0x08008d84                        . = ALIGN (0x4)
                0x08008d84                        PROVIDE (__preinit_array_start = .)
 *(.preinit_array*)
                0x08008d84                        PROVIDE (__preinit_array_end = .)
                0x08008d84                        . = ALIGN (0x4)

.init_array     0x08008d84       0x10
                0x08008d84                        . = ALIGN (0x4)
                0x08008d84                        PROVIDE (__init_array_start = .)
 *(SORT_BY_NAME(.init_array.*))
 .init_array.00000
                0x08008d84        0x4 /usr/lib/gcc/arm-none-eabi/13.2.1/../../../arm-none-eabi/lib/libc.a(libc_a-__call_atexit.o)
 *(.init_array*)
 .init_array    0x08008d88        0x4 /usr/lib/gcc/arm-none-eabi/13.2.1/crtbegin.o
 .init_array    0x08008d8c        0x4 application/src/dictionary.o
 .init_array    0x08008d90        0x4 /usr/lib/gcc/arm-none-eabi/13.2.1/../../../arm-none-eabi/lib/libstdc++.a(eh_alloc.o)
                0x08008d94                        PROVIDE (__init_array_end = .)
                0x08008d94                        . = ALIGN (0x4)

.fini_array     0x08008d94        0x4
                0x08008d94                        . = ALIGN (0x4)
                0x08008d94                        PROVIDE (__fini_array_start = .)
 *(SORT_BY_NAME(.fini_array.*))
 *(.fini_array*)
 .fini_array    0x08008d94        0x4 /usr/lib/gcc/arm-none-eabi/13.2.1/crtbegin.o
                0x08008d98                        PROVIDE (__fini_array_end = .)
                0x08008d98                        . = ALIGN (0x4)
                0x08008d98                        _sidata = LOADADDR (.data)

.rel.dyn        0x08008d98        0x0
 .rel.iplt      0x08008d98        0x0 /usr/lib/gcc/arm-none-eabi/13.2.1/crtbegin.o

.data           0x20000000      0x568 load address 0x08008d98
                0x20000000                        . = ALIGN (0x4)
                0x20000000                        _sdata = .
 *(.data)
 .data          0x20000000        0x4 /usr/lib/gcc/arm-none-eabi/13.2.1/crtbegin.o
                0x20000000                __dso_handle
 *fill*         0x20000004        0x4 
 .data          0x20000008      0x128 /usr/lib/gcc/arm-none-eabi/13.2.1/../../../arm-none-eabi/lib/libc.a(libc_a-impure.o)
                0x20000008                _impure_ptr
                0x20000010                _impure_data
 .data          0x20000130      0x410 /usr/lib/gcc/arm-none-eabi/13.2.1/../../../arm-none-eabi/lib/libc.a(libc_a-mallocr.o)
                0x20000130                __malloc_av_
                0x20000538                __malloc_sbrk_base
                0x2000053c                __malloc_trim_threshold
 *(.data*)
 .data.environ  0x20000540        0x4 Core/src/syscalls.o
                0x20000540                environ
 .data.SystemCoreClock
                0x20000544        0x4 Core/src/system_stm32g4xx.o
                0x20000544                SystemCoreClock
 .data.uwTickPrio
                0x20000548        0x4 lib/STM32G4xx_HAL_Driver/src/stm32g4xx_hal.o
                0x20000548                uwTickPrio
 .data.func_state
                0x2000054c       0x14 application/src/motor.o
                0x2000054c                func_state
 .data._ZN10__cxxabiv120__unexpected_handlerE
                0x20000560        0x4 /usr/lib/gcc/arm-none-eabi/13.2.1/../../../arm-none-eabi/lib/libstdc++.a(eh_unex_handler.o)
                0x20000560                __cxxabiv1::__unexpected_handler
 .data._ZN10__cxxabiv119__terminate_handlerE
                0x20000564        0x4 /usr/lib/gcc/arm-none-eabi/13.2.1/../../../arm-none-eabi/lib/libstdc++.a(eh_term_handler.o)
                0x20000564                __cxxabiv1::__terminate_handler
 *(.RamFunc)
 *(.RamFunc*)
                0x20000568                        . = ALIGN (0x4)
                0x20000568                        _edata = .

.tm_clone_table
                0x20000568        0x0 load address 0x08009300
 .tm_clone_table
                0x20000568        0x0 /usr/lib/gcc/arm-none-eabi/13.2.1/crtbegin.o
 .tm_clone_table
                0x20000568        0x0 /usr/lib/gcc/arm-none-eabi/13.2.1/crtend.o

.igot.plt       0x20000568        0x0 load address 0x08009300
 .igot.plt      0x20000568        0x0 /usr/lib/gcc/arm-none-eabi/13.2.1/crtbegin.o
                0x20000568                        . = ALIGN (0x4)

.bss            0x20000568      0x404 load address 0x08009300
                0x20000568                        _sbss = .
                0x20000568                        __bss_start__ = _sbss
 *(.bss)
 .bss           0x20000568       0x1c /usr/lib/gcc/arm-none-eabi/13.2.1/crtbegin.o
 .bss           0x20000584      0x190 /usr/lib/gcc/arm-none-eabi/13.2.1/../../../arm-none-eabi/lib/libc.a(libc_a-__atexit.o)
                0x20000584                __atexit0
 .bss           0x20000714      0x13c /usr/lib/gcc/arm-none-eabi/13.2.1/../../../arm-none-eabi/lib/libc.a(libc_a-findfp.o)
                0x20000714                __sf
                0x2000084c                __stdio_exit_handler
 .bss           0x20000850       0x34 /usr/lib/gcc/arm-none-eabi/13.2.1/../../../arm-none-eabi/lib/libc.a(libc_a-mallocr.o)
                0x20000850                __malloc_top_pad
                0x20000854                __malloc_current_mallinfo
                0x2000087c                __malloc_max_sbrked_mem
                0x20000880                __malloc_max_total_mem
 .bss           0x20000884        0x4 /usr/lib/gcc/arm-none-eabi/13.2.1/../../../arm-none-eabi/lib/libc.a(libc_a-__call_atexit.o)
                0x20000884                __atexit
 .bss           0x20000888        0x4 /usr/lib/gcc/arm-none-eabi/13.2.1/../../../arm-none-eabi/lib/libc.a(libc_a-reent.o)
                0x20000888                errno
 *(.bss*)
 .bss.htim1     0x2000088c       0x4c Core/src/stm32g4xx_hal_timebase_tim.o
                0x2000088c                htim1
 .bss.__env     0x200008d8        0x4 Core/src/syscalls.o
                0x200008d8                __env
 .bss.__sbrk_heap_end
                0x200008dc        0x4 Core/src/sysmem.o
 .bss.uwTick    0x200008e0        0x4 lib/STM32G4xx_HAL_Driver/src/stm32g4xx_hal.o
                0x200008e0                uwTick
 .bss.htim3     0x200008e4       0x4c application/src/main.o
                0x200008e4                htim3
 .bss._ZGVZ8vCanTaskE3mcu
                0x20000930        0x4 application/src/main.o
 .bss._ZZ8vCanTaskE3mcu
                0x20000934        0x4 application/src/main.o
 .bss.prev_window_dir
                0x20000938        0x1 application/src/motor.o
                0x20000938                prev_window_dir
 .bss.window_dir
                0x20000939        0x1 application/src/motor.o
                0x20000939                window_dir
 .bss.new_movement
                0x2000093a        0x1 application/src/motor.o
                0x2000093a                new_movement
 .bss.state     0x2000093b        0x1 application/src/motor.o
                0x2000093b                state
 .bss._Z10dictionaryB5cxx11
                0x2000093c        0xc application/src/dictionary.o
                0x2000093c                dictionary[abi:cxx11]
 .bss._ZN3MCU9instance_E
                0x20000948        0x4 application/driver_model/src/mcu.o
                0x20000948                MCU::instance_
 .bss._ZN12_GLOBAL__N_114emergency_poolE
                0x2000094c       0x10 /usr/lib/gcc/arm-none-eabi/13.2.1/../../../arm-none-eabi/lib/libstdc++.a(eh_alloc.o)
 .bss._ZN12_GLOBAL__N_113__new_handlerE
                0x2000095c        0x4 /usr/lib/gcc/arm-none-eabi/13.2.1/../../../arm-none-eabi/lib/libstdc++.a(new_handler.o)
 .bss._ZN12_GLOBAL__N_110eh_globalsE
                0x20000960        0xc /usr/lib/gcc/arm-none-eabi/13.2.1/../../../arm-none-eabi/lib/libstdc++.a(eh_globals.o)
 *(COMMON)
                0x2000096c                        . = ALIGN (0x4)
                0x2000096c                        _ebss = .
                0x2000096c                        __bss_end__ = _ebss

._user_heap_stack
                0x2000096c      0x604 load address 0x08009300
                0x20000970                        . = ALIGN (0x8)
 *fill*         0x2000096c        0x4 
                [!provide]                        PROVIDE (end = .)
                0x20000970                        PROVIDE (_end = .)
                0x20000b70                        . = (. + _Min_Heap_Size)
 *fill*         0x20000970      0x200 
                0x20000f70                        . = (. + _Min_Stack_Size)
 *fill*         0x20000b70      0x400 
                0x20000f70                        . = ALIGN (0x8)

/DISCARD/
 libc.a(*)
 libm.a(*)
 libgcc.a(*)

.ARM.attributes
                0x00000000       0x31
 *(.ARM.attributes)
 .ARM.attributes
                0x00000000       0x1c /usr/lib/gcc/arm-none-eabi/13.2.1/crti.o
 .ARM.attributes
                0x0000001c       0x2a /usr/lib/gcc/arm-none-eabi/13.2.1/crtbegin.o
 .ARM.attributes
                0x00000046       0x21 Core/src/startup_stm32g431kbtx.o
 .ARM.attributes
                0x00000067       0x2e Core/src/stm32g4xx_hal_msp.o
 .ARM.attributes
                0x00000095       0x2e Core/src/stm32g4xx_hal_timebase_tim.o
 .ARM.attributes
                0x000000c3       0x2e Core/src/stm32g4xx_it.o
 .ARM.attributes
                0x000000f1       0x2e Core/src/syscalls.o
 .ARM.attributes
                0x0000011f       0x2e Core/src/sysmem.o
 .ARM.attributes
                0x0000014d       0x2e Core/src/system_stm32g4xx.o
 .ARM.attributes
                0x0000017b       0x2e lib/STM32G4xx_HAL_Driver/src/stm32g4xx_hal.o
 .ARM.attributes
                0x000001a9       0x2e lib/STM32G4xx_HAL_Driver/src/stm32g4xx_hal_cortex.o
 .ARM.attributes
                0x000001d7       0x2e lib/STM32G4xx_HAL_Driver/src/stm32g4xx_hal_gpio.o
 .ARM.attributes
                0x00000205       0x2e lib/STM32G4xx_HAL_Driver/src/stm32g4xx_hal_pwr_ex.o
 .ARM.attributes
                0x00000233       0x2e lib/STM32G4xx_HAL_Driver/src/stm32g4xx_hal_rcc.o
 .ARM.attributes
                0x00000261       0x2e lib/STM32G4xx_HAL_Driver/src/stm32g4xx_hal_rcc_ex.o
 .ARM.attributes
                0x0000028f       0x2e lib/STM32G4xx_HAL_Driver/src/stm32g4xx_hal_tim.o
 .ARM.attributes
                0x000002bd       0x2e lib/STM32G4xx_HAL_Driver/src/stm32g4xx_hal_tim_ex.o
 .ARM.attributes
                0x000002eb       0x2e application/src/main.o
 .ARM.attributes
                0x00000319       0x2e application/src/scheduler.o
 .ARM.attributes
                0x00000347       0x2e application/src/motor.o
 .ARM.attributes
                0x00000375       0x2e application/src/dictionary.o
 .ARM.attributes
                0x000003a3       0x2e application/driver_model/src/clock.o
 .ARM.attributes
                0x000003d1       0x2e application/driver_model/src/mcu.o
 .ARM.attributes
                0x000003ff       0x2e lib/STM32G4xx_HAL_Driver/src/stm32g4xx_hal_fdcan.o
 .ARM.attributes
                0x0000042d       0x2e lib/STM32G4xx_HAL_Driver/src/stm32g4xx_hal_spi.o
 .ARM.attributes
                0x0000045b       0x2a /usr/lib/gcc/arm-none-eabi/13.2.1/../../../arm-none-eabi/lib/libstdc++.a(atexit_arm.o)
 .ARM.attributes
                0x00000485       0x2a /usr/lib/gcc/arm-none-eabi/13.2.1/../../../arm-none-eabi/lib/libstdc++.a(del_ops.o)
 .ARM.attributes
                0x000004af       0x2a /usr/lib/gcc/arm-none-eabi/13.2.1/../../../arm-none-eabi/lib/libstdc++.a(guard.o)
 .ARM.attributes
                0x000004d9       0x2a /usr/lib/gcc/arm-none-eabi/13.2.1/../../../arm-none-eabi/lib/libstdc++.a(guard_error.o)
 .ARM.attributes
                0x00000503       0x2a /usr/lib/gcc/arm-none-eabi/13.2.1/../../../arm-none-eabi/lib/libstdc++.a(new_op.o)
 .ARM.attributes