Archive member included because of file (symbol)

.pio/build/wio_node/lib1d5/libgdbstub.a(gdbstub.o)
                              .pio/build/wio_node/src/user_main.o (gdbstub_init)
.pio/build/wio_node/lib1d5/libgdbstub.a(gdbstub-entry.o)
                              .pio/build/wio_node/lib1d5/libgdbstub.a(gdbstub.o) (gdbstub_user_exception_entry)
/home/carlo/.platformio/packages/framework-esp8266-rtos-sdk/lib/libdriver.a(uart.o)
                              .pio/build/wio_node/src/user_main.o (UART_SetBaudrate)
/home/carlo/.platformio/packages/framework-esp8266-rtos-sdk/lib/libfreertos.a(port.o)
                              .pio/build/wio_node/lib1d5/libgdbstub.a(gdbstub.o) (_xt_isr_attach)
/home/carlo/.platformio/packages/framework-esp8266-rtos-sdk/lib/libfreertos.a(tasks.o)
                              /home/carlo/.platformio/packages/framework-esp8266-rtos-sdk/lib/libfreertos.a(port.o) (xTaskIncrementTick)
/home/carlo/.platformio/packages/framework-esp8266-rtos-sdk/lib/libfreertos.a(timers.o)
                              /home/carlo/.platformio/packages/framework-esp8266-rtos-sdk/lib/libfreertos.a(tasks.o) (xTimerCreateTimerTask)
/home/carlo/.platformio/packages/framework-esp8266-rtos-sdk/lib/libfreertos.a(heap_4.o)
                              /home/carlo/.platformio/packages/framework-esp8266-rtos-sdk/lib/libfreertos.a(tasks.o) (pvPortMalloc)
/home/carlo/.platformio/packages/framework-esp8266-rtos-sdk/lib/libfreertos.a(list.o)
                              /home/carlo/.platformio/packages/framework-esp8266-rtos-sdk/lib/libfreertos.a(tasks.o) (vListInitialise)
/home/carlo/.platformio/packages/framework-esp8266-rtos-sdk/lib/libfreertos.a(queue.o)
                              /home/carlo/.platformio/packages/framework-esp8266-rtos-sdk/lib/libfreertos.a(timers.o) (xQueueGenericCreate)
/home/carlo/.platformio/packages/framework-esp8266-rtos-sdk/lib/libhal.a(int_asm--set_intset.o)
                              /home/carlo/.platformio/packages/framework-esp8266-rtos-sdk/lib/libfreertos.a(port.o) (xthal_set_intset)
/home/carlo/.platformio/packages/framework-esp8266-rtos-sdk/lib/libmain.a(app_main.o)
                              .pio/build/wio_node/lib1d5/libgdbstub.a(gdbstub.o) (Cache_Read_Enable_New)
/home/carlo/.platformio/packages/framework-esp8266-rtos-sdk/lib/libmain.a(ets_timer.o)
                              /home/carlo/.platformio/packages/framework-esp8266-rtos-sdk/lib/libmain.a(app_main.o) (ets_timer_init)
/home/carlo/.platformio/packages/framework-esp8266-rtos-sdk/lib/libmain.a(misc.o)
                              /home/carlo/.platformio/packages/framework-esp8266-rtos-sdk/lib/libmain.a(app_main.o) (_putc1)
/home/carlo/.platformio/packages/framework-esp8266-rtos-sdk/lib/libmain.a(printf-stdarg.o)
                              .pio/build/wio_node/src/user_main.o (printf)
/home/carlo/.platformio/packages/framework-esp8266-rtos-sdk/lib/libmain.a(spi_flash.o)
                              /home/carlo/.platformio/packages/framework-esp8266-rtos-sdk/lib/libfreertos.a(heap_4.o) (flashchip)
/home/carlo/.platformio/packages/framework-esp8266-rtos-sdk/lib/libmain.a(uart.o)
                              /home/carlo/.platformio/packages/framework-esp8266-rtos-sdk/lib/libdriver.a(uart.o) (uart_div_modify)
/home/carlo/.platformio/packages/framework-esp8266-rtos-sdk/lib/libmain.a(user_interface.o)
                              /home/carlo/.platformio/packages/framework-esp8266-rtos-sdk/lib/libmain.a(spi_flash.o) (protect_flag)
/home/carlo/.platformio/packages/framework-esp8266-rtos-sdk/lib/libmain.a(os_cpu_a.o)
                              /home/carlo/.platformio/packages/framework-esp8266-rtos-sdk/lib/libfreertos.a(port.o) (_xt_int_exit)
/home/carlo/.platformio/packages/framework-esp8266-rtos-sdk/lib/libmain.a(xtensa_context.o)
                              /home/carlo/.platformio/packages/framework-esp8266-rtos-sdk/lib/libmain.a(os_cpu_a.o) (_xt_context_save)
/home/carlo/.platformio/packages/framework-esp8266-rtos-sdk/lib/libmain.a(xtensa_vectors.o)
                              (call_user_start)
/home/carlo/.platformio/packages/framework-esp8266-rtos-sdk/lib/libnet80211.a(ieee80211.o)
                              /home/carlo/.platformio/packages/framework-esp8266-rtos-sdk/lib/libmain.a(app_main.o) (g_ic)
/home/carlo/.platformio/packages/framework-esp8266-rtos-sdk/lib/libnet80211.a(ieee80211_crypto.o)
                              /home/carlo/.platformio/packages/framework-esp8266-rtos-sdk/lib/libnet80211.a(ieee80211.o) (ieee80211_crypto_attach)
/home/carlo/.platformio/packages/framework-esp8266-rtos-sdk/lib/libnet80211.a(ieee80211_hostap.o)
                              /home/carlo/.platformio/packages/framework-esp8266-rtos-sdk/lib/libmain.a(user_interface.o) (BcnEb_update)
/home/carlo/.platformio/packages/framework-esp8266-rtos-sdk/lib/libnet80211.a(ieee80211_ht.o)
[...]
Memory Configuration

Name             Origin             Length             Attributes
dport0_0_seg     0x000000003ff00000 0x0000000000000010
dram0_0_seg      0x000000003ffe8000 0x0000000000018000
iram1_0_seg      0x0000000040100000 0x0000000000008000
irom0_0_seg      0x0000000040220000 0x000000000005c000
*default*        0x0000000000000000 0xffffffffffffffff

Linker script and memory map

LOAD .pio/build/wio_node/src/user_main.o
START GROUP
LOAD .pio/build/wio_node/lib1d5/libgdbstub.a
LOAD /home/carlo/.platformio/packages/framework-esp8266-rtos-sdk/lib/libdriver.a
LOAD /home/carlo/.platformio/packages/framework-esp8266-rtos-sdk/lib/libcirom.a
LOAD /home/carlo/.platformio/packages/framework-esp8266-rtos-sdk/lib/libcrypto.a
LOAD /home/carlo/.platformio/packages/framework-esp8266-rtos-sdk/lib/libdriver.a
LOAD /home/carlo/.platformio/packages/framework-esp8266-rtos-sdk/lib/libespconn.a
LOAD /home/carlo/.platformio/packages/framework-esp8266-rtos-sdk/lib/libespnow.a
LOAD /home/carlo/.platformio/packages/framework-esp8266-rtos-sdk/lib/libfreertos.a
LOAD /home/carlo/.platformio/packages/framework-esp8266-rtos-sdk/lib/libgcc.a
LOAD /home/carlo/.platformio/packages/framework-esp8266-rtos-sdk/lib/libjson.a
LOAD /home/carlo/.platformio/packages/framework-esp8266-rtos-sdk/lib/libhal.a
LOAD /home/carlo/.platformio/packages/framework-esp8266-rtos-sdk/lib/liblwip.a
LOAD /home/carlo/.platformio/packages/framework-esp8266-rtos-sdk/lib/libmain.a
LOAD /home/carlo/.platformio/packages/framework-esp8266-rtos-sdk/lib/libmesh.a
LOAD /home/carlo/.platformio/packages/framework-esp8266-rtos-sdk/lib/libmirom.a
LOAD /home/carlo/.platformio/packages/framework-esp8266-rtos-sdk/lib/libnet80211.a
LOAD /home/carlo/.platformio/packages/framework-esp8266-rtos-sdk/lib/libnopoll.a
LOAD /home/carlo/.platformio/packages/framework-esp8266-rtos-sdk/lib/libphy.a
LOAD /home/carlo/.platformio/packages/framework-esp8266-rtos-sdk/lib/libpp.a
LOAD /home/carlo/.platformio/packages/framework-esp8266-rtos-sdk/lib/libpwm.a
LOAD /home/carlo/.platformio/packages/framework-esp8266-rtos-sdk/lib/libsmartconfig.a
LOAD /home/carlo/.platformio/packages/framework-esp8266-rtos-sdk/lib/libspiffs.a
LOAD /home/carlo/.platformio/packages/framework-esp8266-rtos-sdk/lib/libssl.a
LOAD /home/carlo/.platformio/packages/framework-esp8266-rtos-sdk/lib/libwpa.a
LOAD /home/carlo/.platformio/packages/framework-esp8266-rtos-sdk/lib/libwps.a
END GROUP
                0x0000000040000000                PROVIDE (_memmap_vecbase_reset, 0x40000000)
                0x0000000000000110                _memmap_cacheattr_wb_base = 0x110
                0x0000000000000110                _memmap_cacheattr_wt_base = 0x110
                0x0000000000000220                _memmap_cacheattr_bp_base = 0x220
                0x00000000fffff00f                _memmap_cacheattr_unused_mask = 0xfffff00f
                0x000000002222211f                _memmap_cacheattr_wb_trapnull = 0x2222211f
                0x000000002222211f                _memmap_cacheattr_wba_trapnull = 0x2222211f
                0x000000002222211f                _memmap_cacheattr_wbna_trapnull = 0x2222211f
                0x000000002222211f                _memmap_cacheattr_wt_trapnull = 0x2222211f
                0x000000002222222f                _memmap_cacheattr_bp_trapnull = 0x2222222f
                0x00000000fffff11f                _memmap_cacheattr_wb_strict = 0xfffff11f
                0x00000000fffff11f                _memmap_cacheattr_wt_strict = 0xfffff11f
                0x00000000fffff22f                _memmap_cacheattr_bp_strict = 0xfffff22f
                0x0000000022222112                _memmap_cacheattr_wb_allvalid = 0x22222112
                0x0000000022222112                _memmap_cacheattr_wt_allvalid = 0x22222112
                0x0000000022222222                _memmap_cacheattr_bp_allvalid = 0x22222222
                0x000000002222211f                PROVIDE (_memmap_cacheattr_reset, _memmap_cacheattr_wb_trapnull)

.dport0.rodata  0x000000003ff00000        0x0
                0x000000003ff00000                _dport0_rodata_start = ABSOLUTE (.)
 *(.dport0.rodata)
 *(.dport.rodata)
                0x000000003ff00000                _dport0_rodata_end = ABSOLUTE (.)

.dport0.literal
                0x000000003ff00000        0x0
                0x000000003ff00000                _dport0_literal_start = ABSOLUTE (.)
 *(.dport0.literal)
 *(.dport.literal)
                0x000000003ff00000                _dport0_literal_end = ABSOLUTE (.)

.dport0.data    0x000000003ff00000        0x0
                0x000000003ff00000                _dport0_data_start = ABSOLUTE (.)
 *(.dport0.data)
 *(.dport.data)
                0x000000003ff00000                _dport0_data_end = ABSOLUTE (.)

.text           0x0000000040100000     0x7d48
                0x0000000040100000                _stext = .
                0x0000000040100000                _text_start = ABSOLUTE (.)
 *(.UserEnter.text)
 .UserEnter.text
                0x0000000040100000        0xd /home/carlo/.platformio/packages/framework-esp8266-rtos-sdk/lib/libmain.a(xtensa_vectors.o)
                                         0x14 (size before relaxing)
                0x0000000040100004                call_user_start
                0x0000000040100010                . = ALIGN (0x10)
 *fill*         0x000000004010000d        0x3 
 *(.DebugExceptionVector.text)
 .DebugExceptionVector.text
                0x0000000040100010        0x9 /home/carlo/.platformio/packages/framework-esp8266-rtos-sdk/lib/libmain.a(xtensa_vectors.o)
                                         0x10 (size before relaxing)
                0x0000000040100010                _DebugExceptionVector
                0x0000000040100020                . = ALIGN (0x10)
 *fill*         0x0000000040100019        0x7 
 *(.NMIExceptionVector.text)
 .NMIExceptionVector.text
                0x0000000040100020        0x6 /home/carlo/.platformio/packages/framework-esp8266-rtos-sdk/lib/libmain.a(xtensa_vectors.o)
                                          0xd (size before relaxing)
                0x0000000040100020                _NMIExceptionVector
                0x0000000040100030                . = ALIGN (0x10)
 *fill*         0x0000000040100026        0xa 
 *(.KernelExceptionVector.text)
 .KernelExceptionVector.text
                0x0000000040100030        0x6 /home/carlo/.platformio/packages/framework-esp8266-rtos-sdk/lib/libmain.a(xtensa_vectors.o)
                                          0xd (size before relaxing)
                0x0000000040100030                _KernelExceptionVector
                0x0000000040100036        0x4 LONG 0x0
                0x000000004010003a        0x4 LONG 0x0
                0x000000004010003e        0x4 LONG 0x0
                0x0000000040100042        0x4 LONG 0x0
                0x0000000040100050                . = ALIGN (0x10)
 *fill*         0x0000000040100046        0xa 
 *(.UserExceptionVector.text)
 .UserExceptionVector.text
                0x0000000040100050        0x6 /home/carlo/.platformio/packages/framework-esp8266-rtos-sdk/lib/libmain.a(xtensa_vectors.o)
                                          0xd (size before relaxing)
                0x0000000040100050                _UserExceptionVector
                0x0000000040100056        0x4 LONG 0x0
                0x000000004010005a        0x4 LONG 0x0
                0x000000004010005e        0x4 LONG 0x0
                0x0000000040100062        0x4 LONG 0x0
                0x0000000040100070                . = ALIGN (0x10)
 *fill*         0x0000000040100066        0xa 
 *(.DoubleExceptionVector.text)
 .DoubleExceptionVector.text
                0x0000000040100070        0x9 /home/carlo/.platformio/packages/framework-esp8266-rtos-sdk/lib/libmain.a(xtensa_vectors.o)
                                         0x10 (size before relaxing)
                0x0000000040100070                _DoubleExceptionVector
                0x0000000040100079        0x4 LONG 0x0
                0x000000004010007d        0x4 LONG 0x0
                0x0000000040100081        0x4 LONG 0x0
                0x0000000040100085        0x4 LONG 0x0
                0x0000000040100090                . = ALIGN (0x10)
 *fill*         0x0000000040100089        0x7 
 *(.entry.text)
 *(.init.literal)
 *(.init)
 *(.text.gdbstub* .text.gdb_init)
 .text.gdbstub_handle_debug_exception_flash
                0x0000000040100090      0x14f .pio/build/wio_node/lib1d5/libgdbstub.a(gdbstub.o)
                                        0x16b (size before relaxing)
 *fill*         0x00000000401001df        0x1 
 .text.gdbstub_init
                0x00000000401001e0       0x81 .pio/build/wio_node/lib1d5/libgdbstub.a(gdbstub.o)
                                         0x8d (size before relaxing)
                0x00000000401001fc                gdb_init
                0x00000000401001fc                gdbstub_init
 *fill*         0x0000000040100261        0x0 
 *libfreertos.a:(.literal .text .literal.* .text.*)
 *fill*         0x0000000040100261        0x3 
 .text.SoftIsrHdl
                0x0000000040100264       0x55 /home/carlo/.platformio/packages/framework-esp8266-rtos-sdk/lib/libfreertos.a(port.o)
                                         0x61 (size before relaxing)
                0x0000000040100270                SoftIsrHdl
 *fill*         0x00000000401002b9        0x3 
 .text.xPortSysTickHandle
                0x00000000401002bc       0x14 /home/carlo/.platformio/packages/framework-esp8266-rtos-sdk/lib/libfreertos.a(port.o)
                                         0x23 (size before relaxing)
                0x00000000401002bc                xPortSysTickHandle
 *fill*         0x00000000401002d0        0x0 
 .text.vPortEnterCritical
                0x00000000401002d0       0x3b /home/carlo/.platformio/packages/framework-esp8266-rtos-sdk/lib/libfreertos.a(port.o)
                0x00000000401002e0                vPortEnterCritical
 *fill*         0x000000004010030b        0x1 
 .text.vPortExitCritical
                0x000000004010030c       0x65 /home/carlo/.platformio/packages/framework-esp8266-rtos-sdk/lib/libfreertos.a(port.o)
                                         0x81 (size before relaxing)
                0x0000000040100318                vPortExitCritical
 *fill*         0x0000000040100371        0x3 
 .text.PendSV   0x0000000040100374       0x59 /home/carlo/.platformio/packages/framework-esp8266-rtos-sdk/lib/libfreertos.a(port.o)
                                         0x80 (size before relaxing)
                0x0000000040100374                PendSV
 *fill*         0x00000000401003cd        0x3 
 .text.ShowCritical
                0x00000000401003d0       0x2c /home/carlo/.platformio/packages/framework-esp8266-rtos-sdk/lib/libfreertos.a(port.o)
                                         0x38 (size before relaxing)
                0x00000000401003dc                ShowCritical
 .text.vPortETSIntrLock
                0x00000000401003fc       0x36 /home/carlo/.platformio/packages/framework-esp8266-rtos-sdk/lib/libfreertos.a(port.o)
                                         0x3e (size before relaxing)
                0x0000000040100404                vPortETSIntrLock
 *fill*         0x0000000040100432        0x2 
 .text.vPortETSIntrUnlock
                0x0000000040100434       0x2b /home/carlo/.platformio/packages/framework-esp8266-rtos-sdk/lib/libfreertos.a(port.o)
                                         0x37 (size before relaxing)
                0x0000000040100438                vPortETSIntrUnlock
 *fill*         0x000000004010045f        0x1 
 .text.PortDisableInt_NoNest
                0x0000000040100460       0x20 /home/carlo/.platformio/packages/framework-esp8266-rtos-sdk/lib/libfreertos.a(port.o)
                                         0x2c (size before relaxing)
                0x0000000040100460                PortDisableInt_NoNest
 .text._xt_isr_handler
                0x0000000040100480       0x93 /home/carlo/.platformio/packages/framework-esp8266-rtos-sdk/lib/libfreertos.a(port.o)
                                         0x97 (size before relaxing)
                0x0000000040100488                _xt_isr_handler
 *fill*         0x0000000040100513        0x1 
 .text.xTaskIncrementTick
                0x0000000040100514      0x180 /home/carlo/.platformio/packages/framework-esp8266-rtos-sdk/lib/libfreertos.a(tasks.o)
                                        0x190 (size before relaxing)
                0x000000004010053c                xTaskIncrementTick
 .text.vTaskSwitchContext
                0x0000000040100694       0xd2 /home/carlo/.platformio/packages/framework-esp8266-rtos-sdk/lib/libfreertos.a(tasks.o)
                                         0xe6 (size before relaxing)
                0x00000000401006a4                vTaskSwitchContext
 *fill*         0x0000000040100766        0x2 
 .text.vTaskPriorityDisinherit
                0x0000000040100768       0x51 /home/carlo/.platformio/packages/framework-esp8266-rtos-sdk/lib/libfreertos.a(tasks.o)
                                         0x68 (size before relaxing)
                0x0000000040100768                vTaskPriorityDisinherit
 *fill*         0x00000000401007b9        0x3 
 .text.prvInsertBlockIntoFreeList
                0x00000000401007bc       0x46 /home/carlo/.platformio/packages/framework-esp8266-rtos-sdk/lib/libfreertos.a(heap_4.o)
 *fill*         0x0000000040100802        0x2 
 .text.prvInsertBlockIntoUsedList
                0x0000000040100804       0x29 /home/carlo/.platformio/packages/framework-esp8266-rtos-sdk/lib/libfreertos.a(heap_4.o)
                0x000000004010080c                prvInsertBlockIntoUsedList
 *fill*         0x000000004010082d        0x3 
 .text.prvRemoveBlockFromUsedList
                0x0000000040100830       0x2b /home/carlo/.platformio/packages/framework-esp8266-rtos-sdk/lib/libfreertos.a(heap_4.o)
                                         0x33 (size before relaxing)
                0x0000000040100830                prvRemoveBlockFromUsedList
 *fill*         0x000000004010085b        0x1 
 .text.xPortWantedSizeAlign
                0x000000004010085c       0x2c /home/carlo/.platformio/packages/framework-esp8266-rtos-sdk/lib/libfreertos.a(heap_4.o)
                0x0000000040100868                xPortWantedSizeAlign
 .text.pvPortMalloc
                0x0000000040100888      0x179 /home/carlo/.platformio/packages/framework-esp8266-rtos-sdk/lib/libfreertos.a(heap_4.o)
                                        0x1bd (size before relaxing)
                0x00000000401008a0                pvPortMalloc
 *fill*         0x0000000040100a01        0x3 
 .text.vPortFree
                0x0000000040100a04       0x87 /home/carlo/.platformio/packages/framework-esp8266-rtos-sdk/lib/libfreertos.a(heap_4.o)
                                         0xbf (size before relaxing)
                0x0000000040100a08                vPortFree
 *fill*         0x0000000040100a8b        0x1 
 .text.pvPortCalloc
                0x0000000040100a8c       0x37 /home/carlo/.platformio/packages/framework-esp8266-rtos-sdk/lib/libfreertos.a(heap_4.o)
                                         0x3b (size before relaxing)
                0x0000000040100a90                pvPortCalloc
 *fill*         0x0000000040100ac3        0x1 
 .text.pvPortZalloc
                0x0000000040100ac4       0x1b /home/carlo/.platformio/packages/framework-esp8266-rtos-sdk/lib/libfreertos.a(heap_4.o)
                                         0x23 (size before relaxing)
                0x0000000040100ac4                pvPortZalloc
 *fill*         0x0000000040100adf        0x1 
 .text.pvPortRealloc
                0x0000000040100ae0       0x5f /home/carlo/.platformio/packages/framework-esp8266-rtos-sdk/lib/libfreertos.a(heap_4.o)
                                         0x73 (size before relaxing)
                0x0000000040100ae4                pvPortRealloc
 *fill*         0x0000000040100b3f        0x1 
 .text.malloc   0x0000000040100b40       0x1b /home/carlo/.platformio/packages/framework-esp8266-rtos-sdk/lib/libfreertos.a(heap_4.o)
                                         0x1f (size before relaxing)
                0x0000000040100b44                malloc
 *fill*         0x0000000040100b5b        0x1 
 .text.free     0x0000000040100b5c       0x17 /home/carlo/.platformio/packages/framework-esp8266-rtos-sdk/lib/libfreertos.a(heap_4.o)
                                         0x1f (size before relaxing)
                0x0000000040100b5c                free
 *fill*         0x0000000040100b73        0x1 
 .text.zalloc   0x0000000040100b74       0x17 /home/carlo/.platformio/packages/framework-esp8266-rtos-sdk/lib/libfreertos.a(heap_4.o)
                                         0x1f (size before relaxing)
                0x0000000040100b74                zalloc
 *fill*         0x0000000040100b8b        0x1 
 .text.calloc   0x0000000040100b8c       0x17 /home/carlo/.platformio/packages/framework-esp8266-rtos-sdk/lib/libfreertos.a(heap_4.o)
                                         0x1f (size before relaxing)
                0x0000000040100b8c                calloc
 *fill*         0x0000000040100ba3        0x1 
 .text.realloc  0x0000000040100ba4       0x17 /home/carlo/.platformio/packages/framework-esp8266-rtos-sdk/lib/libfreertos.a(heap_4.o)
                                         0x1f (size before relaxing)
                0x0000000040100ba4                realloc
 *fill*         0x0000000040100bbb        0x1 
 .text.prvCopyDataToQueue
                0x0000000040100bbc       0x8f /home/carlo/.platformio/packages/framework-esp8266-rtos-sdk/lib/libfreertos.a(queue.o)
                                         0x9f (size before relaxing)
 *fill*         0x0000000040100c4b        0x1 
 .text.prvCopyDataFromQueue
                0x0000000040100c4c       0x2c /home/carlo/.platformio/packages/framework-esp8266-rtos-sdk/lib/libfreertos.a(queue.o)
                                         0x30 (size before relaxing)
 *fill*         0x0000000040100c78        0x0 
 *fill*         0x0000000040100c78        0x0 
 *fill*         0x0000000040100c78        0x0 
 *fill*         0x0000000040100c78        0x0 
 *fill*         0x0000000040100c78        0x0 
 *fill*         0x0000000040100c78        0x0 
 *fill*         0x0000000040100c78        0x0 
 *fill*         0x0000000040100c78        0x0 
 *fill*         0x0000000040100c78        0x0 
 *fill*         0x0000000040100c78        0x0 
 *fill*         0x0000000040100c78        0x0 
 *fill*         0x0000000040100c78        0x0 
 *fill*         0x0000000040100c78        0x0 
 *fill*         0x0000000040100c78        0x0 
 *fill*         0x0000000040100c78        0x0 
 *fill*         0x0000000040100c78        0x0 
 *fill*         0x0000000040100c78        0x0 
 *fill*         0x0000000040100c78        0x0 
 *fill*         0x0000000040100c78        0x0 
 *fill*         0x0000000040100c78        0x0 
 *fill*         0x0000000040100c78        0x0 
 *fill*         0x0000000040100c78        0x0 
 .text.vListInsertEnd
                0x0000000040100c78       0x18 /home/carlo/.platformio/packages/framework-esp8266-rtos-sdk/lib/libfreertos.a(list.o)
                0x0000000040100c78                vListInsertEnd
 .text.uxListRemove
                0x0000000040100c90       0x20 /home/carlo/.platformio/packages/framework-esp8266-rtos-sdk/lib/libfreertos.a(list.o)
                0x0000000040100c90                uxListRemove
 *fill*         0x0000000040100cb0        0x0 
 .text.uxQueueMessagesWaitingFromISR
                0x0000000040100cb0        0x7 /home/carlo/.platformio/packages/framework-esp8266-rtos-sdk/lib/libfreertos.a(queue.o)
                0x0000000040100cb0                uxQueueMessagesWaitingFromISR
 *(.literal .text .stub .gnu.warning .gnu.linkonce.literal.* .gnu.linkonce.t.*.literal .gnu.linkonce.t.*)
 *fill*         0x0000000040100cb7        0x1 
 .text          0x0000000040100cb8       0xf3 .pio/build/wio_node/lib1d5/libgdbstub.a(gdbstub.o)
                                        0x117 (size before relaxing)
                0x0000000040100cb8                gdbstub_handle_debug_exception
                0x0000000040100cd0                gdbstub_handle_user_exception
                0x0000000040100d08                gdbstub_handle_uart_int
                0x0000000040100d9c                gdb_do_break
 *fill*         0x0000000040100dab        0x1 
 .text          0x0000000040100dac      0x614 /home/carlo/.platformio/packages/framework-esp8266-rtos-sdk/lib/libmain.a(app_main.o)
                                        0x698 (size before relaxing)
                0x0000000040100db4                Cache_Read_Enable_New
                0x0000000040100e0c                esp_crc8
                0x0000000040101008                user_fatal_exception_handler
                0x00000000401010e0                do_global_ctors
                0x0000000040101178                user_start
 .text          0x00000000401013c0      0x526 /home/carlo/.platformio/packages/framework-esp8266-rtos-sdk/lib/libmain.a(printf-stdarg.o)
                                        0x54e (size before relaxing)
                0x00000000401013c0                putchar
                0x0000000040101578                print
                0x00000000401017ec                printf
                0x00000000401017ec                ets_printf
                0x00000000401018d0                puts
 *fill*         0x00000000401018e6        0x2 
 .text          0x00000000401018e8      0xd2d /home/carlo/.platformio/packages/framework-esp8266-rtos-sdk/lib/libmain.a(spi_flash.o)
                                        0xed9 (size before relaxing)
                0x00000000401018ec                SPIWrite
                0x00000000401019c8                SPIRead
                0x00000000401019f8                SPIEraseSector
                0x0000000040101a40                Cache_Read_Disable_2
                0x0000000040101a80                Cache_Read_Enable_2
                0x0000000040101ad0                spi_flash_get_unique_id
                0x0000000040101c3c                spi_flash_get_id
                0x0000000040101cac                spi_flash_read_status
                0x0000000040101cec                spi_flash_write_status
                0x0000000040101d80                flash_gd25q32c_write_status
                0x0000000040101ed8                spi_flash_erase_sector
                0x0000000040101f3c                spi_flash_enable_qmode
                0x0000000040101f64                spi_flash_write
                0x0000000040101fd0                spi_flash_read
                0x0000000040102054                spi_flash_issi_enable_QIO_mode
                0x000000004010209c                flash_gd25q32c_enable_QIO_mode
                0x00000000401020dc                special_flash_read_status
                0x0000000040102114                special_flash_write_status
                0x0000000040102164                special_flash_set_mode
                0x0000000040102198                en25q16x_write_volatile_status
                0x00000000401021e4                en25q16x_read_sfdp
                0x0000000040102254                spi_user_cmd
 *fill*         0x0000000040102615        0x3 
 .text          0x0000000040102618      0x2c6 /home/carlo/.platformio/packages/framework-esp8266-rtos-sdk/lib/libmain.a(user_interface.o)
                                        0x336 (size before relaxing)
                0x0000000040102648                system_restart_in_nmi
                0x00000000401027ec                wifi_set_user_rate_limit
                0x0000000040102830                system_rtc_mem_write
                0x0000000040102888                system_rtc_mem_read
 *fill*         0x00000000401028de        0x2 
 .text          0x00000000401028e0      0x187 /home/carlo/.platformio/packages/framework-esp8266-rtos-sdk/lib/libmain.a(os_cpu_a.o)
                                        0x1bf (size before relaxing)
                0x00000000401028e4                vPortYield
                0x000000004010291c                _xt_int_enter
                0x0000000040102934                _xt_int_exit
                0x000000004010295c                _xt_timer_int
                0x0000000040102990                _xt_timer_int1
                0x00000000401029ac                _xt_tick_timer_init
                0x00000000401029d0                _xt_update_xt_ccompare
                0x00000000401029ec                _xt_set_xt_ccompare_val
                0x0000000040102a04                _xt_isr_unmask
                0x0000000040102a24                _xt_isr_mask
                0x0000000040102a48                _xt_read_ints
                0x0000000040102a58                _xt_clear_ints
 *fill*         0x0000000040102a67        0x1 
 .text          0x0000000040102a68      0x372 /home/carlo/.platformio/packages/framework-esp8266-rtos-sdk/lib/libmain.a(xtensa_vectors.o)
                                        0x3a6 (size before relaxing)
                0x0000000040102ca8                _xt_user_exit
 *fill*         0x0000000040102dda        0x2 
 .text          0x0000000040102ddc       0x4a /home/carlo/.platformio/packages/framework-esp8266-rtos-sdk/lib/libnet80211.a(ieee80211_output.o)
                                         0x4e (size before relaxing)
 *fill*         0x0000000040102e26        0x2 
 .text          0x0000000040102e28        0xb /home/carlo/.platformio/packages/framework-esp8266-rtos-sdk/lib/libnet80211.a(wl_chm.o)
                0x0000000040102e2c                chm_get_current_channel
 *fill*         0x0000000040102e33        0x1 
 .text          0x0000000040102e34       0x53 /home/carlo/.platformio/packages/framework-esp8266-rtos-sdk/lib/libphy.a(phy.o)
                                         0x5f (size before relaxing)
                0x0000000040102e3c                register_phy_ops
                0x0000000040102e5c                register_get_phy_addr
                0x0000000040102e64                phy_change_channel
                0x0000000040102e7c                phy_get_mactime
 *fill*         0x0000000040102e87        0x1 
 .text          0x0000000040102e88      0x25e /home/carlo/.platformio/packages/framework-esp8266-rtos-sdk/lib/libphy.a(phy_chip_v6_ana.o)
                                        0x276 (size before relaxing)
                0x0000000040102ea4                phy_adc_read_fast
 *fill*         0x00000000401030e6        0x2 
 .text          0x00000000401030e8      0x26b /home/carlo/.platformio/packages/framework-esp8266-rtos-sdk/lib/libphy.a(phy_chip_v6_cal.o)
                                        0x27f (size before relaxing)
                0x00000000401030f4                tx_pwr_backoff_old
                0x0000000040103244                unsign_to_sign
                0x0000000040103280                phy_get_bb_freqoffset
                0x00000000401032f4                phy_get_bb_evm
 *fill*         0x0000000040103353        0x1 
 .text          0x0000000040103354      0x24f /home/carlo/.platformio/packages/framework-esp8266-rtos-sdk/lib/libphy.a(phy_sleep.o)
                                        0x287 (size before relaxing)
                0x0000000040103354                pm_rtc_clock_cali
                0x0000000040103428                pm_goto_sleep
                0x0000000040103578                clockgate_watchdog
 *fill*         0x00000000401035a3        0x1 
 .text          0x00000000401035a4       0x7c /home/carlo/.platformio/packages/framework-esp8266-rtos-sdk/lib/libpp.a(esf_buf.o)
                                         0xa8 (size before relaxing)
                0x00000000401035a8                esf_rx_buf_alloc
 .text          0x0000000040103620     0x1688 /home/carlo/.platformio/packages/framework-esp8266-rtos-sdk/lib/libpp.a(lmac.o)
                                       0x1a3c (size before relaxing)
                0x0000000040103624                lmacIsActive
                0x0000000040103638                lmacIsIdle
                0x0000000040103ab4                lmacSetAcParam
                0x0000000040103b38                lmacProcessTXStartData
                0x0000000040103ce0                lmacProcessTxSuccess
                0x0000000040103e24                GetAccess
                0x0000000040103e30                lmacDiscardAgedMSDU
                0x0000000040103e44                lmacRecycleMPDU
                0x0000000040104448                lmacProcessTxTimeout
                0x00000000401044b0                lmacProcessAllTxTimeout
                0x00000000401044c8                lmacProcessCollisions
                0x0000000040104528                lmacProcessCollision
                0x0000000040104598                lmacMSDUAged
                0x0000000040104928                lmacProcessCtsTimeout
                0x0000000040104960                lmacProcessAckTimeout
                0x00000000401049c0                lmacProcessRtsStart
                0x00000000401049cc                lmacProcessTxRtsError
                0x0000000040104a68                lmacProcessTxError
                0x0000000040104af4                lmacTxFrame
                0x0000000040104c90                lmacRxDone
 .text          0x0000000040104ca8      0xced /home/carlo/.platformio/packages/framework-esp8266-rtos-sdk/lib/libpp.a(pp.o)
                                        0xf89 (size before relaxing)
                0x0000000040104e60                ppProcessTxQ
                0x0000000040104f20                ppFetchTxQFirstAvail
                0x0000000040104f84                ppDequeueTxQ
                0x0000000040104fd0                ppRollBackTxQ
                0x0000000040105014                ppRecordBarRRC
                0x0000000040105024                ppTxqUpdateBitmap
                0x000000004010504c                ppEnqueueTxDone
                0x0000000040105090                ppEnqueueRxq
                0x0000000040105628                ppDiscardMPDU
                0x0000000040105658                MacIsrSigPostDefHdl
                0x0000000040105738                pp_post
                0x0000000040105864                ppCalTxop
                0x0000000040105928                ppCalFrameTimes
 *fill*         0x0000000040105995        0x3 
 .text          0x0000000040105998       0xf5 /home/carlo/.platformio/packages/framework-esp8266-rtos-sdk/lib/libpp.a(rate_control.o)
                                        0x109 (size before relaxing)
                0x00000000401059b8                RC_GetAckRate
                0x00000000401059c4                RC_GetRtsRate
                0x00000000401059d4                RC_GetAckTime
                0x00000000401059e8                RC_GetCtsTime
                0x0000000040105a20                RC_GetBlockAckTime
 *fill*         0x0000000040105a8d        0x3 
 .text          0x0000000040105a90      0x999 /home/carlo/.platformio/packages/framework-esp8266-rtos-sdk/lib/libpp.a(trc.o)
                                        0xa05 (size before relaxing)
                0x0000000040105c5c                rcUpdateTxDone
                0x0000000040105cf0                rcUpdateRxDone
                0x0000000040105d4c                rcUpdateDataRxDone
                0x0000000040105d68                rcGetSched
                0x0000000040105e4c                rcGetRate
                0x000000004010635c                rcReachRetryLimit
                0x0000000040106374                trc_NeedRTS
 *fill*         0x0000000040106429        0x3 
 .text          0x000000004010642c     0x1384 /home/carlo/.platformio/packages/framework-esp8266-rtos-sdk/lib/libpp.a(wdev.o)
                                       0x1728 (size before relaxing)
                0x0000000040106898                wDev_MacTimSetFunc
                0x00000000401068bc                wDev_MacTimArm
                0x000000004010694c                wDev_MacTim1Arm
                0x0000000040106a0c                wDev_ProcessFiq
                0x0000000040106d84                wDev_EnableTransmit
                0x0000000040106dbc                wDev_DisableTransmit
                0x0000000040106ddc                Tx_Copy2Queue
                0x0000000040106e20                wDev_ProcessCollision
                0x0000000040106e44                wDev_GetTxqCollisions
                0x0000000040106e54                wDev_ClearTxqCollisions
                0x0000000040106e6c                wDev_SetWaitingQueue
                0x0000000040106eb4                wDev_ClearWaitingQueue
                0x0000000040106ed8                wDev_SetFrameAckType
                0x0000000040106f3c                wDev_AppendRxBlocks
                0x00000000401070c0                wDev_AppendRxAmpduLensBlocks
                0x00000000401071cc                wDev_Get_KeyEntry
                0x000000004010723c                wDev_GetBAInfo
 .literal       0x00000000401077b0        0x4 /home/carlo/.platformio/packages/framework-esp8266-rtos-sdk/lib/libgcc.a(_mulsf3.o)
                                         0x10 (size before relaxing)
 .literal       0x00000000401077b4        0x0 /home/carlo/.platformio/packages/framework-esp8266-rtos-sdk/lib/libgcc.a(_divsf3.o)
                                         0x10 (size before relaxing)
 .literal       0x00000000401077b4        0x0 /home/carlo/.platformio/packages/framework-esp8266-rtos-sdk/lib/libgcc.a(_fixsfsi.o)
                                          0x4 (size before relaxing)
 .literal       0x00000000401077b4        0x4 /home/carlo/.platformio/packages/framework-esp8266-rtos-sdk/lib/libgcc.a(_cmpdf2.o)
                                         0x18 (size before relaxing)
 .text          0x00000000401077b8      0x15d /home/carlo/.platformio/packages/framework-esp8266-rtos-sdk/lib/libgcc.a(_mulsf3.o)
                0x0000000040107830                __mulsf3
 *fill*         0x0000000040107915        0x3 
 .text          0x0000000040107918      0x135 /home/carlo/.platformio/packages/framework-esp8266-rtos-sdk/lib/libgcc.a(_divsf3.o)
                0x0000000040107994                __divsf3
 *fill*         0x0000000040107a4d        0x3 
 .text          0x0000000040107a50       0x40 /home/carlo/.platformio/packages/framework-esp8266-rtos-sdk/lib/libgcc.a(_fixsfsi.o)
                0x0000000040107a50                __fixsfsi
 .text          0x0000000040107a90      0x169 /home/carlo/.platformio/packages/framework-esp8266-rtos-sdk/lib/libgcc.a(_cmpdf2.o)
                0x0000000040107a90                __eqdf2
                0x0000000040107a90                __nedf2
                0x0000000040107ac0                __gtdf2
                0x0000000040107ae4                __ledf2
                0x0000000040107b48                __gedf2
                0x0000000040107b6c                __ltdf2
                0x0000000040107bd0                __unorddf2
 *fill*         0x0000000040107bf9        0x3 
 .text          0x0000000040107bfc       0x58 /home/carlo/.platformio/packages/framework-esp8266-rtos-sdk/lib/libmain.a(libc.o)
                                         0x68 (size before relaxing)
                0x0000000040107bfc                _malloc_r
                0x0000000040107c10                _realloc_r
                0x0000000040107c28                _calloc_r
                0x0000000040107c40                _free_r
 *fill*         0x0000000040107c54        0x0 
 *fill*         0x0000000040107c54        0x0 
 .text          0x0000000040107c54        0x5 /home/carlo/.platformio/packages/framework-esp8266-rtos-sdk/lib/libhal.a(int_asm--set_intset.o)
                0x0000000040107c54                xthal_set_intset
 *fill*         0x0000000040107c59        0x0 
 *fill*         0x0000000040107c59        0x0 
 *fill*         0x0000000040107c59        0x0 
 *fill*         0x0000000040107c59        0x0 
 *fill*         0x0000000040107c59        0x3 
 .text          0x0000000040107c5c       0x3d /home/carlo/.platformio/packages/framework-esp8266-rtos-sdk/lib/libmain.a(xtensa_context.o)
                0x0000000040107c5c                _xt_context_save
                0x0000000040107c78                _xt_context_restore
 *fill*         0x0000000040107c99        0x0 
 *fill*         0x0000000040107c99        0x3 
 .text          0x0000000040107c9c       0x25 /home/carlo/.platformio/packages/framework-esp8266-rtos-sdk/lib/libnet80211.a(ieee80211_hostap.o)
 *fill*         0x0000000040107cc1        0x0 
 *fill*         0x0000000040107cc1        0x0 
 *fill*         0x0000000040107cc1        0x0 
 *fill*         0x0000000040107cc1        0x0 
 *fill*         0x0000000040107cc1        0x0 
 *fill*         0x0000000040107cc1        0x0 
 *fill*         0x0000000040107cc1        0x0 
 *fill*         0x0000000040107cc1        0x0 
 *fill*         0x0000000040107cc1        0x0 
 *fill*         0x0000000040107cc1        0x3 
 .text          0x0000000040107cc4       0x49 /home/carlo/.platformio/packages/framework-esp8266-rtos-sdk/lib/libgcc.a(_modsi3.o)
                0x0000000040107cc4                __modsi3
 *fill*         0x0000000040107d0d        0x3 
 .text          0x0000000040107d10       0x18 /home/carlo/.platformio/packages/framework-esp8266-rtos-sdk/lib/libgcc.a(_ashrdi3.o)
                0x0000000040107d10                __ashrdi3
 *fill*         0x0000000040107d28        0x0 
 *fill*         0x0000000040107d28        0x0 
 *fill*         0x0000000040107d28        0x0 
 .text          0x0000000040107d28       0x20 /home/carlo/.platformio/packages/framework-esp8266-rtos-sdk/lib/libhal.a(clock.o)
                0x0000000040107d28                xthal_get_ccount
                0x0000000040107d30                xthal_set_ccompare
                0x0000000040107d3c                xthal_get_ccompare
 *(.fini.literal)
 *(.fini)
 *(.gnu.version)
                0x0000000040107d48                _text_end = ABSOLUTE (.)
                0x0000000040107d48                _etext = .

.irom0.text     0x0000000040220000    0x3c7d6
                0x0000000040220000                _irom0_text_start = ABSOLUTE (.)
 *libuser.a:(.rodata.* .rodata)
 *libcirom.a:(.rodata.* .rodata)
 .rodata.str1.1
                0x0000000040220000       0x34 /home/carlo/.platformio/packages/framework-esp8266-rtos-sdk/lib/libcirom.a(lib_a-svfprintf.o)
 .rodata        0x0000000040220034       0x20 /home/carlo/.platformio/packages/framework-esp8266-rtos-sdk/lib/libcirom.a(lib_a-svfprintf.o)
 .rodata.str1.1
                0x0000000040220054        0xd /home/carlo/.platformio/packages/framework-esp8266-rtos-sdk/lib/libcirom.a(lib_a-dtoa.o)
                                          0xf (size before relaxing)
 .rodata.str1.1
                0x0000000040220061        0x2 /home/carlo/.platformio/packages/framework-esp8266-rtos-sdk/lib/libcirom.a(lib_a-impure.o)
 .rodata.str1.1
                0x0000000040220063        0x8 /home/carlo/.platformio/packages/framework-esp8266-rtos-sdk/lib/libcirom.a(lib_a-locale.o)
                                          0xb (size before relaxing)
 *fill*         0x000000004022006b        0x5 
 .rodata        0x0000000040220070      0x128 /home/carlo/.platformio/packages/framework-esp8266-rtos-sdk/lib/libcirom.a(lib_a-mprec.o)
                0x0000000040220080                __mprec_tinytens
                0x00000000402200a8                __mprec_bigtens
                0x00000000402200d0                __mprec_tens
 .rodata.str1.1
                0x0000000000000000       0x22 /home/carlo/.platformio/packages/framework-esp8266-rtos-sdk/lib/libcirom.a(lib_a-svfiprintf.o)
 .rodata        0x0000000040220198       0x20 /home/carlo/.platformio/packages/framework-esp8266-rtos-sdk/lib/libcirom.a(lib_a-svfiprintf.o)
 *libmbedtls.a:(.rodata.* .rodata)
 *libssl.a:(.rodata.* .rodata)
 *libopenssl.a:(.rodata.* .rodata)
 *libplatforms.a:(.rodata.* .rodata)
 *(.irom0.literal .irom.literal .irom.text.literal .irom0.text .irom.text)
 .irom0.literal
                0x00000000402201b8        0xc .pio/build/wio_node/lib1d5/libgdbstub.a(gdbstub-entry.o)
 .irom0.literal
                0x00000000402201c4        0x8 /home/carlo/.platformio/packages/framework-esp8266-rtos-sdk/lib/libcirom.a(lib_a-sprintf.o)
                                         0x14 (size before relaxing)
 .irom0.literal
                0x00000000402201cc        0x0 /home/carlo/.platformio/packages/framework-esp8266-rtos-sdk/lib/libcirom.a(lib_a-strrchr.o)
                                          0x8 (size before relaxing)
 .irom0.literal
                0x00000000402201cc       0x4c /home/carlo/.platformio/packages/framework-esp8266-rtos-sdk/lib/libcirom.a(lib_a-svfprintf.o)
                                         0xf0 (size before relaxing)
 .irom0.literal
                0x0000000040220218       0x84 /home/carlo/.platformio/packages/framework-esp8266-rtos-sdk/lib/libcirom.a(lib_a-dtoa.o)
                                        0x210 (size before relaxing)
 .irom0.literal
                0x000000004022029c       0x20 /home/carlo/.platformio/packages/framework-esp8266-rtos-sdk/lib/libcirom.a(lib_a-locale.o)
                                         0x30 (size before relaxing)
 .irom0.literal
                0x00000000402202bc       0x2c /home/carlo/.platformio/packages/framework-esp8266-rtos-sdk/lib/libcirom.a(lib_a-mprec.o)
                                         0x68 (size before relaxing)
 .irom0.literal
                0x00000000402202e8        0xc /home/carlo/.platformio/packages/framework-esp8266-rtos-sdk/lib/libcirom.a(lib_a-s_fpclassify.o)
                                         0x18 (size before relaxing)
 .irom0.literal
                0x00000000402202f4       0x1c /home/carlo/.platformio/packages/framework-esp8266-rtos-sdk/lib/libcirom.a(lib_a-svfiprintf.o)
                                         0x38 (size before relaxing)
 .irom0.text    0x0000000040220310       0x14 .pio/build/wio_node/lib1d5/libgdbstub.a(gdbstub-entry.o)
                0x0000000040220310                gdbstub_init_debug_entry
 .irom0.text    0x0000000040220324       0x9f /home/carlo/.platformio/packages/framework-esp8266-rtos-sdk/lib/libfreertos.a(port.o)
                                         0xa3 (size before relaxing)
                0x0000000040220328                pxPortInitialiseStack
                0x0000000040220370                xPortStartScheduler
                0x00000000402203a8                vPortEndScheduler
                0x00000000402203ac                ResetCcountVal
                0x00000000402203b4                _xt_isr_attach
 *fill*         0x00000000402203c3        0x1 
 .irom0.text    0x00000000402203c4      0xc38 /home/carlo/.platformio/packages/framework-esp8266-rtos-sdk/lib/libfreertos.a(tasks.o)
                                        0xeac (size before relaxing)
                0x0000000040220498                xTaskGenericCreate
                0x0000000040220670                vTaskDelete
                0x00000000402206f8                uxTaskPriorityGet
                0x0000000040220728                vTaskPrioritySet
                0x00000000402207fc                xTaskIsTaskSuspended
                0x0000000040220820                vTaskResume
                0x00000000402208a4                xTaskResumeFromISR
                0x0000000040220938                vTaskStartScheduler
                0x00000000402209a0                vTaskEndScheduler
                0x00000000402209c0                vTaskSuspendAll
                0x00000000402209d4                prvGetExpectedIdleTime
                0x0000000040220a00                xTaskGetTickCount
                0x0000000040220a28                xTaskGetTickCountFromISR
                0x0000000040220a34                uxTaskGetNumberOfTasks
                0x0000000040220a40                xTaskGetIdleTaskHandle
                0x0000000040220a48                vTaskStepTick
                0x0000000040220a68                xTaskResumeAll
                0x0000000040220b68                vTaskDelayUntil
                0x0000000040220bd8                vTaskDelay
                0x0000000040220cc8                vTaskSuspend
                0x0000000040220d5c                vTaskPlaceOnEventList
                0x0000000040220db4                vTaskPlaceOnEventListRestricted
                0x0000000040220df8                xTaskRemoveFromEventList
                0x0000000040220e74                vTaskSetTimeOutState
                0x0000000040220e8c                xTaskCheckForTimeOut
                0x0000000040220eec                vTaskMissedYield
                0x0000000040220ef8                eTaskConfirmSleepModeStatus
                0x0000000040220f14                uxTaskGetStackHighWaterMark
                0x0000000040220f3c                xTaskGetCurrentTaskHandle
                0x0000000040220f48                xTaskGetSchedulerState
                0x0000000040220f68                vTaskPriorityInherit
 .irom0.text    0x0000000040220ffc      0x3c4 /home/carlo/.platformio/packages/framework-esp8266-rtos-sdk/lib/libfreertos.a(timers.o)
                                        0x48c (size before relaxing)
                0x00000000402210b8                xTimerCreateTimerTask
                0x0000000040221110                xTimerCreate
                0x000000004022116c                xTimerGenericCommand
                0x0000000040221388                xTimerGetTimerDaemonTaskHandle
                0x0000000040221390                xTimerIsTimerActive
                0x00000000402213bc                pvTimerGetTimerID
 .irom0.text    0x00000000402213c0       0x12 /home/carlo/.platformio/packages/framework-esp8266-rtos-sdk/lib/libfreertos.a(heap_4.o)
                0x00000000402213c0                check_memleak_debug_enable
                0x00000000402213c8                xPortGetFreeHeapSize
                0x00000000402213d0                vPortInitialiseBlocks
 *fill*         0x00000000402213d2        0x2 
 .irom0.text    0x00000000402213d4      0x722 /home/carlo/.platformio/packages/framework-esp8266-rtos-sdk/lib/libfreertos.a(queue.o)
                                        0x886 (size before relaxing)
                0x0000000040221470                xQueueGenericReset
                0x00000000402214f8                xQueueGenericCreate
                0x000000004022156c                xQueueCreateCountingSemaphore
                0x0000000040221594                xQueueGenericSend
                0x00000000402216bc                xQueueCreateMutex
                0x0000000040221724                xQueueGiveMutexRecursive
                0x0000000040221760                xQueueGenericSendFromISR
                0x00000000402217cc                xQueueGenericReceive
                0x0000000040221934                xQueueTakeMutexRecursive
                0x0000000040221978                xQueueReceiveFromISR
                0x00000000402219e4                xQueuePeekFromISR
                0x0000000040221a14                uxQueueMessagesWaiting
                0x0000000040221a44                vQueueDelete
                0x0000000040221a74                xQueueIsQueueEmptyFromISR
                0x0000000040221a84                xQueueIsQueueFullFromISR
                0x0000000040221a98                vQueueWaitForMessageRestricted
 *fill*         0x0000000040221af6        0x2 
 .irom0.text    0x0000000040221af8      0xb76 /home/carlo/.platformio/packages/framework-esp8266-rtos-sdk/lib/libmain.a(app_main.o)
                                        0xd9e (size before relaxing)
                0x0000000040221cec                user_uart_wait_tx_fifo_empty
                0x0000000040221e28                uart_rx_one_char
                0x0000000040221e4c                wdt_init
                0x0000000040221ed0                user_init_task
                0x0000000040221f3c                wifi_set_backup_mac
                0x0000000040221f40                user_rf_pre_init
                0x0000000040221f44                system_phy_freq_trace_enable
                0x0000000040221f58                flash_data_check
                0x000000004022261c                vApplicationStackOverflowHook
                0x0000000040222650                vApplicationTickHook
 *fill*         0x000000004022266e        0x2 
 .irom0.text    0x0000000040222670      0x4af /home/carlo/.platformio/packages/framework-esp8266-rtos-sdk/lib/libmain.a(ets_timer.o)
                                        0x593 (size before relaxing)
                0x000000004022272c                ets_timer_setfn
                0x000000004022272c                os_timer_setfn
                0x0000000040222800                os_timer_disarm
                0x0000000040222800                ets_timer_disarm
                0x0000000040222870                ets_timer_arm_ms_us
                0x0000000040222934                ets_timer_arm_us
                0x0000000040222934                os_timer_arm_us
                0x0000000040222948                ets_timer_arm
                0x0000000040222948                os_timer_arm
                0x000000004022295c                ets_timer_done
                0x0000000040222988                ets_timer_handler_isr
                0x0000000040222aa8                ets_timer_init
 *fill*         0x0000000040222b1f        0x1 
 .irom0.text    0x0000000040222b20       0xf7 /home/carlo/.platformio/packages/framework-esp8266-rtos-sdk/lib/libmain.a(misc.o)
                                        0x10b (size before relaxing)
                0x0000000040222b28                os_delay_us
                0x0000000040222b28                ets_delay_us
                0x0000000040222b5c                os_update_cpu_frequency
                0x0000000040222b5c                ets_update_cpu_frequency
                0x0000000040222b64                os_get_cpu_frequency
                0x0000000040222b70                os_install_putc1
                0x0000000040222b78                os_putc
                0x0000000040222b90                gpio_output_set
                0x0000000040222bb4                rtc_get_reset_reason
                0x0000000040222bfc                bit_popcount
 *fill*         0x0000000040222c17        0x1 
 .irom0.text    0x0000000040222c18       0x46 /home/carlo/.platformio/packages/framework-esp8266-rtos-sdk/lib/libmain.a(uart.o)
                                         0x4e (size before relaxing)
                0x0000000040222c18                uart_buff_switch
                0x0000000040222c24                uart_div_modify
                0x0000000040222c5c                Uart_Init
 *fill*         0x0000000040222c5e        0x2 
 .irom0.text    0x0000000040222c60     0x3a2c /home/carlo/.platformio/packages/framework-esp8266-rtos-sdk/lib/libmain.a(user_interface.o)
                                       0x4674 (size before relaxing)
                0x0000000040222e4c                system_pp_recycle_rx_pkt
                0x0000000040222e64                system_adc_read
                0x0000000040222ea4                system_adc_read_fast
                0x0000000040222f04                system_get_vdd33
                0x0000000040222f34                system_restart
                0x0000000040222f8c                system_restore
                0x0000000040222ff0                system_get_flash_size_map
                0x0000000040223010                system_get_boot_version
                0x0000000040223048                system_get_test_result
                0x0000000040223070                system_get_userbin_addr
                0x0000000040223108                system_get_boot_mode
                0x0000000040223138                system_restart_enhance
                0x0000000040223264                system_upgrade_userbin_set
                0x00000000402232b0                system_upgrade_userbin_check
                0x00000000402232ec                system_upgrade_flag_set
                0x0000000040223300                system_upgrade_flag_check
                0x000000004022330c                spi_flash_erase_protect_enable
                0x0000000040223334                spi_flash_erase_protect_disable
                0x0000000040223344                spi_flash_erase_sector_check
                0x00000000402233d0                system_get_current_sumlength
                0x0000000040223448                get_irom0_bin_len
                0x00000000402234b0                get_flash_bin_len
                0x0000000040223780                system_upgrade_reboot
                0x00000000402238a4                system_deep_sleep_instant
                0x0000000040223a3c                system_deep_sleep
                0x0000000040223a74                system_deep_sleep_set_option
                0x0000000040223a90                system_phy_temperature_alert
                0x0000000040223aa4                system_phy_set_max_tpw
                0x0000000040223ab8                system_phy_set_tpw_via_vdd33
                0x0000000040223acc                system_phy_set_rfoption
                0x0000000040223ae0                system_update_cpu_freq
                0x0000000040223b38                system_get_cpu_freq
                0x0000000040223b50                system_overclock
                0x0000000040223b7c                system_restoreclock
                0x0000000040223bb0                system_get_time
                0x0000000040223bc4                system_relative_time
                0x0000000040223be0                system_station_got_ip_set
                0x0000000040223d08                system_print_meminfo
                0x0000000040223d68                system_get_free_heap_size
                0x0000000040223d80                system_get_chip_id
                0x0000000040223dc0                system_rtc_clock_cali_proc
                0x0000000040223dd4                system_get_rtc_time
                0x0000000040223de0                system_get_rst_info
                0x0000000040223de8                system_get_data_of_array_8
                0x0000000040223e0c                system_get_data_of_array_16
                0x0000000040223e34                system_get_string_from_flash
                0x0000000040223ea0                wifi_get_netif
                0x0000000040223ebc                wifi_softap_dhcps_start
                0x0000000040223f18                wifi_softap_dhcps_stop
                0x0000000040223f6c                wifi_softap_dhcps_status
                0x0000000040223f74                wifi_station_dhcpc_start
                0x0000000040223fe4                wifi_station_dhcpc_stop
                0x000000004022403c                wifi_station_dhcpc_event
                0x000000004022409c                wifi_station_dhcpc_set_maxtry
                0x00000000402240ac                wifi_station_dhcpc_status
                0x0000000040224130                wifi_get_opmode
                0x0000000040224144                wifi_get_opmode_default
                0x0000000040224294                wifi_set_opmode
                0x00000000402242a8                wifi_set_opmode_current
                0x00000000402242bc                system_get_checksum
                0x0000000040224300                wifi_param_save_protect_with_check
                0x00000000402243d4                system_param_save_with_protect
                0x0000000040224484                system_save_sys_param
                0x00000000402244ac                system_param_load
                0x00000000402245e8                wifi_station_get_config
                0x00000000402245fc                wifi_station_get_config_default
                0x000000004022461c                wifi_station_get_ap_info
                0x00000000402246e4                wifi_station_ap_number_set
                0x00000000402249ec                wifi_station_set_config
                0x0000000040224a00                wifi_station_set_config_current
                0x0000000040224a14                wifi_station_get_current_ap_id
                0x0000000040224a28                wifi_station_ap_check
                0x0000000040224a60                wifi_station_ap_change
                0x0000000040224b84                wifi_station_scan
                0x0000000040224be4                wifi_station_get_auto_connect
                0x0000000040224bf8                wifi_station_set_auto_connect
                0x0000000040224c44                wifi_station_connect
                0x0000000040224cf4                wifi_station_disconnect
                0x0000000040224dd8                wifi_station_recon_stop_dhcp
                0x0000000040224e00                wifi_station_get_connect_status
                0x0000000040224e30                wifi_station_set_reconnect_policy
                0x0000000040224e58                wifi_station_get_reconnect_policy
                0x0000000040224e60                wifi_station_get_rssi
                0x0000000040224eb0                wifi_station_set_default_hostname
                0x0000000040224f18                wifi_station_get_hostname
                0x0000000040224f48                wifi_station_set_hostname
                0x0000000040224fe4                wifi_softap_cacl_mac
                0x0000000040225054                wifi_softap_set_default_ssid
                0x0000000040225248                wifi_softap_get_config
                0x000000004022525c                wifi_softap_get_config_default
                0x00000000402254e8                wifi_softap_set_config
                0x00000000402254fc                wifi_softap_set_config_current
                0x0000000040225510                wifi_softap_set_station_info
                0x000000004022558c                wifi_softap_get_station_info
                0x0000000040225658                wifi_softap_free_station_info
                0x00000000402256ac                wifi_softap_get_station_num
                0x00000000402256fc                wifi_softap_deauth
                0x0000000040225808                wifi_register_user_ie_manufacturer_recv_cb
                0x000000004022581c                wifi_unregister_user_ie_manufacturer_recv_cb
                0x0000000040225854                wifi_set_user_ie
                0x0000000040225964                wifi_get_user_ie
                0x0000000040225994                wifi_register_vnd_ie_recv_cb
                0x00000000402259a8                wifi_unregister_vnd_ie_recv_cb
                0x00000000402259c8                wifi_set_vnd_ie
                0x0000000040225ab8                wifi_get_vnd_ie
                0x0000000040225ad4                wifi_get_phy_mode
                0x0000000040225adc                wifi_set_phy_mode
                0x0000000040225bb0                wifi_set_sleep_type
                0x0000000040225bcc                wifi_enable_gpio_wakeup
                0x0000000040225bf0                wifi_disable_gpio_wakeup
                0x0000000040225c04                wifi_get_sleep_type
                0x0000000040225c1c                wifi_get_channel
                0x0000000040225c50                wifi_set_channel
                0x0000000040225cdc                wifi_promiscuous_set_mac
                0x0000000040225d4c                wifi_promiscuous_enable
                0x0000000040225e44                wifi_set_promiscuous_rx_cb
                0x0000000040225e50                wifi_get_ip_info
                0x0000000040225ed8                wifi_set_ip_info
                0x0000000040225f68                wifi_create_linklocal_ip
                0x0000000040225f98                wifi_get_linklocal_ip
                0x0000000040225fcc                wifi_get_ipinfo_v6
                0x0000000040226008                wifi_get_macaddr
                0x00000000402260b4                wifi_set_macaddr
                0x00000000402261f8                wifi_enable_6m_rate
                0x000000004022621c                wifi_get_user_fixed_rate
                0x000000004022625c                wifi_set_user_fixed_rate
                0x000000004022629c                wifi_set_user_sup_rate
                0x00000000402262e8                wifi_get_user_limit_rate_mask
                0x000000004022630c                wifi_set_user_limit_rate_mask
                0x0000000040226340                wifi_register_send_pkt_freedom_cb
                0x000000004022636c                wifi_unregister_send_pkt_freedom_cb
                0x000000004022638c                wifi_send_pkt_freedom
                0x00000000402263ec                wifi_rfid_locp_recv_open
                0x0000000040226410                wifi_rfid_locp_recv_close
                0x0000000040226430                wifi_register_rfid_locp_recv_cb
                0x0000000040226458                wifi_unregister_rfid_locp_recv_cb
                0x000000004022647c                wifi_status_led_install
                0x00000000402264d4                wifi_status_led_uninstall
                0x0000000040226508                wifi_set_status_led_output_level
                0x0000000040226558                wifi_set_event_handler_cb
                0x00000000402265c8                system_uart_swap
                0x0000000040226628                system_uart_de_swap
                0x0000000040226660                system_get_sdk_version
                0x0000000040226668                eagle_lwip_getif
 .irom0.text    0x000000004022668c      0x4c1 /home/carlo/.platformio/packages/framework-esp8266-rtos-sdk/lib/libnet80211.a(ieee80211.o)
                                        0x591 (size before relaxing)
                0x0000000040226718                ieee80211_rate_ref_init
                0x0000000040226730                ieee80211_freedom_inside_cb
                0x0000000040226760                ieee80211_freedom_init
                0x0000000040226788                ieee80211_ie_ref_init
                0x00000000402267c0                ieee80211_ifattach
                0x000000004022682c                ieee80211_mhz2ieee
                0x0000000040226888                ieee80211_chan2ieee
                0x00000000402268a4                ieee80211_ieee2mhz
                0x00000000402268e4                ieee80211_find_channel
                0x0000000040226910                ieee80211_find_channel_byieee
                0x0000000040226964                wifi_mode_set
 *fill*         0x0000000040226b4d        0x3 
 .irom0.text    0x0000000040226b50       0xcf /home/carlo/.platformio/packages/framework-esp8266-rtos-sdk/lib/libnet80211.a(ieee80211_crypto.o)
                                         0xd7 (size before relaxing)
                0x0000000040226b50                ieee80211_crypto_attach
                0x0000000040226b54                ieee80211_crypto_available
                0x0000000040226b58                ieee80211_crypto_setkey
                0x0000000040226b5c                ieee80211_crypto_encap
                0x0000000040226bb4                ieee80211_crypto_decap
 *fill*         0x0000000040226c1f        0x1 
 .irom0.text    0x0000000040226c20     0x1c1b /home/carlo/.platformio/packages/framework-esp8266-rtos-sdk/lib/libnet80211.a(ieee80211_hostap.o)
                                       0x2227 (size before relaxing)
                0x0000000040227198                ieee80211_hostap_attach
                0x00000000402272e0                hostap_handle_timer
                0x0000000040227380                hostap_input
                0x0000000040228098                freqcal_scan_done
                0x00000000402284e8                wifi_softap_start
                0x00000000402286c0                wifi_softap_stop
 *fill*         0x000000004022883b        0x1 
 .irom0.text    0x000000004022883c      0xa66 /home/carlo/.platformio/packages/framework-esp8266-rtos-sdk/lib/libnet80211.a(ieee80211_ht.o)
                                        0xb22 (size before relaxing)
                0x000000004022884c                ieee80211_ht_attach
                0x000000004022889c                ieee80211_ht_node_init
                0x00000000402288d8                ieee80211_ht_node_cleanup
                0x0000000040228910                ieee80211_parse_htcap
                0x00000000402289f4                ieee80211_ht_updateparams
                0x0000000040228b04                ieee80211_setup_htrates
                0x0000000040228bd0                ieee80211_setup_basic_htrates
                0x0000000040228f08                ieee80211_add_htcap
                0x0000000040228f24                ieee80211_add_htcap_vendor
                0x0000000040229048                ieee80211_add_htinfo
                0x0000000040229064                ieee80211_add_htinfo_vendor
 *fill*         0x00000000402292a2        0x2 
 .irom0.text    0x00000000402292a4      0xb08 /home/carlo/.platformio/packages/framework-esp8266-rtos-sdk/lib/libnet80211.a(ieee80211_input.o)
                                        0xbcc (size before relaxing)
                0x00000000402292a4                ieee80211_deliver_data
                0x0000000040229328                ieee80211_decap
                0x000000004022942c                ieee80211_setup_rates
                0x000000004022949c                ieee80211_alloc_challenge
                0x00000000402294d8                ieee80211_parse_beacon
                0x0000000040229b00                ieee80211_parse_wpa
                0x0000000040229c14                ieee80211_parse_rsn
                0x0000000040229d0c                ieee80211_parse_action
                0x0000000040229da8                ieee80211_setup_rateset
 .irom0.text    0x0000000040229dac      0x2a6 /home/carlo/.platformio/packages/framework-esp8266-rtos-sdk/lib/libnet80211.a(ieee80211_mesh_quick.o)
                                        0x302 (size before relaxing)
                0x0000000040229db8                ieee80211_mesh_quick_init
                0x0000000040229e28                ieee80211_mesh_quick_deinit
                0x0000000040229e58                ieee80211_mesh_quick_set
                0x0000000040229f54                ieee80211_mesh_quick_get
                0x000000004022a020                ieee80211_mesh_quick_ie_add
 *fill*         0x000000004022a052        0x2 
 .irom0.text    0x000000004022a054     0x1f94 /home/carlo/.platformio/packages/framework-esp8266-rtos-sdk/lib/libnet80211.a(ieee80211_output.o)
                                       0x23c0 (size before relaxing)
                0x000000004022a064                ieee80211_output_pbuf
                0x000000004022a324                ieee80211_send_setup
                0x000000004022a464                ieee80211_mgmt_output
                0x000000004022a578                ieee80211_tx_mgt_cb
                0x000000004022a580                ieee80211_send_nulldata
                0x000000004022aa04                ieee80211_add_rates
                0x000000004022aa54                ieee80211_add_xrates
                0x000000004022aafc                ieee80211_send_probereq
                0x000000004022ad98                ieee80211_getcapinfo
                0x000000004022adf4                ieee80211_send_mgmt
                0x000000004022b498                ieee80211_alloc_proberesp
                0x000000004022b6fc                ieee80211_send_proberesp
                0x000000004022b85c                ieee80211_alloc_deauth
                0x000000004022b89c                ieee80211_send_deauth
                0x000000004022b9f0                ieee80211_freedom_output
                0x000000004022be3c                ieee80211_beacon_alloc
 .irom0.text    0x000000004022bfe8       0xe0 /home/carlo/.platformio/packages/framework-esp8266-rtos-sdk/lib/libnet80211.a(ieee80211_phy.o)
                                        0x108 (size before relaxing)
                0x000000004022bfe8                ieee80211_phy_init
                0x000000004022c01c                ieee80211_phy_type_get
                0x000000004022c038                ieee80211_setup_ratetable
 .irom0.text    0x000000004022c0c8      0x1aa /home/carlo/.platformio/packages/framework-esp8266-rtos-sdk/lib/libnet80211.a(ieee80211_power.o)
                                        0x1ee (size before relaxing)
                0x000000004022c0c8                ieee80211_psq_init
                0x000000004022c0d4                ieee80211_psq_cleanup
                0x000000004022c0d8                ieee80211_set_tim
                0x000000004022c118                ieee80211_pwrsave
                0x000000004022c180                pwrsave_flushq
                0x000000004022c23c                ieee80211_node_pwrsave
 *fill*         0x000000004022c272        0x2 
 .irom0.text    0x000000004022c274       0xf7 /home/carlo/.platformio/packages/framework-esp8266-rtos-sdk/lib/libnet80211.a(ieee80211_proto.o)
                                        0x127 (size before relaxing)
                0x000000004022c278                ieee80211_proto_attach
                0x000000004022c2a0                ieee80211_set_shortslottime
                0x000000004022c2bc                ieee80211_iserp_rateset
                0x000000004022c2f0                ieee80211_wme_initparams
                0x000000004022c2f4                ieee80211_wme_updateparams
                0x000000004022c2fc                ieee80211_mlme_connect_bss
 *fill*         0x000000004022c36b        0x1 
 .irom0.text    0x000000004022c36c       0xb1 /home/carlo/.platformio/packages/framework-esp8266-rtos-sdk/lib/libnet80211.a(ieee80211_rfid.o)
                                         0xd5 (size before relaxing)
                0x000000004022c370                ieee80211_rfid_locp_recv_open
                0x000000004022c3ac                ieee80211_rfid_locp_recv_close
                0x000000004022c3c4                ieee80211_rfid_locp_recv_reset
                0x000000004022c3e4                ieee80211_rfid_locp_recv
                0x000000004022c400                register_ieee80211_rfid_locp_recv_cb
                0x000000004022c414                unregister_ieee80211_rfid_locp_recv_cb
 *fill*         0x000000004022c41d        0x3 
 .irom0.text    0x000000004022c420     0x10c2 /home/carlo/.platformio/packages/framework-esp8266-rtos-sdk/lib/libnet80211.a(ieee80211_scan.o)
                                       0x14ea (size before relaxing)
                0x000000004022c430                ieee80211_scan_attach
                0x000000004022c4a4                freq_changle_enable_softap_link_check
                0x000000004022c4bc                freq_changle_scan_start
                0x000000004022c5e8                scan_start
                0x000000004022c6f8                scan_pm_channel_op_cb
                0x000000004022c8a8                scan_cancel
                0x000000004022caa4                scan_add_bssid
                0x000000004022cac8                scan_remove_bssid
                0x000000004022cad4                scan_hidden_ssid
                0x000000004022cadc                scan_add_probe_ssid
                0x000000004022cb30                scan_remove_probe_ssid
                0x000000004022cc78                scan_clear_channles
                0x000000004022cce8                scan_set_desChan
                0x000000004022ccf4                scan_get_type
                0x000000004022ccfc                cannel_scan_connect_state
                0x000000004022cd14                scan_connect_state
                0x000000004022cd5c                scan_check_hidden
                0x000000004022cd8c                scan_profile_check
                0x000000004022d158                scan_parse_beacon
 *fill*         0x000000004022d4e2        0x2 
 .irom0.text    0x000000004022d4e4     0x1091 /home/carlo/.platformio/packages/framework-esp8266-rtos-sdk/lib/libnet80211.a(ieee80211_sta.o)
                                       0x139d (size before relaxing)
                0x000000004022d540                sta_status_set
                0x000000004022d5d4                ieee80211_sta_new_state
                0x000000004022d904                sta_input
                0x000000004022dd60                ieee80211_parse_wmeparams
                0x000000004022e4ac                wifi_station_start
                0x000000004022e530                wifi_station_stop
 *fill*         0x000000004022e575        0x3 
 .irom0.text    0x000000004022e578      0x30a /home/carlo/.platformio/packages/framework-esp8266-rtos-sdk/lib/libnet80211.a(wl_chm.o)
                                        0x3c2 (size before relaxing)
                0x000000004022e584                chm_init
                0x000000004022e624                chm_acquire_lock
                0x000000004022e668                chm_release_lock
                0x000000004022e67c                chm_start_op
                0x000000004022e71c                chm_end_op
                0x000000004022e764                chm_cancel_op
                0x000000004022e798                chm_return_home_channel
                0x000000004022e7c8                chm_set_current_channel
                0x000000004022e82c                chm_freq2index
                0x000000004022e854                chm_check_same_channel
 *fill*         0x000000004022e882        0x2 
 .irom0.text    0x000000004022e884     0x1894 /home/carlo/.platformio/packages/framework-esp8266-rtos-sdk/lib/libnet80211.a(wl_cnx.o)
                                       0x1ef8 (size before relaxing)
                0x000000004022e890                cnx_attach
                0x000000004022e8d0                cnx_sta_connect_led_timer_cb
                0x000000004022e924                cnx_sta_connect_cmd
                0x000000004022e9d8                cnx_sta_scan_cmd
                0x000000004022ec3c                cnx_connect_timeout
                0x000000004022ecb8                cnx_auth_timeout
                0x000000004022ecdc                cnx_assoc_timeout
                0x000000004022ed00                cnx_handshake_timeout
                0x000000004022ed24                cnx_start_handoff_cb
                0x000000004022ee74                cnx_csa_fn
                0x000000004022f324                cnx_bss_alloc
                0x000000004022f3c4                cnx_rc_search
                0x000000004022f440                cnx_add_rc
                0x000000004022f4ac                cnx_remove_all_rc
                0x000000004022f4f8                cnx_remove_rc
                0x000000004022f5c8                cnx_rc_update_rssi
                0x000000004022f650                cnx_rc_update_state_metric
                0x000000004022f6bc                cnx_rc_update_age
                0x000000004022f6e0                cnx_update_bss
                0x000000004022f718                cnx_update_bss_more
                0x000000004022f8c4                cnx_sta_leave
                0x000000004022fb5c                cnx_sta_associated
                0x000000004022fc04                cnx_node_alloc
                0x000000004022fc78                cnx_node_remove
                0x000000004022fd04                cnx_node_search
                0x000000004022fd80                cnx_node_leave
                0x000000004022fe70                wifi_softap_staconnected_event_policy
                0x000000004022fe98                wifi_softap_toomany_deny
                0x000000004022fed8                cnx_node_join
 .irom0.text    0x0000000040230118      0x16f /home/carlo/.platformio/packages/framework-esp8266-rtos-sdk/lib/libnet80211.a(ieee80211_action.o)
                                        0x193 (size before relaxing)
                0x0000000040230128                ieee80211_send_action_register
                0x000000004023015c                ieee80211_send_action_unregister
                0x0000000040230170                ieee80211_send_action
                0x00000000402301dc                ieee80211_recv_action_register
                0x0000000040230210                ieee80211_recv_action_unregister
                0x0000000040230224                ieee80211_recv_action
 *fill*         0x0000000040230287        0x1 
 .irom0.text    0x0000000040230288      0x481 /home/carlo/.platformio/packages/framework-esp8266-rtos-sdk/lib/libnet80211.a(ieee80211_action_vendor.o)
                                        0x509 (size before relaxing)
                0x000000004023028c                get_iav_key
                0x00000000402302ac                register_ieee80211_action_vendor_get_key_cb
                0x00000000402302c0                unregister_ieee80211_action_vendor_get_key_cb
                0x00000000402302d8                ieee80211_add_action_vendor_spec_esp
                0x0000000040230320                ieee80211_alloc_action_vendor_spec
                0x000000004023040c                ieee80211_send_action_vendor_spec
                0x00000000402305a8                ieee80211_recv_action_vendor_spec
                0x00000000402306b0                ieee80211_action_vendor_spec_attach
                0x00000000402306ec                register_ieee80211_action_vendor_spec_cb
                0x0000000040230700                unregister_ieee80211_action_vendor_spec_cb
 *fill*         0x0000000040230709        0x3 
 .irom0.text    0x000000004023070c      0x15d /home/carlo/.platformio/packages/framework-esp8266-rtos-sdk/lib/libnet80211.a(ieee80211_crypto_ccmp.o)
                                        0x165 (size before relaxing)
 *fill*         0x0000000040230869        0x3 
 .irom0.text    0x000000004023086c       0x45 /home/carlo/.platformio/packages/framework-esp8266-rtos-sdk/lib/libnet80211.a(ieee80211_ets.o)
                                         0x49 (size before relaxing)
                0x000000004023086c                ieee80211_getmgtframe
 *fill*         0x00000000402308b1        0x3 
 .irom0.text    0x00000000402308b4      0x23d /home/carlo/.platformio/packages/framework-esp8266-rtos-sdk/lib/libnet80211.a(ieee80211_ie_vendor.o)
                                        0x25d (size before relaxing)
                0x00000000402308b8                ieee80211_add_ie_vendor_esp_head
                0x00000000402308f0                ieee80211_add_ie_vendor_esp_mesh_assoc
                0x0000000040230974                ieee80211_add_ie_vendor_esp_mesh_group
                0x00000000402309a4                ieee80211_add_ie_vendor_esp_simple_pair
                0x00000000402309f4                ieee80211_add_ie_vendor_esp_freq_annon
                0x0000000040230a2c                ieee80211_add_ie_vendor_esp_now
                0x0000000040230a64                ieee80211_add_ie_vendor_esp_ssid
                0x0000000040230aa4                ieee80211_add_ie_vendor_esp_manufacturer
 *fill*         0x0000000040230af1        0x3 
 .irom0.text    0x0000000040230af4       0xfa /home/carlo/.platformio/packages/framework-esp8266-rtos-sdk/lib/libphy.a(phy.o)
                                        0x11e (size before relaxing)
                0x0000000040230af8                rf_init
                0x0000000040230b14                bb_init
                0x0000000040230b2c                phy_init
                0x0000000040230b5c                RFChannelSel
                0x0000000040230b78                phy_delete_channel
                0x0000000040230b90                phy_enable_agc
                0x0000000040230ba8                phy_disable_agc
                0x0000000040230bc0                phy_initialize_bb
                0x0000000040230bd8                phy_set_sense
 *fill*         0x0000000040230bee        0x2 
 .irom0.text    0x0000000040230bf0     0x177f /home/carlo/.platformio/packages/framework-esp8266-rtos-sdk/lib/libphy.a(phy_chip_v6_ana.o)
                                       0x19b7 (size before relaxing)
                0x0000000040230bf4                ram_pbus_set_rxgain
                0x0000000040230cc0                ram_pbus_debugmode
                0x0000000040230d74                ram_pbus_xpd_tx_on
                0x0000000040230de0                set_rf_freq_offset
                0x0000000040230e50                chip_v6_rxmax_ext_ana
                0x0000000040230fa4                ram_chip_v6_rx_init
                0x0000000040230fd8                tsen_meas
                0x0000000040231080                readvdd33
                0x0000000040231248                txpwr_offset
                0x0000000040231304                set_txcap_reg
                0x0000000040231384                ram_ana_inf_gating_en
                0x00000000402314e4                ram_restart_cal
                0x0000000040231550                wait_rfpll_cal_end
                0x00000000402315e0                ram_rfpll_set_freq
                0x00000000402316e4                ram_set_channel_freq
                0x00000000402319e8                chip_60_set_channel
                0x0000000040231bb0                chip_v6_set_chan_offset
                0x0000000040231c10                chip_v6_set_chan
                0x0000000040231cc0                chip_v6_set_chan_wakeup
                0x0000000040231d40                chip_v6_rf_init
                0x0000000040231fa4                low_power_set
                0x0000000040231ff4                test_tout
                0x0000000040232168                check_data_flag
                0x0000000040232188                phy_get_check_flag
                0x00000000402322bc                phy_get_vdd33
 *fill*         0x000000004023236f        0x1 
 .irom0.text    0x0000000040232370     0x3d64 /home/carlo/.platformio/packages/framework-esp8266-rtos-sdk/lib/libphy.a(phy_chip_v6.o)
                                       0x44a4 (size before relaxing)
                0x0000000040232370                ram_tx_mac_enable
                0x0000000040232374                ram_tx_mac_disable
                0x0000000040232378                rtc_mem_backup
                0x00000000402323a8                rtc_mem_recovery
                0x00000000402323d8                set_cal_rxdc
                0x0000000040232490                set_rx_gain_cal_iq
                0x00000000402327ec                gen_rx_gain_table
                0x0000000040232944                pbus_set_rxbbgain
                0x00000000402329c4                set_rx_gain_testchip_50
                0x0000000040232d04                ram_get_corr_power
                0x0000000040232df4                check_data_func
                0x0000000040232e14                do_noisefloor_lsleep_v50
                0x0000000040232e48                do_noisefloor
                0x0000000040232eb8                start_dig_rx
                0x0000000040232efc                stop_dig_rx
                0x0000000040232f28                chip_v6_set_chanfreq
                0x0000000040232f54                tx_cap_init
                0x0000000040233178                target_power_add_backoff
                0x00000000402331a4                tx_pwctrl_init_cal
                0x0000000040233340                tx_atten_set_interp
                0x00000000402335a0                check_tx_pwr_cal
                0x00000000402336e4                tx_pwctrl_init
                0x0000000040233810                ram_get_noisefloor
                0x000000004023382c                get_noisefloor_sat
                0x000000004023385c                ram_set_noise_floor
                0x00000000402338b8                ram_start_noisefloor
                0x0000000040233900                read_hw_noisefloor
                0x0000000040233928                noise_check_loop
                0x0000000040233a88                noise_init
                0x0000000040233c8c                target_power_backoff
                0x0000000040233ce0                sdt_on_noise_start
                0x0000000040233d60                chip_v6_set_chan_rx_cmp
                0x0000000040233eec                chip_v6_set_chan_misc
                0x0000000040233f64                phy_dig_spur_set
                0x00000000402342c4                phy_dig_spur_prot
                0x00000000402344fc                chip_v6_rxmax_ext_dig
                0x0000000040234548                chip_v6_rxmax_ext
                0x00000000402345f0                phy_bb_rx_cfg
                0x0000000040234a10                uart_wait_idle
                0x0000000040234a48                phy_pbus_soc_cfg
                0x0000000040234b00                phy_gpio_cfg
                0x0000000040234d08                tx_cont_en
                0x0000000040234db0                tx_cont_dis
                0x0000000040234e04                tx_cont_cfg
                0x0000000040234e20                chip_v6_initialize_bb
                0x0000000040234f84                periodic_cal
                0x0000000040234fbc                bbpll_cal
                0x0000000040235054                periodic_cal_top
                0x00000000402350b8                register_chipv6_phy_init_param
                0x0000000040235360                change_bbpll160_sleep
                0x0000000040235514                change_bbpll160
                0x0000000040235544                set_crystal_uart
                0x00000000402355d0                ant_switch_init
                0x0000000040235680                reduce_current_init
                0x000000004023576c                rtc_mem_check
                0x00000000402357a8                phy_afterwake_set_rfoption
                0x00000000402357c4                deep_sleep_set_option
                0x00000000402357f0                write_data_to_rtc
                0x0000000040235828                get_data_from_rtc
                0x0000000040235874                register_chipv6_phy
                0x0000000040235c90                set_dpd_bypass
                0x0000000040235cb8                set_rf_gain_stage10
                0x0000000040235ce8                get_vdd33_offset
                0x0000000040235d5c                get_phy_target_power
                0x0000000040235e0c                set_most_pwr_reg
                0x0000000040235ee0                phy_set_most_tpw
                0x0000000040235f00                phy_vdd33_set_tpw
                0x0000000040235f18                get_adc_rand
                0x0000000040235f48                phy_get_rand
                0x0000000040235f60                phy_tx_pwctrl_cali
                0x0000000040235f88                phy_check_data_table
                0x0000000040235fc4                phy_after_init_enrx
                0x0000000040236024                phy_set_rx11b_reg
                0x0000000040236058                phy_set_powerup_option
                0x0000000040236068                phy_get_txpwr_param
                0x00000000402360b4                phy_get_rxnf_param
                0x00000000402360c0                phy_get_freq_param
 .irom0.text    0x00000000402360d4     0x2198 /home/carlo/.platformio/packages/framework-esp8266-rtos-sdk/lib/libphy.a(phy_chip_v6_cal.o)
                                       0x23dc (size before relaxing)
                0x00000000402360d4                txbbgain2dcoindex
                0x00000000402360f4                dcoindex2txbbgain
                0x0000000040236114                init_cal_dcoffset
                0x00000000402361d8                set_rfanagain_dc_reg
                0x0000000040236274                set_txdc_pbus
                0x00000000402362e0                get_rf_gain_qdb
                0x0000000040236308                correct_rf_ana_gain
                0x0000000040236410                get_sar_dout
                0x00000000402364a0                cal_rf_ana_gain
                0x00000000402365b8                meas_tone_pwr_db
                0x0000000040236628                tx_pwr_backoff
                0x00000000402367dc                get_fcc_1m2m_pwr_offset
                0x0000000040236818                ram_set_txbb_atten
                0x00000000402368a8                txiq_get_mis_pwr
                0x000000004023694c                txiq_cover
                0x0000000040236b64                ram_rfcal_txiq
                0x0000000040236dd4                rc_cal
                0x0000000040236f94                get_target_power_offset
                0x00000000402370a4                get_pwctrl_correct
                0x00000000402370fc                tx_pwctrl_cal
                0x00000000402373f8                tx_pwctrl_bg_init
                0x0000000040237470                tx_pwctrl_background
                0x0000000040237528                read_sar_dout
                0x000000004023758c                ram_get_fm_sar_dout
                0x0000000040237630                ram_cal_tos_v60
                0x0000000040237800                ram_get_bb_atten
                0x0000000040237830                ram_rfcal_txcap
                0x00000000402379f4                ram_rfcal_pwrctrl
                0x0000000040237c30                ram_rxiq_get_mis
                0x0000000040237dec                ram_rxiq_cover_mg_mp
                0x0000000040237f90                ram_rfcal_rxiq
                0x00000000402381a8                dpd_scale_set
                0x00000000402381f0                dpd_mem_write
 .irom0.text    0x000000004023826c      0xc5a /home/carlo/.platformio/packages/framework-esp8266-rtos-sdk/lib/libphy.a(phy_sleep.o)
                                        0xe9a (size before relaxing)
                0x000000004023826c                pm_usec2rtc
                0x00000000402382a0                pm_rtc2usec
                0x00000000402382ac                pm_set_sleep_cycles
                0x00000000402382d4                pm_sleep_opt
                0x0000000040238428                pm_wakeup_opt
                0x0000000040238460                get_chip_version
                0x00000000402384a0                pm_sleep_opt_bb_off
                0x00000000402384ec                pm_sleep_opt_bb_on
                0x0000000040238540                pm_set_pll_xtal_wait_time
                0x000000004023856c                pm_prepare_to_sleep
                0x0000000040238574                pm_sdio_nidle
                0x00000000402385e8                chg_lslp_mem_opt_8266
                0x0000000040238608                pm_wait4wakeup
                0x0000000040238644                pm_open_rf
                0x0000000040238680                pm_sleep_set_mac
                0x0000000040238704                pm_set_wakeup_mac
                0x000000004023879c                pm_check_mac_idle
                0x00000000402387f4                pm_set_sleep_btco
                0x000000004023888c                pm_set_wakeup_btco
                0x0000000040238994                pm_set_sleep_mode
                0x0000000040238ab4                pm_unmask_bt
                0x0000000040238b20                pm_wakeup_init
                0x0000000040238d6c                sleep_opt_8266
                0x0000000040238d8c                sleep_opt_bb_on_8266
                0x0000000040238dc4                sleep_reset_analog_rtcreg_8266
 *fill*         0x0000000040238ec6        0x2 
 .irom0.text    0x0000000040238ec8      0x990 /home/carlo/.platformio/packages/framework-esp8266-rtos-sdk/lib/libphy.a(phy_chip_v5_romfunc.o)
                                        0xa80 (size before relaxing)
                0x0000000040238ec8                rom_abs_temp
                0x0000000040238ed4                rom_chip_v5_disable_cca
                0x0000000040238ef0                rom_chip_v5_enable_cca
                0x0000000040238f10                rom_chip_v5_sense_backoff
                0x0000000040238f5c                rom_dc_iq_est
                0x0000000040238fb8                rom_en_pwdet
                0x0000000040239024                rom_get_bb_atten
                0x000000004023904c                rom_get_corr_power
                0x00000000402390c8                rom_get_fm_sar_dout
                0x0000000040239164                rom_get_noisefloor
                0x0000000040239180                rom_get_power_db
                0x00000000402391d0                rom_iq_est_disable
                0x0000000040239200                rom_iq_est_enable
                0x0000000040239254                rom_linear_to_db
                0x00000000402392cc                rom_set_txclk_en
                0x0000000040239310                rom_set_rxclk_en
                0x0000000040239358                rom_mhz2ieee
                0x00000000402393b8                rom_rxiq_get_mis
                0x00000000402394b8                rom_sar_init
                0x000000004023950c                rom_set_ana_inf_tx_scale
                0x0000000040239548                rom_set_loopback_gain
                0x00000000402395ac                rom_set_noise_floor
                0x00000000402395e8                rom_start_noisefloor
                0x0000000040239624                rom_start_tx_tone
                0x00000000402396f0                rom_stop_tx_tone
                0x000000004023977c                rom_txtone_linear_pwr
                0x00000000402397e8                rom_tx_mac_disable
                0x0000000040239824                rom_tx_mac_enable
 .irom0.text    0x0000000040239858     0x1017 /home/carlo/.platformio/packages/framework-esp8266-rtos-sdk/lib/libphy.a(phy_chip_v5_ana_romfunc.o)
                                       0x11e3 (size before relaxing)
                0x0000000040239858                rom_ana_inf_gating_en
                0x00000000402399c4                rom_set_channel_freq
                0x0000000040239cd4                rom_chip_50_set_channel
                0x0000000040239ed4                rom_chip_v5_rx_init
                0x0000000040239f40                rom_chip_v5_tx_init
                0x000000004023a024                rom_i2c_readReg
                0x000000004023a09c                rom_i2c_readReg_Mask