Archive member included to satisfy reference by file (symbol)

.pio/build/nucleo_g431kb/lib68f/libFreeRTOS.a(port.o)
                              .pio/build/nucleo_g431kb/src/stm32g4xx_it.o (xPortSysTickHandler)
.pio/build/nucleo_g431kb/lib68f/libFreeRTOS.a(tasks.o)
                              .pio/build/nucleo_g431kb/src/main.o (xTaskCreate)
.pio/build/nucleo_g431kb/lib68f/libFreeRTOS.a(timers.o)
                              .pio/build/nucleo_g431kb/lib68f/libFreeRTOS.a(tasks.o) (xTimerCreateTimerTask)
.pio/build/nucleo_g431kb/lib68f/libFreeRTOS.a(cmsis_os2.o)
                              .pio/build/nucleo_g431kb/lib68f/libFreeRTOS.a(tasks.o) (vApplicationGetIdleTaskMemory)
.pio/build/nucleo_g431kb/lib68f/libFreeRTOS.a(event_groups.o)
                              .pio/build/nucleo_g431kb/lib68f/libFreeRTOS.a(cmsis_os2.o) (xEventGroupCreateStatic)
.pio/build/nucleo_g431kb/lib68f/libFreeRTOS.a(heap_4.o)
                              .pio/build/nucleo_g431kb/lib68f/libFreeRTOS.a(tasks.o) (pvPortMalloc)
.pio/build/nucleo_g431kb/lib68f/libFreeRTOS.a(list.o)
                              .pio/build/nucleo_g431kb/lib68f/libFreeRTOS.a(tasks.o) (vListInitialise)
.pio/build/nucleo_g431kb/lib68f/libFreeRTOS.a(queue.o)
                              .pio/build/nucleo_g431kb/lib68f/libFreeRTOS.a(cmsis_os2.o) (xQueueGenericReset)
/home/carlo/.platformio/packages/toolchain-gccarmnoneeabi/bin/../lib/gcc/arm-none-eabi/7.2.1/thumb/v7e-m/fpv4-sp/hard/libgcc.a(_aeabi_uldivmod.o)
                              .pio/build/nucleo_g431kb/FrameworkHALDriver/Src/stm32g4xx_hal_uart.o (__aeabi_uldivmod)
/home/carlo/.platformio/packages/toolchain-gccarmnoneeabi/bin/../lib/gcc/arm-none-eabi/7.2.1/thumb/v7e-m/fpv4-sp/hard/libgcc.a(_udivmoddi4.o)
                              /home/carlo/.platformio/packages/toolchain-gccarmnoneeabi/bin/../lib/gcc/arm-none-eabi/7.2.1/thumb/v7e-m/fpv4-sp/hard/libgcc.a(_aeabi_uldivmod.o) (__udivmoddi4)
/home/carlo/.platformio/packages/toolchain-gccarmnoneeabi/bin/../lib/gcc/arm-none-eabi/7.2.1/thumb/v7e-m/fpv4-sp/hard/libgcc.a(_dvmd_tls.o)
                              /home/carlo/.platformio/packages/toolchain-gccarmnoneeabi/bin/../lib/gcc/arm-none-eabi/7.2.1/thumb/v7e-m/fpv4-sp/hard/libgcc.a(_aeabi_uldivmod.o) (__aeabi_ldiv0)
/home/carlo/.platformio/packages/toolchain-gccarmnoneeabi/bin/../lib/gcc/arm-none-eabi/7.2.1/../../../../arm-none-eabi/lib/thumb/v7e-m/fpv4-sp/hard/libstdc++_nano.a(new_op.o)
                              .pio/build/nucleo_g431kb/src/dictionary.o (operator new(unsigned int))
/home/carlo/.platformio/packages/toolchain-gccarmnoneeabi/bin/../lib/gcc/arm-none-eabi/7.2.1/../../../../arm-none-eabi/lib/thumb/v7e-m/fpv4-sp/hard/libstdc++_nano.a(guard.o)
                              .pio/build/nucleo_g431kb/src/main.o (__cxa_guard_acquire)
/home/carlo/.platformio/packages/toolchain-gccarmnoneeabi/bin/../lib/gcc/arm-none-eabi/7.2.1/../../../../arm-none-eabi/lib/thumb/v7e-m/fpv4-sp/hard/libstdc++_nano.a(del_op.o)
                              .pio/build/nucleo_g431kb/src/dictionary.o (operator delete(void*))
/home/carlo/.platformio/packages/toolchain-gccarmnoneeabi/bin/../lib/gcc/arm-none-eabi/7.2.1/../../../../arm-none-eabi/lib/thumb/v7e-m/fpv4-sp/hard/libstdc++_nano.a(new_handler.o)
                              /home/carlo/.platformio/packages/toolchain-gccarmnoneeabi/bin/../lib/gcc/arm-none-eabi/7.2.1/../../../../arm-none-eabi/lib/thumb/v7e-m/fpv4-sp/hard/libstdc++_nano.a(new_op.o) (std::get_new_handler())
/home/carlo/.platformio/packages/toolchain-gccarmnoneeabi/bin/../lib/gcc/arm-none-eabi/7.2.1/../../../../arm-none-eabi/lib/thumb/v7e-m/fpv4-sp/hard/libstdc++_nano.a(atexit_arm.o)
                              .pio/build/nucleo_g431kb/src/dictionary.o (__aeabi_atexit)
/home/carlo/.platformio/packages/toolchain-gccarmnoneeabi/bin/../lib/gcc/arm-none-eabi/7.2.1/../../../../arm-none-eabi/lib/thumb/v7e-m/fpv4-sp/hard/libstdc++_nano.a(del_ops.o)
                              .pio/build/nucleo_g431kb/src/clock.o (operator delete(void*, unsigned int))
/home/carlo/.platformio/packages/toolchain-gccarmnoneeabi/bin/../lib/gcc/arm-none-eabi/7.2.1/../../../../arm-none-eabi/lib/thumb/v7e-m/fpv4-sp/hard/libstdc++_nano.a(list.o)
                              .pio/build/nucleo_g431kb/src/dictionary.o (std::__detail::_List_node_base::_M_hook(std::__detail::_List_node_base*))
.pio/build/nucleo_g431kb/libFrameworkCMSISDevice.a(startup_stm32g431xx.o)
                              (Reset_Handler)
.pio/build/nucleo_g431kb/libFrameworkCMSISDevice.a(system_stm32g4xx.o)
                              .pio/build/nucleo_g431kb/libFrameworkCMSISDevice.a(startup_stm32g431xx.o) (SystemInit)
/home/carlo/.platformio/packages/toolchain-gccarmnoneeabi/bin/../lib/gcc/arm-none-eabi/7.2.1/../../../../arm-none-eabi/lib/thumb/v7e-m/fpv4-sp/hard/libc_nano.a(lib_a-abort.o)
[...]
Memory Configuration

Name             Origin             Length             Attributes
RAM              0x0000000020000000 0x0000000000008000 xrw
FLASH            0x0000000008000000 0x0000000000020000 xr
*default*        0x0000000000000000 0xffffffffffffffff

Linker script and memory map

LOAD /home/carlo/.platformio/packages/toolchain-gccarmnoneeabi/bin/../lib/gcc/arm-none-eabi/7.2.1/thumb/v7e-m/fpv4-sp/hard/crti.o
LOAD /home/carlo/.platformio/packages/toolchain-gccarmnoneeabi/bin/../lib/gcc/arm-none-eabi/7.2.1/thumb/v7e-m/fpv4-sp/hard/crtbegin.o
LOAD /home/carlo/.platformio/packages/toolchain-gccarmnoneeabi/bin/../lib/gcc/arm-none-eabi/7.2.1/../../../../arm-none-eabi/lib/thumb/v7e-m/fpv4-sp/hard/crt0.o
LOAD .pio/build/nucleo_g431kb/FrameworkHALDriver/Src/stm32g4xx_hal.o
LOAD .pio/build/nucleo_g431kb/FrameworkHALDriver/Src/stm32g4xx_hal_adc.o
LOAD .pio/build/nucleo_g431kb/FrameworkHALDriver/Src/stm32g4xx_hal_adc_ex.o
LOAD .pio/build/nucleo_g431kb/FrameworkHALDriver/Src/stm32g4xx_hal_comp.o
LOAD .pio/build/nucleo_g431kb/FrameworkHALDriver/Src/stm32g4xx_hal_cordic.o
LOAD .pio/build/nucleo_g431kb/FrameworkHALDriver/Src/stm32g4xx_hal_cortex.o
LOAD .pio/build/nucleo_g431kb/FrameworkHALDriver/Src/stm32g4xx_hal_crc.o
LOAD .pio/build/nucleo_g431kb/FrameworkHALDriver/Src/stm32g4xx_hal_crc_ex.o
LOAD .pio/build/nucleo_g431kb/FrameworkHALDriver/Src/stm32g4xx_hal_cryp.o
LOAD .pio/build/nucleo_g431kb/FrameworkHALDriver/Src/stm32g4xx_hal_cryp_ex.o
LOAD .pio/build/nucleo_g431kb/FrameworkHALDriver/Src/stm32g4xx_hal_dac.o
LOAD .pio/build/nucleo_g431kb/FrameworkHALDriver/Src/stm32g4xx_hal_dac_ex.o
LOAD .pio/build/nucleo_g431kb/FrameworkHALDriver/Src/stm32g4xx_hal_dma.o
LOAD .pio/build/nucleo_g431kb/FrameworkHALDriver/Src/stm32g4xx_hal_dma_ex.o
LOAD .pio/build/nucleo_g431kb/FrameworkHALDriver/Src/stm32g4xx_hal_exti.o
LOAD .pio/build/nucleo_g431kb/FrameworkHALDriver/Src/stm32g4xx_hal_fdcan.o
LOAD .pio/build/nucleo_g431kb/FrameworkHALDriver/Src/stm32g4xx_hal_flash.o
LOAD .pio/build/nucleo_g431kb/FrameworkHALDriver/Src/stm32g4xx_hal_flash_ex.o
LOAD .pio/build/nucleo_g431kb/FrameworkHALDriver/Src/stm32g4xx_hal_flash_ramfunc.o
LOAD .pio/build/nucleo_g431kb/FrameworkHALDriver/Src/stm32g4xx_hal_fmac.o
LOAD .pio/build/nucleo_g431kb/FrameworkHALDriver/Src/stm32g4xx_hal_gpio.o
LOAD .pio/build/nucleo_g431kb/FrameworkHALDriver/Src/stm32g4xx_hal_hrtim.o
LOAD .pio/build/nucleo_g431kb/FrameworkHALDriver/Src/stm32g4xx_hal_i2c.o
LOAD .pio/build/nucleo_g431kb/FrameworkHALDriver/Src/stm32g4xx_hal_i2c_ex.o
LOAD .pio/build/nucleo_g431kb/FrameworkHALDriver/Src/stm32g4xx_hal_i2s.o
LOAD .pio/build/nucleo_g431kb/FrameworkHALDriver/Src/stm32g4xx_hal_irda.o
LOAD .pio/build/nucleo_g431kb/FrameworkHALDriver/Src/stm32g4xx_hal_iwdg.o
LOAD .pio/build/nucleo_g431kb/FrameworkHALDriver/Src/stm32g4xx_hal_lptim.o
LOAD .pio/build/nucleo_g431kb/FrameworkHALDriver/Src/stm32g4xx_hal_nand.o
LOAD .pio/build/nucleo_g431kb/FrameworkHALDriver/Src/stm32g4xx_hal_nor.o
LOAD .pio/build/nucleo_g431kb/FrameworkHALDriver/Src/stm32g4xx_hal_opamp.o
LOAD .pio/build/nucleo_g431kb/FrameworkHALDriver/Src/stm32g4xx_hal_opamp_ex.o
LOAD .pio/build/nucleo_g431kb/FrameworkHALDriver/Src/stm32g4xx_hal_pcd.o
LOAD .pio/build/nucleo_g431kb/FrameworkHALDriver/Src/stm32g4xx_hal_pcd_ex.o
LOAD .pio/build/nucleo_g431kb/FrameworkHALDriver/Src/stm32g4xx_hal_pwr.o
LOAD .pio/build/nucleo_g431kb/FrameworkHALDriver/Src/stm32g4xx_hal_pwr_ex.o
LOAD .pio/build/nucleo_g431kb/FrameworkHALDriver/Src/stm32g4xx_hal_qspi.o
LOAD .pio/build/nucleo_g431kb/FrameworkHALDriver/Src/stm32g4xx_hal_rcc.o
LOAD .pio/build/nucleo_g431kb/FrameworkHALDriver/Src/stm32g4xx_hal_rcc_ex.o
LOAD .pio/build/nucleo_g431kb/FrameworkHALDriver/Src/stm32g4xx_hal_rng.o
LOAD .pio/build/nucleo_g431kb/FrameworkHALDriver/Src/stm32g4xx_hal_rtc.o
LOAD .pio/build/nucleo_g431kb/FrameworkHALDriver/Src/stm32g4xx_hal_rtc_ex.o
LOAD .pio/build/nucleo_g431kb/FrameworkHALDriver/Src/stm32g4xx_hal_sai.o
LOAD .pio/build/nucleo_g431kb/FrameworkHALDriver/Src/stm32g4xx_hal_sai_ex.o
LOAD .pio/build/nucleo_g431kb/FrameworkHALDriver/Src/stm32g4xx_hal_smartcard.o
LOAD .pio/build/nucleo_g431kb/FrameworkHALDriver/Src/stm32g4xx_hal_smartcard_ex.o
LOAD .pio/build/nucleo_g431kb/FrameworkHALDriver/Src/stm32g4xx_hal_smbus.o
LOAD .pio/build/nucleo_g431kb/FrameworkHALDriver/Src/stm32g4xx_hal_smbus_ex.o
LOAD .pio/build/nucleo_g431kb/FrameworkHALDriver/Src/stm32g4xx_hal_spi.o
LOAD .pio/build/nucleo_g431kb/FrameworkHALDriver/Src/stm32g4xx_hal_spi_ex.o
LOAD .pio/build/nucleo_g431kb/FrameworkHALDriver/Src/stm32g4xx_hal_sram.o
LOAD .pio/build/nucleo_g431kb/FrameworkHALDriver/Src/stm32g4xx_hal_tim.o
LOAD .pio/build/nucleo_g431kb/FrameworkHALDriver/Src/stm32g4xx_hal_tim_ex.o
LOAD .pio/build/nucleo_g431kb/FrameworkHALDriver/Src/stm32g4xx_hal_uart.o
LOAD .pio/build/nucleo_g431kb/FrameworkHALDriver/Src/stm32g4xx_hal_uart_ex.o
LOAD .pio/build/nucleo_g431kb/FrameworkHALDriver/Src/stm32g4xx_hal_usart.o
LOAD .pio/build/nucleo_g431kb/FrameworkHALDriver/Src/stm32g4xx_hal_usart_ex.o
LOAD .pio/build/nucleo_g431kb/FrameworkHALDriver/Src/stm32g4xx_hal_wwdg.o
LOAD .pio/build/nucleo_g431kb/FrameworkHALDriver/Src/stm32g4xx_ll_adc.o
LOAD .pio/build/nucleo_g431kb/FrameworkHALDriver/Src/stm32g4xx_ll_comp.o
LOAD .pio/build/nucleo_g431kb/FrameworkHALDriver/Src/stm32g4xx_ll_cordic.o
LOAD .pio/build/nucleo_g431kb/FrameworkHALDriver/Src/stm32g4xx_ll_crc.o
LOAD .pio/build/nucleo_g431kb/FrameworkHALDriver/Src/stm32g4xx_ll_crs.o
LOAD .pio/build/nucleo_g431kb/FrameworkHALDriver/Src/stm32g4xx_ll_dac.o
LOAD .pio/build/nucleo_g431kb/FrameworkHALDriver/Src/stm32g4xx_ll_dma.o
LOAD .pio/build/nucleo_g431kb/FrameworkHALDriver/Src/stm32g4xx_ll_exti.o
LOAD .pio/build/nucleo_g431kb/FrameworkHALDriver/Src/stm32g4xx_ll_fmac.o
LOAD .pio/build/nucleo_g431kb/FrameworkHALDriver/Src/stm32g4xx_ll_fmc.o
LOAD .pio/build/nucleo_g431kb/FrameworkHALDriver/Src/stm32g4xx_ll_gpio.o
LOAD .pio/build/nucleo_g431kb/FrameworkHALDriver/Src/stm32g4xx_ll_hrtim.o
LOAD .pio/build/nucleo_g431kb/FrameworkHALDriver/Src/stm32g4xx_ll_i2c.o
LOAD .pio/build/nucleo_g431kb/FrameworkHALDriver/Src/stm32g4xx_ll_lptim.o
LOAD .pio/build/nucleo_g431kb/FrameworkHALDriver/Src/stm32g4xx_ll_lpuart.o
LOAD .pio/build/nucleo_g431kb/FrameworkHALDriver/Src/stm32g4xx_ll_opamp.o
LOAD .pio/build/nucleo_g431kb/FrameworkHALDriver/Src/stm32g4xx_ll_pwr.o
LOAD .pio/build/nucleo_g431kb/FrameworkHALDriver/Src/stm32g4xx_ll_rcc.o
LOAD .pio/build/nucleo_g431kb/FrameworkHALDriver/Src/stm32g4xx_ll_rng.o
LOAD .pio/build/nucleo_g431kb/FrameworkHALDriver/Src/stm32g4xx_ll_rtc.o
LOAD .pio/build/nucleo_g431kb/FrameworkHALDriver/Src/stm32g4xx_ll_spi.o
LOAD .pio/build/nucleo_g431kb/FrameworkHALDriver/Src/stm32g4xx_ll_tim.o
LOAD .pio/build/nucleo_g431kb/FrameworkHALDriver/Src/stm32g4xx_ll_ucpd.o
LOAD .pio/build/nucleo_g431kb/FrameworkHALDriver/Src/stm32g4xx_ll_usart.o
LOAD .pio/build/nucleo_g431kb/FrameworkHALDriver/Src/stm32g4xx_ll_usb.o
LOAD .pio/build/nucleo_g431kb/FrameworkHALDriver/Src/stm32g4xx_ll_utils.o
LOAD .pio/build/nucleo_g431kb/src/can.o
LOAD .pio/build/nucleo_g431kb/src/clock.o
LOAD .pio/build/nucleo_g431kb/src/dictionary.o
LOAD .pio/build/nucleo_g431kb/src/main.o
LOAD .pio/build/nucleo_g431kb/src/mcu.o
LOAD .pio/build/nucleo_g431kb/src/motor.o
LOAD .pio/build/nucleo_g431kb/src/scheduler.o
LOAD .pio/build/nucleo_g431kb/src/spi.o
LOAD .pio/build/nucleo_g431kb/src/stm32g4xx_hal_msp.o
LOAD .pio/build/nucleo_g431kb/src/stm32g4xx_hal_timebase_tim.o
LOAD .pio/build/nucleo_g431kb/src/stm32g4xx_it.o
START GROUP
LOAD .pio/build/nucleo_g431kb/lib68f/libFreeRTOS.a
LOAD /home/carlo/.platformio/packages/toolchain-gccarmnoneeabi/bin/../lib/gcc/arm-none-eabi/7.2.1/thumb/v7e-m/fpv4-sp/hard/libgcc.a
LOAD /home/carlo/.platformio/packages/toolchain-gccarmnoneeabi/bin/../lib/gcc/arm-none-eabi/7.2.1/../../../../arm-none-eabi/lib/thumb/v7e-m/fpv4-sp/hard/libstdc++_nano.a
LOAD /home/carlo/.platformio/packages/toolchain-gccarmnoneeabi/bin/../lib/gcc/arm-none-eabi/7.2.1/../../../../arm-none-eabi/lib/thumb/v7e-m/fpv4-sp/hard/libnosys.a
LOAD .pio/build/nucleo_g431kb/libFrameworkCMSISDevice.a
END GROUP
LOAD /home/carlo/.platformio/packages/toolchain-gccarmnoneeabi/bin/../lib/gcc/arm-none-eabi/7.2.1/../../../../arm-none-eabi/lib/thumb/v7e-m/fpv4-sp/hard/libstdc++_nano.a
LOAD /home/carlo/.platformio/packages/toolchain-gccarmnoneeabi/bin/../lib/gcc/arm-none-eabi/7.2.1/../../../../arm-none-eabi/lib/thumb/v7e-m/fpv4-sp/hard/libm.a
LOAD /home/carlo/.platformio/packages/toolchain-gccarmnoneeabi/bin/../lib/gcc/arm-none-eabi/7.2.1/../../../../arm-none-eabi/lib/thumb/v7e-m/fpv4-sp/hard/libc_nano.a
START GROUP
LOAD /home/carlo/.platformio/packages/toolchain-gccarmnoneeabi/bin/../lib/gcc/arm-none-eabi/7.2.1/thumb/v7e-m/fpv4-sp/hard/libgcc.a
LOAD /home/carlo/.platformio/packages/toolchain-gccarmnoneeabi/bin/../lib/gcc/arm-none-eabi/7.2.1/../../../../arm-none-eabi/lib/thumb/v7e-m/fpv4-sp/hard/libg_nano.a
LOAD /home/carlo/.platformio/packages/toolchain-gccarmnoneeabi/bin/../lib/gcc/arm-none-eabi/7.2.1/../../../../arm-none-eabi/lib/thumb/v7e-m/fpv4-sp/hard/libc_nano.a
END GROUP
START GROUP
LOAD /home/carlo/.platformio/packages/toolchain-gccarmnoneeabi/bin/../lib/gcc/arm-none-eabi/7.2.1/thumb/v7e-m/fpv4-sp/hard/libgcc.a
LOAD /home/carlo/.platformio/packages/toolchain-gccarmnoneeabi/bin/../lib/gcc/arm-none-eabi/7.2.1/../../../../arm-none-eabi/lib/thumb/v7e-m/fpv4-sp/hard/libc_nano.a
LOAD /home/carlo/.platformio/packages/toolchain-gccarmnoneeabi/bin/../lib/gcc/arm-none-eabi/7.2.1/../../../../arm-none-eabi/lib/thumb/v7e-m/fpv4-sp/hard/libnosys.a
END GROUP
START GROUP
LOAD /home/carlo/.platformio/packages/toolchain-gccarmnoneeabi/bin/../lib/gcc/arm-none-eabi/7.2.1/thumb/v7e-m/fpv4-sp/hard/libgcc.a
LOAD /home/carlo/.platformio/packages/toolchain-gccarmnoneeabi/bin/../lib/gcc/arm-none-eabi/7.2.1/../../../../arm-none-eabi/lib/thumb/v7e-m/fpv4-sp/hard/libc_nano.a
LOAD /home/carlo/.platformio/packages/toolchain-gccarmnoneeabi/bin/../lib/gcc/arm-none-eabi/7.2.1/../../../../arm-none-eabi/lib/thumb/v7e-m/fpv4-sp/hard/libnosys.a
END GROUP
LOAD /home/carlo/.platformio/packages/toolchain-gccarmnoneeabi/bin/../lib/gcc/arm-none-eabi/7.2.1/thumb/v7e-m/fpv4-sp/hard/crtend.o
LOAD /home/carlo/.platformio/packages/toolchain-gccarmnoneeabi/bin/../lib/gcc/arm-none-eabi/7.2.1/thumb/v7e-m/fpv4-sp/hard/crtn.o
                0x0000000020008000                _estack = (ORIGIN (RAM) + LENGTH (RAM))
                0x0000000000000200                _Min_Heap_Size = 0x200
                0x0000000000000400                _Min_Stack_Size = 0x400

.isr_vector     0x0000000008000000      0x1d8
                0x0000000008000000                . = ALIGN (0x4)
 *(.isr_vector)
 .isr_vector    0x0000000008000000      0x1d8 .pio/build/nucleo_g431kb/libFrameworkCMSISDevice.a(startup_stm32g431xx.o)
                0x0000000008000000                g_pfnVectors
                0x00000000080001d8                . = ALIGN (0x4)

.text           0x00000000080001e0     0x54b0
                0x00000000080001e0                . = ALIGN (0x4)
 *(.text)
 .text          0x00000000080001e0       0x40 /home/carlo/.platformio/packages/toolchain-gccarmnoneeabi/bin/../lib/gcc/arm-none-eabi/7.2.1/thumb/v7e-m/fpv4-sp/hard/crtbegin.o
 *(.text*)
 .text.HAL_Init
                0x0000000008000220       0x1e .pio/build/nucleo_g431kb/FrameworkHALDriver/Src/stm32g4xx_hal.o
                0x0000000008000220                HAL_Init
 *fill*         0x000000000800023e        0x2 
 .text.HAL_IncTick
                0x0000000008000240       0x18 .pio/build/nucleo_g431kb/FrameworkHALDriver/Src/stm32g4xx_hal.o
                0x0000000008000240                HAL_IncTick
 .text.HAL_GetTick
                0x0000000008000258        0xc .pio/build/nucleo_g431kb/FrameworkHALDriver/Src/stm32g4xx_hal.o
                0x0000000008000258                HAL_GetTick
 .text.HAL_NVIC_SetPriorityGrouping
                0x0000000008000264       0x24 .pio/build/nucleo_g431kb/FrameworkHALDriver/Src/stm32g4xx_hal_cortex.o
                0x0000000008000264                HAL_NVIC_SetPriorityGrouping
 .text.HAL_NVIC_SetPriority
                0x0000000008000288       0x68 .pio/build/nucleo_g431kb/FrameworkHALDriver/Src/stm32g4xx_hal_cortex.o
                0x0000000008000288                HAL_NVIC_SetPriority
 .text.HAL_NVIC_EnableIRQ
                0x00000000080002f0       0x1c .pio/build/nucleo_g431kb/FrameworkHALDriver/Src/stm32g4xx_hal_cortex.o
                0x00000000080002f0                HAL_NVIC_EnableIRQ
 .text.FDCAN_CalcultateRamBlockAddresses
                0x000000000800030c       0x68 .pio/build/nucleo_g431kb/FrameworkHALDriver/Src/stm32g4xx_hal_fdcan.o
 .text.FDCAN_CopyMessageToRAM
                0x0000000008000374       0x78 .pio/build/nucleo_g431kb/FrameworkHALDriver/Src/stm32g4xx_hal_fdcan.o
 .text.HAL_FDCAN_Init
                0x00000000080003ec      0x1d4 .pio/build/nucleo_g431kb/FrameworkHALDriver/Src/stm32g4xx_hal_fdcan.o
                0x00000000080003ec                HAL_FDCAN_Init
 .text.HAL_FDCAN_ConfigFilter
                0x00000000080005c0       0x64 .pio/build/nucleo_g431kb/FrameworkHALDriver/Src/stm32g4xx_hal_fdcan.o
                0x00000000080005c0                HAL_FDCAN_ConfigFilter
 .text.HAL_FDCAN_Start
                0x0000000008000624       0x2e .pio/build/nucleo_g431kb/FrameworkHALDriver/Src/stm32g4xx_hal_fdcan.o
                0x0000000008000624                HAL_FDCAN_Start
 .text.HAL_FDCAN_AddMessageToTxFifoQ
                0x0000000008000652       0x50 .pio/build/nucleo_g431kb/FrameworkHALDriver/Src/stm32g4xx_hal_fdcan.o
                0x0000000008000652                HAL_FDCAN_AddMessageToTxFifoQ
 *fill*         0x00000000080006a2        0x2 
 .text.HAL_FDCAN_GetRxMessage
                0x00000000080006a4      0x100 .pio/build/nucleo_g431kb/FrameworkHALDriver/Src/stm32g4xx_hal_fdcan.o
                0x00000000080006a4                HAL_FDCAN_GetRxMessage
 .text.HAL_FDCAN_ActivateNotification
                0x00000000080007a4      0x106 .pio/build/nucleo_g431kb/FrameworkHALDriver/Src/stm32g4xx_hal_fdcan.o
                0x00000000080007a4                HAL_FDCAN_ActivateNotification
 .text.HAL_FDCAN_TxEventFifoCallback
                0x00000000080008aa        0x2 .pio/build/nucleo_g431kb/FrameworkHALDriver/Src/stm32g4xx_hal_fdcan.o
                0x00000000080008aa                HAL_FDCAN_TxEventFifoCallback
 .text.HAL_FDCAN_RxFifo1Callback
                0x00000000080008ac        0x2 .pio/build/nucleo_g431kb/FrameworkHALDriver/Src/stm32g4xx_hal_fdcan.o
                0x00000000080008ac                HAL_FDCAN_RxFifo1Callback
 .text.HAL_FDCAN_TxFifoEmptyCallback
                0x00000000080008ae        0x2 .pio/build/nucleo_g431kb/FrameworkHALDriver/Src/stm32g4xx_hal_fdcan.o
                0x00000000080008ae                HAL_FDCAN_TxFifoEmptyCallback
 .text.HAL_FDCAN_TxBufferCompleteCallback
                0x00000000080008b0        0x2 .pio/build/nucleo_g431kb/FrameworkHALDriver/Src/stm32g4xx_hal_fdcan.o
                0x00000000080008b0                HAL_FDCAN_TxBufferCompleteCallback
 .text.HAL_FDCAN_TxBufferAbortCallback
                0x00000000080008b2        0x2 .pio/build/nucleo_g431kb/FrameworkHALDriver/Src/stm32g4xx_hal_fdcan.o
                0x00000000080008b2                HAL_FDCAN_TxBufferAbortCallback
 .text.HAL_FDCAN_TimestampWraparoundCallback
                0x00000000080008b4        0x2 .pio/build/nucleo_g431kb/FrameworkHALDriver/Src/stm32g4xx_hal_fdcan.o
                0x00000000080008b4                HAL_FDCAN_TimestampWraparoundCallback
 .text.HAL_FDCAN_TimeoutOccurredCallback
                0x00000000080008b6        0x2 .pio/build/nucleo_g431kb/FrameworkHALDriver/Src/stm32g4xx_hal_fdcan.o
                0x00000000080008b6                HAL_FDCAN_TimeoutOccurredCallback
 .text.HAL_FDCAN_HighPriorityMessageCallback
                0x00000000080008b8        0x2 .pio/build/nucleo_g431kb/FrameworkHALDriver/Src/stm32g4xx_hal_fdcan.o
                0x00000000080008b8                HAL_FDCAN_HighPriorityMessageCallback
 .text.HAL_FDCAN_ErrorCallback
                0x00000000080008ba        0x2 .pio/build/nucleo_g431kb/FrameworkHALDriver/Src/stm32g4xx_hal_fdcan.o
                0x00000000080008ba                HAL_FDCAN_ErrorCallback
 .text.HAL_FDCAN_ErrorStatusCallback
                0x00000000080008bc        0x2 .pio/build/nucleo_g431kb/FrameworkHALDriver/Src/stm32g4xx_hal_fdcan.o
                0x00000000080008bc                HAL_FDCAN_ErrorStatusCallback
 .text.HAL_FDCAN_IRQHandler
                0x00000000080008be      0x198 .pio/build/nucleo_g431kb/FrameworkHALDriver/Src/stm32g4xx_hal_fdcan.o
                0x00000000080008be                HAL_FDCAN_IRQHandler
 *fill*         0x0000000008000a56        0x2 
 .text.HAL_GPIO_Init
                0x0000000008000a58      0x1a0 .pio/build/nucleo_g431kb/FrameworkHALDriver/Src/stm32g4xx_hal_gpio.o
                0x0000000008000a58                HAL_GPIO_Init
 .text.HAL_GPIO_WritePin
                0x0000000008000bf8        0xa .pio/build/nucleo_g431kb/FrameworkHALDriver/Src/stm32g4xx_hal_gpio.o
                0x0000000008000bf8                HAL_GPIO_WritePin
 *fill*         0x0000000008000c02        0x2 
 .text.HAL_PWREx_ControlVoltageScaling
                0x0000000008000c04      0x10c .pio/build/nucleo_g431kb/FrameworkHALDriver/Src/stm32g4xx_hal_pwr_ex.o
                0x0000000008000c04                HAL_PWREx_ControlVoltageScaling
 .text.HAL_PWREx_DisableUCPDDeadBattery
                0x0000000008000d10       0x10 .pio/build/nucleo_g431kb/FrameworkHALDriver/Src/stm32g4xx_hal_pwr_ex.o
                0x0000000008000d10                HAL_PWREx_DisableUCPDDeadBattery
 .text.RCC_GetSysClockFreqFromPLLSource
                0x0000000008000d20       0x58 .pio/build/nucleo_g431kb/FrameworkHALDriver/Src/stm32g4xx_hal_rcc.o
 .text.HAL_RCC_OscConfig
                0x0000000008000d78      0x4e8 .pio/build/nucleo_g431kb/FrameworkHALDriver/Src/stm32g4xx_hal_rcc.o
                0x0000000008000d78                HAL_RCC_OscConfig
 .text.HAL_RCC_GetSysClockFreq
                0x0000000008001260       0x88 .pio/build/nucleo_g431kb/FrameworkHALDriver/Src/stm32g4xx_hal_rcc.o
                0x0000000008001260                HAL_RCC_GetSysClockFreq
 .text.HAL_RCC_ClockConfig
                0x00000000080012e8      0x1fc .pio/build/nucleo_g431kb/FrameworkHALDriver/Src/stm32g4xx_hal_rcc.o
                0x00000000080012e8                HAL_RCC_ClockConfig
 .text.HAL_RCC_GetHCLKFreq
                0x00000000080014e4        0xc .pio/build/nucleo_g431kb/FrameworkHALDriver/Src/stm32g4xx_hal_rcc.o
                0x00000000080014e4                HAL_RCC_GetHCLKFreq
 .text.HAL_RCC_GetPCLK2Freq
                0x00000000080014f0       0x24 .pio/build/nucleo_g431kb/FrameworkHALDriver/Src/stm32g4xx_hal_rcc.o
                0x00000000080014f0                HAL_RCC_GetPCLK2Freq
 .text.HAL_RCC_GetClockConfig
                0x0000000008001514       0x3c .pio/build/nucleo_g431kb/FrameworkHALDriver/Src/stm32g4xx_hal_rcc.o
                0x0000000008001514                HAL_RCC_GetClockConfig
 .text.HAL_RCCEx_PeriphCLKConfig
                0x0000000008001550      0x2e4 .pio/build/nucleo_g431kb/FrameworkHALDriver/Src/stm32g4xx_hal_rcc_ex.o
                0x0000000008001550                HAL_RCCEx_PeriphCLKConfig
 .text.SPI_WaitFlagStateUntilTimeout
                0x0000000008001834       0xd0 .pio/build/nucleo_g431kb/FrameworkHALDriver/Src/stm32g4xx_hal_spi.o
 .text.SPI_WaitFifoStateUntilTimeout
                0x0000000008001904       0xe4 .pio/build/nucleo_g431kb/FrameworkHALDriver/Src/stm32g4xx_hal_spi.o
 .text.SPI_EndRxTxTransaction
                0x00000000080019e8       0x66 .pio/build/nucleo_g431kb/FrameworkHALDriver/Src/stm32g4xx_hal_spi.o
 .text.SPI_EndRxTransaction
                0x0000000008001a4e       0x88 .pio/build/nucleo_g431kb/FrameworkHALDriver/Src/stm32g4xx_hal_spi.o
 .text.HAL_SPI_Init
                0x0000000008001ad6       0xe8 .pio/build/nucleo_g431kb/FrameworkHALDriver/Src/stm32g4xx_hal_spi.o
                0x0000000008001ad6                HAL_SPI_Init
 .text.HAL_SPI_Transmit
                0x0000000008001bbe      0x1e6 .pio/build/nucleo_g431kb/FrameworkHALDriver/Src/stm32g4xx_hal_spi.o
                0x0000000008001bbe                HAL_SPI_Transmit
 .text.HAL_SPI_TransmitReceive
                0x0000000008001da4      0x2ce .pio/build/nucleo_g431kb/FrameworkHALDriver/Src/stm32g4xx_hal_spi.o
                0x0000000008001da4                HAL_SPI_TransmitReceive
 .text.HAL_SPI_Receive
                0x0000000008002072      0x19e .pio/build/nucleo_g431kb/FrameworkHALDriver/Src/stm32g4xx_hal_spi.o
                0x0000000008002072                HAL_SPI_Receive
 .text.TIM_OC1_SetConfig
                0x0000000008002210       0x9c .pio/build/nucleo_g431kb/FrameworkHALDriver/Src/stm32g4xx_hal_tim.o
 .text.TIM_OC3_SetConfig
                0x00000000080022ac       0x8c .pio/build/nucleo_g431kb/FrameworkHALDriver/Src/stm32g4xx_hal_tim.o
 .text.TIM_OC4_SetConfig
                0x0000000008002338       0x8c .pio/build/nucleo_g431kb/FrameworkHALDriver/Src/stm32g4xx_hal_tim.o
 .text.TIM_OC5_SetConfig
                0x00000000080023c4       0x68 .pio/build/nucleo_g431kb/FrameworkHALDriver/Src/stm32g4xx_hal_tim.o
 .text.TIM_OC6_SetConfig
                0x000000000800242c       0x6c .pio/build/nucleo_g431kb/FrameworkHALDriver/Src/stm32g4xx_hal_tim.o
 .text.TIM_TI1_ConfigInputStage
                0x0000000008002498       0x26 .pio/build/nucleo_g431kb/FrameworkHALDriver/Src/stm32g4xx_hal_tim.o
 .text.TIM_TI2_ConfigInputStage
                0x00000000080024be       0x28 .pio/build/nucleo_g431kb/FrameworkHALDriver/Src/stm32g4xx_hal_tim.o
 .text.TIM_ITRx_SetConfig
                0x00000000080024e6       0x14 .pio/build/nucleo_g431kb/FrameworkHALDriver/Src/stm32g4xx_hal_tim.o
 *fill*         0x00000000080024fa        0x2 
 .text.HAL_TIM_Base_Start_IT
                0x00000000080024fc       0x84 .pio/build/nucleo_g431kb/FrameworkHALDriver/Src/stm32g4xx_hal_tim.o
                0x00000000080024fc                HAL_TIM_Base_Start_IT
 .text.HAL_TIM_PWM_MspInit
                0x0000000008002580        0x2 .pio/build/nucleo_g431kb/FrameworkHALDriver/Src/stm32g4xx_hal_tim.o
                0x0000000008002580                HAL_TIM_PWM_MspInit
 .text.HAL_TIM_OC_DelayElapsedCallback
                0x0000000008002582        0x2 .pio/build/nucleo_g431kb/FrameworkHALDriver/Src/stm32g4xx_hal_tim.o
                0x0000000008002582                HAL_TIM_OC_DelayElapsedCallback
 .text.HAL_TIM_IC_CaptureCallback
                0x0000000008002584        0x2 .pio/build/nucleo_g431kb/FrameworkHALDriver/Src/stm32g4xx_hal_tim.o
                0x0000000008002584                HAL_TIM_IC_CaptureCallback
 .text.HAL_TIM_PWM_PulseFinishedCallback
                0x0000000008002586        0x2 .pio/build/nucleo_g431kb/FrameworkHALDriver/Src/stm32g4xx_hal_tim.o
                0x0000000008002586                HAL_TIM_PWM_PulseFinishedCallback
 .text.HAL_TIM_TriggerCallback
                0x0000000008002588        0x2 .pio/build/nucleo_g431kb/FrameworkHALDriver/Src/stm32g4xx_hal_tim.o
                0x0000000008002588                HAL_TIM_TriggerCallback
 .text.HAL_TIM_IRQHandler
                0x000000000800258a      0x21e .pio/build/nucleo_g431kb/FrameworkHALDriver/Src/stm32g4xx_hal_tim.o
                0x000000000800258a                HAL_TIM_IRQHandler
 .text.TIM_Base_SetConfig
                0x00000000080027a8       0xb8 .pio/build/nucleo_g431kb/FrameworkHALDriver/Src/stm32g4xx_hal_tim.o
                0x00000000080027a8                TIM_Base_SetConfig
 .text.HAL_TIM_Base_Init
                0x0000000008002860       0x5e .pio/build/nucleo_g431kb/FrameworkHALDriver/Src/stm32g4xx_hal_tim.o
                0x0000000008002860                HAL_TIM_Base_Init
 .text.HAL_TIM_PWM_Init
                0x00000000080028be       0x5e .pio/build/nucleo_g431kb/FrameworkHALDriver/Src/stm32g4xx_hal_tim.o
                0x00000000080028be                HAL_TIM_PWM_Init
 .text.TIM_OC2_SetConfig
                0x000000000800291c       0x8c .pio/build/nucleo_g431kb/FrameworkHALDriver/Src/stm32g4xx_hal_tim.o
                0x000000000800291c                TIM_OC2_SetConfig
 .text.HAL_TIM_PWM_ConfigChannel
                0x00000000080029a8      0x128 .pio/build/nucleo_g431kb/FrameworkHALDriver/Src/stm32g4xx_hal_tim.o
                0x00000000080029a8                HAL_TIM_PWM_ConfigChannel
 .text.TIM_ETR_SetConfig
                0x0000000008002ad0       0x18 .pio/build/nucleo_g431kb/FrameworkHALDriver/Src/stm32g4xx_hal_tim.o
                0x0000000008002ad0                TIM_ETR_SetConfig
 .text.HAL_TIM_ConfigClockSource
                0x0000000008002ae8      0x104 .pio/build/nucleo_g431kb/FrameworkHALDriver/Src/stm32g4xx_hal_tim.o
                0x0000000008002ae8                HAL_TIM_ConfigClockSource
 .text.HAL_TIMEx_MasterConfigSynchronization
                0x0000000008002bec       0x94 .pio/build/nucleo_g431kb/FrameworkHALDriver/Src/stm32g4xx_hal_tim_ex.o
                0x0000000008002bec                HAL_TIMEx_MasterConfigSynchronization
 .text.HAL_TIMEx_CommutCallback
                0x0000000008002c80        0x2 .pio/build/nucleo_g431kb/FrameworkHALDriver/Src/stm32g4xx_hal_tim_ex.o
                0x0000000008002c80                HAL_TIMEx_CommutCallback
 .text.HAL_TIMEx_BreakCallback
                0x0000000008002c82        0x2 .pio/build/nucleo_g431kb/FrameworkHALDriver/Src/stm32g4xx_hal_tim_ex.o
                0x0000000008002c82                HAL_TIMEx_BreakCallback
 .text.HAL_TIMEx_Break2Callback
                0x0000000008002c84        0x2 .pio/build/nucleo_g431kb/FrameworkHALDriver/Src/stm32g4xx_hal_tim_ex.o
                0x0000000008002c84                HAL_TIMEx_Break2Callback
 .text.HAL_TIMEx_EncoderIndexCallback
                0x0000000008002c86        0x2 .pio/build/nucleo_g431kb/FrameworkHALDriver/Src/stm32g4xx_hal_tim_ex.o
                0x0000000008002c86                HAL_TIMEx_EncoderIndexCallback
 .text.HAL_TIMEx_DirectionChangeCallback
                0x0000000008002c88        0x2 .pio/build/nucleo_g431kb/FrameworkHALDriver/Src/stm32g4xx_hal_tim_ex.o
                0x0000000008002c88                HAL_TIMEx_DirectionChangeCallback
 .text.HAL_TIMEx_IndexErrorCallback
                0x0000000008002c8a        0x2 .pio/build/nucleo_g431kb/FrameworkHALDriver/Src/stm32g4xx_hal_tim_ex.o
                0x0000000008002c8a                HAL_TIMEx_IndexErrorCallback
 .text.HAL_TIMEx_TransitionErrorCallback
                0x0000000008002c8c        0x2 .pio/build/nucleo_g431kb/FrameworkHALDriver/Src/stm32g4xx_hal_tim_ex.o
                0x0000000008002c8c                HAL_TIMEx_TransitionErrorCallback
 .text._ZN9HSI_ClockD2Ev
                0x0000000008002c8e        0x2 .pio/build/nucleo_g431kb/src/clock.o
                0x0000000008002c8e                HSI_Clock::~HSI_Clock()
                0x0000000008002c8e                HSI_Clock::~HSI_Clock()
 .text._ZN9HSI_ClockD0Ev
                0x0000000008002c90        0xe .pio/build/nucleo_g431kb/src/clock.o
                0x0000000008002c90                HSI_Clock::~HSI_Clock()
 .text._Z13Error_Handlerv
                0x0000000008002c9e        0x4 .pio/build/nucleo_g431kb/src/clock.o
                0x0000000008002c9e                Error_Handler()
 .text._Z18SystemClock_Configv
                0x0000000008002ca2       0x72 .pio/build/nucleo_g431kb/src/clock.o
                0x0000000008002ca2                SystemClock_Config()
 .text._ZNK9HSI_Clock4InitEv
                0x0000000008002d14        0x8 .pio/build/nucleo_g431kb/src/clock.o
                0x0000000008002d14                HSI_Clock::Init() const
 .text._Z41__static_initialization_and_destruction_0ii
                0x0000000008002d1c       0xe0 .pio/build/nucleo_g431kb/src/dictionary.o
 .text._ZNSt7__cxx1110_List_baseI10DictionarySaIS1_EE8_M_clearEv
                0x0000000008002dfc       0x16 .pio/build/nucleo_g431kb/src/dictionary.o
                0x0000000008002dfc                std::__cxx11::_List_base<Dictionary, std::allocator<Dictionary> >::_M_clear()
 .text._ZNSt7__cxx114listI10DictionarySaIS1_EED2Ev
                0x0000000008002e12        0xc .pio/build/nucleo_g431kb/src/dictionary.o
                0x0000000008002e12                std::__cxx11::list<Dictionary, std::allocator<Dictionary> >::~list()
                0x0000000008002e12                std::__cxx11::list<Dictionary, std::allocator<Dictionary> >::~list()
 .text._GLOBAL__sub_I__Z10dictionaryB5cxx11
                0x0000000008002e1e        0xe .pio/build/nucleo_g431kb/src/dictionary.o
 .text._ZN3SpiIhmED2Ev
                0x0000000008002e2c        0x2 .pio/build/nucleo_g431kb/src/main.o
                0x0000000008002e2c                Spi<unsigned char, unsigned long>::~Spi()
                0x0000000008002e2c                Spi<unsigned char, unsigned long>::~Spi()
 .text._ZN3SpiIhmE8GetErrorEv
                0x0000000008002e2e        0x4 .pio/build/nucleo_g431kb/src/main.o
                0x0000000008002e2e                Spi<unsigned char, unsigned long>::GetError()
 .text._ZN3CanI19FDCAN_HandleTypeDef21FDCAN_TxHeaderTypeDef21FDCAN_RxHeaderTypeDef19FDCAN_FilterTypeDefE8GetErrorEv
                0x0000000008002e32        0x4 .pio/build/nucleo_g431kb/src/main.o
                0x0000000008002e32                Can<FDCAN_HandleTypeDef, FDCAN_TxHeaderTypeDef, FDCAN_RxHeaderTypeDef, FDCAN_FilterTypeDef>::GetError()
 *fill*         0x0000000008002e36        0x2 
 .text.vSpiTask
                0x0000000008002e38       0x30 .pio/build/nucleo_g431kb/src/main.o
 .text._ZN3SpiIhmE5WriteEPh
                0x0000000008002e68       0x14 .pio/build/nucleo_g431kb/src/main.o
                0x0000000008002e68                Spi<unsigned char, unsigned long>::Write(unsigned char*)
 .text._ZN3SpiIhmE4ReadEPh
                0x0000000008002e7c       0x14 .pio/build/nucleo_g431kb/src/main.o
                0x0000000008002e7c                Spi<unsigned char, unsigned long>::Read(unsigned char*)
 .text._ZL12MX_SPI1_InitPv
                0x0000000008002e90       0x44 .pio/build/nucleo_g431kb/src/main.o
 .text._ZN3SpiIhmE4InitEv
                0x0000000008002ed4        0xa .pio/build/nucleo_g431kb/src/main.o
                0x0000000008002ed4                Spi<unsigned char, unsigned long>::Init()
 .text._ZN3SpiIhmED0Ev
                0x0000000008002ede        0xe .pio/build/nucleo_g431kb/src/main.o
                0x0000000008002ede                Spi<unsigned char, unsigned long>::~Spi()
 .text._ZN3CanI19FDCAN_HandleTypeDef21FDCAN_TxHeaderTypeDef21FDCAN_RxHeaderTypeDef19FDCAN_FilterTypeDefE5WriteER10Can_Tx_MsgIS1_E
                0x0000000008002eec       0x14 .pio/build/nucleo_g431kb/src/main.o
                0x0000000008002eec                Can<FDCAN_HandleTypeDef, FDCAN_TxHeaderTypeDef, FDCAN_RxHeaderTypeDef, FDCAN_FilterTypeDef>::Write(Can_Tx_Msg<FDCAN_TxHeaderTypeDef>&)
 .text._ZN3CanI19FDCAN_HandleTypeDef21FDCAN_TxHeaderTypeDef21FDCAN_RxHeaderTypeDef19FDCAN_FilterTypeDefE4ReadER10Can_Rx_MsgIS2_E
                0x0000000008002f00       0x16 .pio/build/nucleo_g431kb/src/main.o
                0x0000000008002f00                Can<FDCAN_HandleTypeDef, FDCAN_TxHeaderTypeDef, FDCAN_RxHeaderTypeDef, FDCAN_FilterTypeDef>::Read(Can_Rx_Msg<FDCAN_RxHeaderTypeDef>&)
 *fill*         0x0000000008002f16        0x2 
 .text.MX_GPIO_Init
                0x0000000008002f18       0x74 .pio/build/nucleo_g431kb/src/main.o
 .text._ZL13MX_FDCAN_InitP19FDCAN_HandleTypeDef
                0x0000000008002f8c       0x40 .pio/build/nucleo_g431kb/src/main.o
 .text._ZN3CanI19FDCAN_HandleTypeDef21FDCAN_TxHeaderTypeDef21FDCAN_RxHeaderTypeDef19FDCAN_FilterTypeDefE4InitEv
                0x0000000008002fcc       0x48 .pio/build/nucleo_g431kb/src/main.o
                0x0000000008002fcc                Can<FDCAN_HandleTypeDef, FDCAN_TxHeaderTypeDef, FDCAN_RxHeaderTypeDef, FDCAN_FilterTypeDef>::Init()
 .text._ZN7Can_Obj8vCanTaskEv
                0x0000000008003014       0x94 .pio/build/nucleo_g431kb/src/main.o
                0x0000000008003014                Can_Obj::vCanTask()
 .text.vCanTask
                0x00000000080030a8       0x3c .pio/build/nucleo_g431kb/src/main.o
                0x00000000080030a8                vCanTask
 .text.Error_Handler
                0x00000000080030e4        0x4 .pio/build/nucleo_g431kb/src/main.o
                0x00000000080030e4                Error_Handler
 .text.MX_TIM3_Init
                0x00000000080030e8       0xa4 .pio/build/nucleo_g431kb/src/main.o
 .text.HAL_TIM_PeriodElapsedCallback
                0x000000000800318c       0x18 .pio/build/nucleo_g431kb/src/main.o
                0x000000000800318c                HAL_TIM_PeriodElapsedCallback
 .text.main     0x00000000080031a4       0xd4 .pio/build/nucleo_g431kb/src/main.o
                0x00000000080031a4                main
 .text._ZNSt7__cxx1110_List_baseI10Can_Rx_MsgI21FDCAN_RxHeaderTypeDefESaIS3_EE8_M_clearEv
                0x0000000008003278       0x16 .pio/build/nucleo_g431kb/src/main.o
                0x0000000008003278                std::__cxx11::_List_base<Can_Rx_Msg<FDCAN_RxHeaderTypeDef>, std::allocator<Can_Rx_Msg<FDCAN_RxHeaderTypeDef> > >::_M_clear()
 *fill*         0x000000000800328e        0x2 
 .text._ZN3CanI19FDCAN_HandleTypeDef21FDCAN_TxHeaderTypeDef21FDCAN_RxHeaderTypeDef19FDCAN_FilterTypeDefED2Ev
                0x0000000008003290       0x18 .pio/build/nucleo_g431kb/src/main.o
                0x0000000008003290                Can<FDCAN_HandleTypeDef, FDCAN_TxHeaderTypeDef, FDCAN_RxHeaderTypeDef, FDCAN_FilterTypeDef>::~Can()
                0x0000000008003290                Can<FDCAN_HandleTypeDef, FDCAN_TxHeaderTypeDef, FDCAN_RxHeaderTypeDef, FDCAN_FilterTypeDef>::~Can()
 .text._ZN7Can_ObjD2Ev
                0x00000000080032a8       0x20 .pio/build/nucleo_g431kb/src/main.o
                0x00000000080032a8                Can_Obj::~Can_Obj()
                0x00000000080032a8                Can_Obj::~Can_Obj()
 .text._ZN7Can_ObjD0Ev
                0x00000000080032c8       0x28 .pio/build/nucleo_g431kb/src/main.o
                0x00000000080032c8                Can_Obj::~Can_Obj()
 .text._ZN3CanI19FDCAN_HandleTypeDef21FDCAN_TxHeaderTypeDef21FDCAN_RxHeaderTypeDef19FDCAN_FilterTypeDefED0Ev
                0x00000000080032f0       0x20 .pio/build/nucleo_g431kb/src/main.o
                0x00000000080032f0                Can<FDCAN_HandleTypeDef, FDCAN_TxHeaderTypeDef, FDCAN_RxHeaderTypeDef, FDCAN_FilterTypeDef>::~Can()
 .text._ZN3MCUD2Ev
                0x0000000008003310        0x2 .pio/build/nucleo_g431kb/src/mcu.o
                0x0000000008003310                MCU::~MCU()
                0x0000000008003310                MCU::~MCU()
 .text._ZN3MCUD0Ev
                0x0000000008003312        0xe .pio/build/nucleo_g431kb/src/mcu.o
                0x0000000008003312                MCU::~MCU()
 .text._ZN3MCUC2Ev
                0x0000000008003320       0x14 .pio/build/nucleo_g431kb/src/mcu.o
                0x0000000008003320                MCU::MCU()
                0x0000000008003320                MCU::MCU()
 .text._ZN3MCU16get_mcu_instanceEv
                0x0000000008003334       0x28 .pio/build/nucleo_g431kb/src/mcu.o
                0x0000000008003334                MCU::get_mcu_instance()
 .text._ZN3MCU9Set_ClockER5Clock
                0x000000000800335c        0x4 .pio/build/nucleo_g431kb/src/mcu.o
                0x000000000800335c                MCU::Set_Clock(Clock&)
 .text._ZN3MCU12Register_CanER7Can_Obj
                0x0000000008003360        0x4 .pio/build/nucleo_g431kb/src/mcu.o
                0x0000000008003360                MCU::Register_Can(Can_Obj&)
 .text._ZN3MCU12Register_SpiER3SpiIhmE
                0x0000000008003364        0x4 .pio/build/nucleo_g431kb/src/mcu.o
                0x0000000008003364                MCU::Register_Spi(Spi<unsigned char, unsigned long>&)
 .text._Z14Motor_Callback9mode_type
                0x0000000008003368       0x24 .pio/build/nucleo_g431kb/src/motor.o
                0x0000000008003368                Motor_Callback(mode_type)
 .text.HAL_MspInit
                0x000000000800338c       0x38 .pio/build/nucleo_g431kb/src/stm32g4xx_hal_msp.o
                0x000000000800338c                HAL_MspInit
 .text.HAL_FDCAN_MspInit
                0x00000000080033c4       0xb0 .pio/build/nucleo_g431kb/src/stm32g4xx_hal_msp.o
                0x00000000080033c4                HAL_FDCAN_MspInit
 .text.HAL_SPI_MspInit
                0x0000000008003474       0x64 .pio/build/nucleo_g431kb/src/stm32g4xx_hal_msp.o
                0x0000000008003474                HAL_SPI_MspInit
 .text.HAL_TIM_Base_MspInit
                0x00000000080034d8       0x2c .pio/build/nucleo_g431kb/src/stm32g4xx_hal_msp.o
                0x00000000080034d8                HAL_TIM_Base_MspInit
 .text.HAL_InitTick
                0x0000000008003504       0x90 .pio/build/nucleo_g431kb/src/stm32g4xx_hal_timebase_tim.o
                0x0000000008003504                HAL_InitTick
 .text.NMI_Handler
                0x0000000008003594        0x2 .pio/build/nucleo_g431kb/src/stm32g4xx_it.o
                0x0000000008003594                NMI_Handler
 .text.HardFault_Handler
                0x0000000008003596        0x2 .pio/build/nucleo_g431kb/src/stm32g4xx_it.o
                0x0000000008003596                HardFault_Handler
 .text.MemManage_Handler
                0x0000000008003598        0x2 .pio/build/nucleo_g431kb/src/stm32g4xx_it.o
                0x0000000008003598                MemManage_Handler
 .text.BusFault_Handler
                0x000000000800359a        0x2 .pio/build/nucleo_g431kb/src/stm32g4xx_it.o
                0x000000000800359a                BusFault_Handler
 .text.UsageFault_Handler
                0x000000000800359c        0x2 .pio/build/nucleo_g431kb/src/stm32g4xx_it.o
                0x000000000800359c                UsageFault_Handler
 .text.DebugMon_Handler
                0x000000000800359e        0x2 .pio/build/nucleo_g431kb/src/stm32g4xx_it.o
                0x000000000800359e                DebugMon_Handler
 .text.SysTick_Handler
                0x00000000080035a0        0x2 .pio/build/nucleo_g431kb/src/stm32g4xx_it.o
                0x00000000080035a0                SysTick_Handler
 *fill*         0x00000000080035a2        0x2 
 .text.TIM1_UP_TIM16_IRQHandler
                0x00000000080035a4       0x1c .pio/build/nucleo_g431kb/src/stm32g4xx_it.o
                0x00000000080035a4                TIM1_UP_TIM16_IRQHandler
 .text.FDCAN1_IT0_IRQHandler
                0x00000000080035c0       0x10 .pio/build/nucleo_g431kb/src/stm32g4xx_it.o
                0x00000000080035c0                FDCAN1_IT0_IRQHandler
 .text.FDCAN1_IT1_IRQHandler
                0x00000000080035d0       0x10 .pio/build/nucleo_g431kb/src/stm32g4xx_it.o
                0x00000000080035d0                FDCAN1_IT1_IRQHandler
 .text._ZN3CanI19FDCAN_HandleTypeDef21FDCAN_TxHeaderTypeDef21FDCAN_RxHeaderTypeDef19FDCAN_FilterTypeDefE14QueueRxMessageER10Can_Rx_MsgIS2_E
                0x00000000080035e0       0x46 .pio/build/nucleo_g431kb/src/stm32g4xx_it.o
                0x00000000080035e0                Can<FDCAN_HandleTypeDef, FDCAN_TxHeaderTypeDef, FDCAN_RxHeaderTypeDef, FDCAN_FilterTypeDef>::QueueRxMessage(Can_Rx_Msg<FDCAN_RxHeaderTypeDef>&)
 .text.HAL_FDCAN_RxFifo0Callback
                0x0000000008003626       0x22 .pio/build/nucleo_g431kb/src/stm32g4xx_it.o
                0x0000000008003626                HAL_FDCAN_RxFifo0Callback
 .text.prvTaskExitError
                0x0000000008003648       0x40 .pio/build/nucleo_g431kb/lib68f/libFreeRTOS.a(port.o)
 .text.prvPortStartFirstTask
                0x0000000008003688       0x28 .pio/build/nucleo_g431kb/lib68f/libFreeRTOS.a(port.o)
 .text.vPortEnableVFP
                0x00000000080036b0       0x14 .pio/build/nucleo_g431kb/lib68f/libFreeRTOS.a(port.o)
 .text.pxPortInitialiseStack
                0x00000000080036c4       0x2c .pio/build/nucleo_g431kb/lib68f/libFreeRTOS.a(port.o)
                0x00000000080036c4                pxPortInitialiseStack
 .text.SVC_Handler
                0x00000000080036f0       0x24 .pio/build/nucleo_g431kb/lib68f/libFreeRTOS.a(port.o)
                0x00000000080036f0                SVC_Handler
 .text.vPortEnterCritical
                0x0000000008003714       0x44 .pio/build/nucleo_g431kb/lib68f/libFreeRTOS.a(port.o)
                0x0000000008003714                vPortEnterCritical
 .text.vPortExitCritical
                0x0000000008003758       0x2c .pio/build/nucleo_g431kb/lib68f/libFreeRTOS.a(port.o)
                0x0000000008003758                vPortExitCritical
 *fill*         0x0000000008003784        0xc 
 .text.PendSV_Handler
                0x0000000008003790       0x64 .pio/build/nucleo_g431kb/lib68f/libFreeRTOS.a(port.o)
                0x0000000008003790                PendSV_Handler
 .text.xPortSysTickHandler
                0x00000000080037f4       0x2c .pio/build/nucleo_g431kb/lib68f/libFreeRTOS.a(port.o)
                0x00000000080037f4                xPortSysTickHandler
 .text.vPortSetupTimerInterrupt
                0x0000000008003820       0x38 .pio/build/nucleo_g431kb/lib68f/libFreeRTOS.a(port.o)
                0x0000000008003820                vPortSetupTimerInterrupt
 .text.xPortStartScheduler
                0x0000000008003858      0x110 .pio/build/nucleo_g431kb/lib68f/libFreeRTOS.a(port.o)
                0x0000000008003858                xPortStartScheduler
 .text.vPortValidateInterruptPriority
                0x0000000008003968       0x5c .pio/build/nucleo_g431kb/lib68f/libFreeRTOS.a(port.o)
                0x0000000008003968                vPortValidateInterruptPriority
 .text.prvResetNextTaskUnblockTime
                0x00000000080039c4       0x2c .pio/build/nucleo_g431kb/lib68f/libFreeRTOS.a(tasks.o)
 .text.prvInitialiseNewTask
                0x00000000080039f0       0xfe .pio/build/nucleo_g431kb/lib68f/libFreeRTOS.a(tasks.o)
 *fill*         0x0000000008003aee        0x2 
 .text.prvInitialiseTaskLists
                0x0000000008003af0       0x68 .pio/build/nucleo_g431kb/lib68f/libFreeRTOS.a(tasks.o)
 .text.prvAddNewTaskToReadyList
                0x0000000008003b58       0xac .pio/build/nucleo_g431kb/lib68f/libFreeRTOS.a(tasks.o)
 .text.prvDeleteTCB
                0x0000000008003c04       0x40 .pio/build/nucleo_g431kb/lib68f/libFreeRTOS.a(tasks.o)
 .text.prvCheckTasksWaitingTermination
                0x0000000008003c44       0x4c .pio/build/nucleo_g431kb/lib68f/libFreeRTOS.a(tasks.o)
 .text.prvIdleTask
                0x0000000008003c90       0x28 .pio/build/nucleo_g431kb/lib68f/libFreeRTOS.a(tasks.o)
 .text.prvAddCurrentTaskToDelayedList
                0x0000000008003cb8       0x7c .pio/build/nucleo_g431kb/lib68f/libFreeRTOS.a(tasks.o)
 .text.xTaskCreateStatic
                0x0000000008003d34       0x78 .pio/build/nucleo_g431kb/lib68f/libFreeRTOS.a(tasks.o)
                0x0000000008003d34                xTaskCreateStatic
 .text.xTaskCreate
                0x0000000008003dac       0x68 .pio/build/nucleo_g431kb/lib68f/libFreeRTOS.a(tasks.o)
                0x0000000008003dac                xTaskCreate
 .text.vTaskStartScheduler
                0x0000000008003e14       0xa4 .pio/build/nucleo_g431kb/lib68f/libFreeRTOS.a(tasks.o)
                0x0000000008003e14                vTaskStartScheduler
 .text.vTaskSuspendAll
                0x0000000008003eb8       0x10 .pio/build/nucleo_g431kb/lib68f/libFreeRTOS.a(tasks.o)
                0x0000000008003eb8                vTaskSuspendAll
 .text.xTaskGetTickCount
                0x0000000008003ec8        0xc .pio/build/nucleo_g431kb/lib68f/libFreeRTOS.a(tasks.o)
                0x0000000008003ec8                xTaskGetTickCount
 .text.xTaskIncrementTick
                0x0000000008003ed4      0x118 .pio/build/nucleo_g431kb/lib68f/libFreeRTOS.a(tasks.o)
                0x0000000008003ed4                xTaskIncrementTick
 .text.xTaskResumeAll
                0x0000000008003fec       0xf4 .pio/build/nucleo_g431kb/lib68f/libFreeRTOS.a(tasks.o)
                0x0000000008003fec                xTaskResumeAll
 .text.vTaskSwitchContext
                0x00000000080040e0       0xa4 .pio/build/nucleo_g431kb/lib68f/libFreeRTOS.a(tasks.o)
                0x00000000080040e0                vTaskSwitchContext
 .text.vTaskPlaceOnEventList
                0x0000000008004184       0x30 .pio/build/nucleo_g431kb/lib68f/libFreeRTOS.a(tasks.o)
                0x0000000008004184                vTaskPlaceOnEventList
 .text.vTaskPlaceOnEventListRestricted
                0x00000000080041b4       0x38 .pio/build/nucleo_g431kb/lib68f/libFreeRTOS.a(tasks.o)
                0x00000000080041b4                vTaskPlaceOnEventListRestricted
 .text.xTaskRemoveFromEventList
                0x00000000080041ec       0x8c .pio/build/nucleo_g431kb/lib68f/libFreeRTOS.a(tasks.o)
                0x00000000080041ec                xTaskRemoveFromEventList
 .text.vTaskInternalSetTimeOutState
                0x0000000008004278       0x18 .pio/build/nucleo_g431kb/lib68f/libFreeRTOS.a(tasks.o)
                0x0000000008004278                vTaskInternalSetTimeOutState
 .text.xTaskCheckForTimeOut
                0x0000000008004290       0x80 .pio/build/nucleo_g431kb/lib68f/libFreeRTOS.a(tasks.o)
                0x0000000008004290                xTaskCheckForTimeOut
 .text.vTaskMissedYield
                0x0000000008004310        0xc .pio/build/nucleo_g431kb/lib68f/libFreeRTOS.a(tasks.o)
                0x0000000008004310                vTaskMissedYield
 .text.xTaskGetSchedulerState
                0x000000000800431c       0x20 .pio/build/nucleo_g431kb/lib68f/libFreeRTOS.a(tasks.o)
                0x000000000800431c                xTaskGetSchedulerState
 .text.xTaskPriorityDisinherit
                0x000000000800433c       0x90 .pio/build/nucleo_g431kb/lib68f/libFreeRTOS.a(tasks.o)
                0x000000000800433c                xTaskPriorityDisinherit
 .text.prvGetNextExpireTime
                0x00000000080043cc       0x20 .pio/build/nucleo_g431kb/lib68f/libFreeRTOS.a(timers.o)
 .text.prvInsertTimerInActiveList
                0x00000000080043ec       0x48 .pio/build/nucleo_g431kb/lib68f/libFreeRTOS.a(timers.o)
 .text.prvCheckForValidListAndQueue
                0x0000000008004434       0x70 .pio/build/nucleo_g431kb/lib68f/libFreeRTOS.a(timers.o)
 .text.xTimerCreateTimerTask
                0x00000000080044a4       0x64 .pio/build/nucleo_g431kb/lib68f/libFreeRTOS.a(timers.o)
                0x00000000080044a4                xTimerCreateTimerTask
 .text.xTimerGenericCommand
                0x0000000008004508       0x6c .pio/build/nucleo_g431kb/lib68f/libFreeRTOS.a(timers.o)
                0x0000000008004508                xTimerGenericCommand
 .text.prvSwitchTimerLists
                0x0000000008004574       0x7c .pio/build/nucleo_g431kb/lib68f/libFreeRTOS.a(timers.o)
 .text.prvSampleTimeNow
                0x00000000080045f0       0x2c .pio/build/nucleo_g431kb/lib68f/libFreeRTOS.a(timers.o)
 .text.prvProcessExpiredTimer
                0x000000000800461c       0x6c .pio/build/nucleo_g431kb/lib68f/libFreeRTOS.a(timers.o)
 .text.prvProcessTimerOrBlockTask
                0x0000000008004688       0x74 .pio/build/nucleo_g431kb/lib68f/libFreeRTOS.a(timers.o)
 .text.prvProcessReceivedCommands
                0x00000000080046fc      0x110 .pio/build/nucleo_g431kb/lib68f/libFreeRTOS.a(timers.o)
 .text.prvTimerTask
                0x000000000800480c       0x16 .pio/build/nucleo_g431kb/lib68f/libFreeRTOS.a(timers.o)
 *fill*         0x0000000008004822        0x2 
 .text.vApplicationGetIdleTaskMemory
                0x0000000008004824       0x18 .pio/build/nucleo_g431kb/lib68f/libFreeRTOS.a(cmsis_os2.o)
                0x0000000008004824                vApplicationGetIdleTaskMemory
 .text.vApplicationGetTimerTaskMemory
                0x000000000800483c       0x18 .pio/build/nucleo_g431kb/lib68f/libFreeRTOS.a(cmsis_os2.o)
                0x000000000800483c                vApplicationGetTimerTaskMemory
 .text.prvHeapInit
                0x0000000008004854       0x64 .pio/build/nucleo_g431kb/lib68f/libFreeRTOS.a(heap_4.o)
 .text.prvInsertBlockIntoFreeList
                0x00000000080048b8       0x58 .pio/build/nucleo_g431kb/lib68f/libFreeRTOS.a(heap_4.o)
 .text.pvPortMalloc
                0x0000000008004910      0x114 .pio/build/nucleo_g431kb/lib68f/libFreeRTOS.a(heap_4.o)
                0x0000000008004910                pvPortMalloc
 .text.vPortFree
                0x0000000008004a24       0x7c .pio/build/nucleo_g431kb/lib68f/libFreeRTOS.a(heap_4.o)
                0x0000000008004a24                vPortFree
 .text.vListInitialise
                0x0000000008004aa0       0x16 .pio/build/nucleo_g431kb/lib68f/libFreeRTOS.a(list.o)
                0x0000000008004aa0                vListInitialise
 .text.vListInitialiseItem
                0x0000000008004ab6        0x6 .pio/build/nucleo_g431kb/lib68f/libFreeRTOS.a(list.o)
                0x0000000008004ab6                vListInitialiseItem
 .text.vListInsertEnd
                0x0000000008004abc       0x18 .pio/build/nucleo_g431kb/lib68f/libFreeRTOS.a(list.o)
                0x0000000008004abc                vListInsertEnd
 .text.vListInsert
                0x0000000008004ad4       0x34 .pio/build/nucleo_g431kb/lib68f/libFreeRTOS.a(list.o)
                0x0000000008004ad4                vListInsert
 .text.uxListRemove
                0x0000000008004b08       0x28 .pio/build/nucleo_g431kb/lib68f/libFreeRTOS.a(list.o)
                0x0000000008004b08                uxListRemove
 .text.prvIsQueueFull
                0x0000000008004b30       0x1e .pio/build/nucleo_g431kb/lib68f/libFreeRTOS.a(queue.o)
 .text.prvIsQueueEmpty
                0x0000000008004b4e       0x1a .pio/build/nucleo_g431kb/lib68f/libFreeRTOS.a(queue.o)
 .text.prvCopyDataToQueue
                0x0000000008004b68       0x76 .pio/build/nucleo_g431kb/lib68f/libFreeRTOS.a(queue.o)
 .text.prvCopyDataFromQueue
                0x0000000008004bde       0x24 .pio/build/nucleo_g431kb/lib68f/libFreeRTOS.a(queue.o)
 .text.prvUnlockQueue
                0x0000000008004c02       0x6e .pio/build/nucleo_g431kb/lib68f/libFreeRTOS.a(queue.o)
 .text.xQueueGenericReset
                0x0000000008004c70       0x84 .pio/build/nucleo_g431kb/lib68f/libFreeRTOS.a(queue.o)
                0x0000000008004c70                xQueueGenericReset
 .text.prvInitialiseNewQueue
                0x0000000008004cf4       0x22 .pio/build/nucleo_g431kb/lib68f/libFreeRTOS.a(queue.o)
 .text.xQueueGenericCreateStatic
                0x0000000008004d16       0x92 .pio/build/nucleo_g431kb/lib68f/libFreeRTOS.a(queue.o)
                0x0000000008004d16                xQueueGenericCreateStatic
 .text.xQueueGenericSend
                0x0000000008004da8      0x17c .pio/build/nucleo_g431kb/lib68f/libFreeRTOS.a(queue.o)
                0x0000000008004da8                xQueueGenericSend
 .text.xQueueGenericSendFromISR
                0x0000000008004f24       0xce .pio/build/nucleo_g431kb/lib68f/libFreeRTOS.a(queue.o)
                0x0000000008004f24                xQueueGenericSendFromISR
 *fill*         0x0000000008004ff2        0x2 
 .text.xQueueReceive
                0x0000000008004ff4      0x158 .pio/build/nucleo_g431kb/lib68f/libFreeRTOS.a(queue.o)
                0x0000000008004ff4                xQueueReceive
 .text.vQueueAddToRegistry
                0x000000000800514c       0x28 .pio/build/nucleo_g431kb/lib68f/libFreeRTOS.a(queue.o)
                0x000000000800514c                vQueueAddToRegistry
 .text.vQueueWaitForMessageRestricted
                0x0000000008005174       0x52 .pio/build/nucleo_g431kb/lib68f/libFreeRTOS.a(queue.o)
                0x0000000008005174                vQueueWaitForMessageRestricted
 .text._Znwj    0x00000000080051c6       0x22 /home/carlo/.platformio/packages/toolchain-gccarmnoneeabi/bin/../lib/gcc/arm-none-eabi/7.2.1/../../../../arm-none-eabi/lib/thumb/v7e-m/fpv4-sp/hard/libstdc++_nano.a(new_op.o)
                0x00000000080051c6                operator new(unsigned int)
 .text.__cxa_guard_acquire
                0x00000000080051e8       0x18 /home/carlo/.platformio/packages/toolchain-gccarmnoneeabi/bin/../lib/gcc/arm-none-eabi/7.2.1/../../../../arm-none-eabi/lib/thumb/v7e-m/fpv4-sp/hard/libstdc++_nano.a(guard.o)
                0x00000000080051e8                __cxa_guard_acquire
 .text.__cxa_guard_release
                0x0000000008005200        0x6 /home/carlo/.platformio/packages/toolchain-gccarmnoneeabi/bin/../lib/gcc/arm-none-eabi/7.2.1/../../../../arm-none-eabi/lib/thumb/v7e-m/fpv4-sp/hard/libstdc++_nano.a(guard.o)
                0x0000000008005200                __cxa_guard_release
 .text._ZdlPv   0x0000000008005206        0x4 /home/carlo/.platformio/packages/toolchain-gccarmnoneeabi/bin/../lib/gcc/arm-none-eabi/7.2.1/../../../../arm-none-eabi/lib/thumb/v7e-m/fpv4-sp/hard/libstdc++_nano.a(del_op.o)
                0x0000000008005206                operator delete(void*)
 *fill*         0x000000000800520a        0x2 
 .text._ZSt15get_new_handlerv
                0x000000000800520c       0x10 /home/carlo/.platformio/packages/toolchain-gccarmnoneeabi/bin/../lib/gcc/arm-none-eabi/7.2.1/../../../../arm-none-eabi/lib/thumb/v7e-m/fpv4-sp/hard/libstdc++_nano.a(new_handler.o)
                0x000000000800520c                std::get_new_handler()
 .text.__aeabi_atexit
                0x000000000800521c        0xa /home/carlo/.platformio/packages/toolchain-gccarmnoneeabi/bin/../lib/gcc/arm-none-eabi/7.2.1/../../../../arm-none-eabi/lib/thumb/v7e-m/fpv4-sp/hard/libstdc++_nano.a(atexit_arm.o)
                0x000000000800521c                __aeabi_atexit
 .text._ZdlPvj  0x0000000008005226        0x4 /home/carlo/.platformio/packages/toolchain-gccarmnoneeabi/bin/../lib/gcc/arm-none-eabi/7.2.1/../../../../arm-none-eabi/lib/thumb/v7e-m/fpv4-sp/hard/libstdc++_nano.a(del_ops.o)
                0x0000000008005226                operator delete(void*, unsigned int)
 .text._ZNSt8__detail15_List_node_base7_M_hookEPS0_
                0x000000000800522a        0xe /home/carlo/.platformio/packages/toolchain-gccarmnoneeabi/bin/../lib/gcc/arm-none-eabi/7.2.1/../../../../arm-none-eabi/lib/thumb/v7e-m/fpv4-sp/hard/libstdc++_nano.a(list.o)
                0x000000000800522a                std::__detail::_List_node_base::_M_hook(std::__detail::_List_node_base*)
 .text._ZNSt8__detail15_List_node_base9_M_unhookEv
                0x0000000008005238        0xa /home/carlo/.platformio/packages/toolchain-gccarmnoneeabi/bin/../lib/gcc/arm-none-eabi/7.2.1/../../../../arm-none-eabi/lib/thumb/v7e-m/fpv4-sp/hard/libstdc++_nano.a(list.o)
                0x0000000008005238                std::__detail::_List_node_base::_M_unhook()
 *fill*         0x0000000008005242        0x2 
 .text.Reset_Handler
                0x0000000008005244       0x50 .pio/build/nucleo_g431kb/libFrameworkCMSISDevice.a(startup_stm32g431xx.o)
                0x0000000008005244                Reset_Handler
 .text.Default_Handler
                0x0000000008005294        0x2 .pio/build/nucleo_g431kb/libFrameworkCMSISDevice.a(startup_stm32g431xx.o)
                0x0000000008005294                RTC_Alarm_IRQHandler
                0x0000000008005294                EXTI2_IRQHandler
                0x0000000008005294                TIM8_TRG_COM_IRQHandler
                0x0000000008005294                TIM8_CC_IRQHandler
                0x0000000008005294                TIM1_CC_IRQHandler
                0x0000000008005294                USB_HP_IRQHandler
                0x0000000008005294                CORDIC_IRQHandler
                0x0000000008005294                EXTI3_IRQHandler
                0x0000000008005294                I2C3_ER_IRQHandler
                0x0000000008005294                EXTI0_IRQHandler
                0x0000000008005294                I2C2_EV_IRQHandler
                0x0000000008005294                FPU_IRQHandler
                0x0000000008005294                ADC1_2_IRQHandler
                0x0000000008005294                SPI1_IRQHandler
                0x0000000008005294                TIM6_DAC_IRQHandler
                0x0000000008005294                TIM8_UP_IRQHandler
                0x0000000008005294                DMA2_Channel2_IRQHandler
                0x0000000008005294                DMA1_Channel4_IRQHandler
                0x0000000008005294                USART3_IRQHandler
                0x0000000008005294                TIM4_IRQHandler
                0x0000000008005294                DMA2_Channel1_IRQHandler
                0x0000000008005294                I2C1_EV_IRQHandler
                0x0000000008005294                DMA1_Channel6_IRQHandler
                0x0000000008005294                UART4_IRQHandler
                0x0000000008005294                DMA2_Channel4_IRQHandler
                0x0000000008005294                TIM3_IRQHandler
                0x0000000008005294                RCC_IRQHandler
                0x0000000008005294                DMA1_Channel1_IRQHandler
                0x0000000008005294                Default_Handler
                0x0000000008005294                RTC_TAMP_LSECSS_IRQHandler
                0x0000000008005294                FMAC_IRQHandler
                0x0000000008005294                EXTI15_10_IRQHandler
                0x0000000008005294                TIM7_IRQHandler
                0x0000000008005294                UCPD1_IRQHandler
                0x0000000008005294                I2C3_EV_IRQHandler
                0x0000000008005294                EXTI9_5_IRQHandler
                0x0000000008005294                RTC_WKUP_IRQHandler
                0x0000000008005294                PVD_PVM_IRQHandler
                0x0000000008005294                SPI2_IRQHandler
                0x0000000008005294                DMA2_Channel5_IRQHandler
                0x0000000008005294                CRS_IRQHandler
                0x0000000008005294                DMA1_Channel5_IRQHandler
                0x0000000008005294                USB_LP_IRQHandler
                0x0000000008005294                EXTI4_IRQHandler
                0x0000000008005294                RNG_IRQHandler
                0x0000000008005294                TIM1_TRG_COM_TIM17_IRQHandler
                0x0000000008005294                DMA1_Channel3_IRQHandler
                0x0000000008005294                WWDG_IRQHandler
                0x0000000008005294                LPUART1_IRQHandler
                0x0000000008005294                DMA2_Channel6_IRQHandler
                0x0000000008005294                TIM2_IRQHandler
                0x0000000008005294                COMP1_2_3_IRQHandler
                0x0000000008005294                EXTI1_IRQHandler
                0x0000000008005294                USART2_IRQHandler
                0x0000000008005294                I2C2_ER_IRQHandler
                0x0000000008005294                DMA1_Channel2_IRQHandler
                0x0000000008005294                TIM8_BRK_IRQHandler
                0x0000000008005294                FLASH_IRQHandler
                0x0000000008005294                USART1_IRQHandler
                0x0000000008005294                SPI3_IRQHandler
                0x0000000008005294                I2C1_ER_IRQHandler
                0x0000000008005294                LPTIM1_IRQHandler
                0x0000000008005294                DMAMUX_OVR_IRQHandler
                0x0000000008005294                USBWakeUp_IRQHandler
                0x0000000008005294                SAI1_IRQHandler
                0x0000000008005294                DMA2_Channel3_IRQHandler
                0x0000000008005294                COMP4_IRQHandler
                0x0000000008005294                TIM1_BRK_TIM15_IRQHandler
 *fill*         0x0000000008005296        0x2 
 .text.SystemInit
                0x0000000008005298       0x14 .pio/build/nucleo_g431kb/libFrameworkCMSISDevice.a(system_stm32g4xx.o)
                0x0000000008005298                SystemInit
 .text.abort    0x00000000080052ac        0xe /home/carlo/.platformio/packages/toolchain-gccarmnoneeabi/bin/../lib/gcc/arm-none-eabi/7.2.1/../../../../arm-none-eabi/lib/thumb/v7e-m/fpv4-sp/hard/libc_nano.a(lib_a-abort.o)
                0x00000000080052ac                abort
 *fill*         0x00000000080052ba        0x2 
 .text.__cxa_atexit
                0x00000000080052bc       0x1c /home/carlo/.platformio/packages/toolchain-gccarmnoneeabi/bin/../lib/gcc/arm-none-eabi/7.2.1/../../../../arm-none-eabi/lib/thumb/v7e-m/fpv4-sp/hard/libc_nano.a(lib_a-cxa_atexit.o)
                0x00000000080052bc                __cxa_atexit
 .text.__libc_init_array
                0x00000000080052d8       0x48 /home/carlo/.platformio/packages/toolchain-gccarmnoneeabi/bin/../lib/gcc/arm-none-eabi/7.2.1/../../../../arm-none-eabi/lib/thumb/v7e-m/fpv4-sp/hard/libc_nano.a(lib_a-init.o)
                0x00000000080052d8                __libc_init_array
 .text.malloc   0x0000000008005320       0x10 /home/carlo/.platformio/packages/toolchain-gccarmnoneeabi/bin/../lib/gcc/arm-none-eabi/7.2.1/../../../../arm-none-eabi/lib/thumb/v7e-m/fpv4-sp/hard/libc_nano.a(lib_a-malloc.o)
                0x0000000008005320                malloc
 .text.free     0x0000000008005330       0x10 /home/carlo/.platformio/packages/toolchain-gccarmnoneeabi/bin/../lib/gcc/arm-none-eabi/7.2.1/../../../../arm-none-eabi/lib/thumb/v7e-m/fpv4-sp/hard/libc_nano.a(lib_a-malloc.o)
                0x0000000008005330                free
 .text.memcpy   0x0000000008005340       0x16 /home/carlo/.platformio/packages/toolchain-gccarmnoneeabi/bin/../lib/gcc/arm-none-eabi/7.2.1/../../../../arm-none-eabi/lib/thumb/v7e-m/fpv4-sp/hard/libc_nano.a(lib_a-memcpy-stub.o)
                0x0000000008005340                memcpy
 .text.memset   0x0000000008005356       0x10 /home/carlo/.platformio/packages/toolchain-gccarmnoneeabi/bin/../lib/gcc/arm-none-eabi/7.2.1/../../../../arm-none-eabi/lib/thumb/v7e-m/fpv4-sp/hard/libc_nano.a(lib_a-memset.o)
                0x0000000008005356                memset
 *fill*         0x0000000008005366        0x2 
 .text._free_r  0x0000000008005368       0x9c /home/carlo/.platformio/packages/toolchain-gccarmnoneeabi/bin/../lib/gcc/arm-none-eabi/7.2.1/../../../../arm-none-eabi/lib/thumb/v7e-m/fpv4-sp/hard/libc_nano.a(lib_a-nano-freer.o)
                0x0000000008005368                _free_r
 .text._malloc_r
                0x0000000008005404       0xb4 /home/carlo/.platformio/packages/toolchain-gccarmnoneeabi/bin/../lib/gcc/arm-none-eabi/7.2.1/../../../../arm-none-eabi/lib/thumb/v7e-m/fpv4-sp/hard/libc_nano.a(lib_a-nano-mallocr.o)
                0x0000000008005404                _malloc_r
 .text.cleanup_glue
                0x00000000080054b8       0x1a /home/carlo/.platformio/packages/toolchain-gccarmnoneeabi/bin/../lib/gcc/arm-none-eabi/7.2.1/../../../../arm-none-eabi/lib/thumb/v7e-m/fpv4-sp/hard/libc_nano.a(lib_a-reent.o)
                0x00000000080054b8                cleanup_glue
 *fill*         0x00000000080054d2        0x2 
 .text._reclaim_reent
                0x00000000080054d4       0xb8 /home/carlo/.platformio/packages/toolchain-gccarmnoneeabi/bin/../lib/gcc/arm-none-eabi/7.2.1/../../../../arm-none-eabi/lib/thumb/v7e-m/fpv4-sp/hard/libc_nano.a(lib_a-reent.o)
                0x00000000080054d4                _reclaim_reent
 .text._sbrk_r  0x000000000800558c       0x20 /home/carlo/.platformio/packages/toolchain-gccarmnoneeabi/bin/../lib/gcc/arm-none-eabi/7.2.1/../../../../arm-none-eabi/lib/thumb/v7e-m/fpv4-sp/hard/libc_nano.a(lib_a-sbrkr.o)
                0x000000000800558c                _sbrk_r
 .text._raise_r
                0x00000000080055ac       0x50 /home/carlo/.platformio/packages/toolchain-gccarmnoneeabi/bin/../lib/gcc/arm-none-eabi/7.2.1/../../../../arm-none-eabi/lib/thumb/v7e-m/fpv4-sp/hard/libc_nano.a(lib_a-signal.o)
                0x00000000080055ac                _raise_r
 .text.raise    0x00000000080055fc       0x10 /home/carlo/.platformio/packages/toolchain-gccarmnoneeabi/bin/../lib/gcc/arm-none-eabi/7.2.1/../../../../arm-none-eabi/lib/thumb/v7e-m/fpv4-sp/hard/libc_nano.a(lib_a-signal.o)
                0x00000000080055fc                raise
 .text._kill_r  0x000000000800560c       0x24 /home/carlo/.platformio/packages/toolchain-gccarmnoneeabi/bin/../lib/gcc/arm-none-eabi/7.2.1/../../../../arm-none-eabi/lib/thumb/v7e-m/fpv4-sp/hard/libc_nano.a(lib_a-signalr.o)
                0x000000000800560c                _kill_r
 .text._getpid_r
                0x0000000008005630        0x4 /home/carlo/.platformio/packages/toolchain-gccarmnoneeabi/bin/../lib/gcc/arm-none-eabi/7.2.1/../../../../arm-none-eabi/lib/thumb/v7e-m/fpv4-sp/hard/libc_nano.a(lib_a-signalr.o)
                0x0000000008005630                _getpid_r
 .text.__malloc_lock
                0x0000000008005634        0x2 /home/carlo/.platformio/packages/toolchain-gccarmnoneeabi/bin/../lib/gcc/arm-none-eabi/7.2.1/../../../../arm-none-eabi/lib/thumb/v7e-m/fpv4-sp/hard/libc_nano.a(lib_a-mlock.o)
                0x0000000008005634                __malloc_lock
 .text.__malloc_unlock
                0x0000000008005636        0x2 /home/carlo/.platformio/packages/toolchain-gccarmnoneeabi/bin/../lib/gcc/arm-none-eabi/7.2.1/../../../../arm-none-eabi/lib/thumb/v7e-m/fpv4-sp/hard/libc_nano.a(lib_a-mlock.o)
                0x0000000008005636                __malloc_unlock
 .text._getpid  0x0000000008005638       0x10 /home/carlo/.platformio/packages/toolchain-gccarmnoneeabi/bin/../lib/gcc/arm-none-eabi/7.2.1/../../../../arm-none-eabi/lib/thumb/v7e-m/fpv4-sp/hard/libnosys.a(getpid.o)
                0x0000000008005638                _getpid
 .text._kill    0x0000000008005648       0x10 /home/carlo/.platformio/packages/toolchain-gccarmnoneeabi/bin/../lib/gcc/arm-none-eabi/7.2.1/../../../../arm-none-eabi/lib/thumb/v7e-m/fpv4-sp/hard/libnosys.a(kill.o)
                0x0000000008005648                _kill
 .text._sbrk    0x0000000008005658       0x1c /home/carlo/.platformio/packages/toolchain-gccarmnoneeabi/bin/../lib/gcc/arm-none-eabi/7.2.1/../../../../arm-none-eabi/lib/thumb/v7e-m/fpv4-sp/hard/libnosys.a(sbrk.o)
                0x0000000008005658                _sbrk
 .text._exit    0x0000000008005674        0x4 /home/carlo/.platformio/packages/toolchain-gccarmnoneeabi/bin/../lib/gcc/arm-none-eabi/7.2.1/../../../../arm-none-eabi/lib/thumb/v7e-m/fpv4-sp/hard/libnosys.a(_exit.o)
                0x0000000008005674                _exit
 *(.glue_7)
 .glue_7        0x0000000008005678        0x0 linker stubs
 *(.glue_7t)
 .glue_7t       0x0000000008005678        0x0 linker stubs
 *(.eh_frame)
 .eh_frame      0x0000000008005678        0x0 /home/carlo/.platformio/packages/toolchain-gccarmnoneeabi/bin/../lib/gcc/arm-none-eabi/7.2.1/thumb/v7e-m/fpv4-sp/hard/crtbegin.o
 *(.init)
 .init          0x0000000008005678        0x4 /home/carlo/.platformio/packages/toolchain-gccarmnoneeabi/bin/../lib/gcc/arm-none-eabi/7.2.1/thumb/v7e-m/fpv4-sp/hard/crti.o
                0x0000000008005678                _init
 .init          0x000000000800567c        0x8 /home/carlo/.platformio/packages/toolchain-gccarmnoneeabi/bin/../lib/gcc/arm-none-eabi/7.2.1/thumb/v7e-m/fpv4-sp/hard/crtn.o
 *(.fini)
 .fini          0x0000000008005684        0x4 /home/carlo/.platformio/packages/toolchain-gccarmnoneeabi/bin/../lib/gcc/arm-none-eabi/7.2.1/thumb/v7e-m/fpv4-sp/hard/crti.o
                0x0000000008005684                _fini
 .fini          0x0000000008005688        0x8 /home/carlo/.platformio/packages/toolchain-gccarmnoneeabi/bin/../lib/gcc/arm-none-eabi/7.2.1/thumb/v7e-m/fpv4-sp/hard/crtn.o
                0x0000000008005690                . = ALIGN (0x4)
                0x0000000008005690                _etext = .

.vfp11_veneer   0x0000000008005690        0x0
 .vfp11_veneer  0x0000000008005690        0x0 linker stubs

.v4_bx          0x0000000008005690        0x0
 .v4_bx         0x0000000008005690        0x0 linker stubs

.iplt           0x0000000008005690        0x0
 .iplt          0x0000000008005690        0x0 /home/carlo/.platformio/packages/toolchain-gccarmnoneeabi/bin/../lib/gcc/arm-none-eabi/7.2.1/thumb/v7e-m/fpv4-sp/hard/crtbegin.o

.rodata         0x0000000008005690       0xd0
                0x0000000008005690                . = ALIGN (0x4)
 *(.rodata)
 .rodata        0x0000000008005690        0x2 .pio/build/nucleo_g431kb/src/main.o
 *(.rodata*)
 *fill*         0x0000000008005692        0x2 
 .rodata.DLCtoBytes
                0x0000000008005694       0x10 .pio/build/nucleo_g431kb/FrameworkHALDriver/Src/stm32g4xx_hal_fdcan.o
 .rodata._ZTV9HSI_Clock
                0x00000000080056a4       0x14 .pio/build/nucleo_g431kb/src/clock.o
                0x00000000080056a4                vtable for HSI_Clock
 .rodata._ZTV3CanI19FDCAN_HandleTypeDef21FDCAN_TxHeaderTypeDef21FDCAN_RxHeaderTypeDef19FDCAN_FilterTypeDefE
                0x00000000080056b8       0x20 .pio/build/nucleo_g431kb/src/main.o
                0x00000000080056b8                vtable for Can<FDCAN_HandleTypeDef, FDCAN_TxHeaderTypeDef, FDCAN_RxHeaderTypeDef, FDCAN_FilterTypeDef>
 .rodata._ZTV7Can_Obj
                0x00000000080056d8       0x10 .pio/build/nucleo_g431kb/src/main.o
                0x00000000080056d8                vtable for Can_Obj
 .rodata._ZTV3SpiIhmE
                0x00000000080056e8       0x20 .pio/build/nucleo_g431kb/src/main.o
                0x00000000080056e8                vtable for Spi<unsigned char, unsigned long>
 .rodata.main.str1.4
                0x0000000008005708       0x15 .pio/build/nucleo_g431kb/src/main.o
 *fill*         0x000000000800571d        0x3 
 .rodata._ZTV3MCU
                0x0000000008005720       0x10 .pio/build/nucleo_g431kb/src/mcu.o
                0x0000000008005720                vtable for MCU
 .rodata.vTaskStartScheduler.str1.4
                0x0000000008005730        0x5 .pio/build/nucleo_g431kb/lib68f/libFreeRTOS.a(tasks.o)
 *fill*         0x0000000008005735        0x3 
 .rodata.prvCheckForValidListAndQueue.str1.4
                0x0000000008005738        0x5 .pio/build/nucleo_g431kb/lib68f/libFreeRTOS.a(timers.o)
 *fill*         0x000000000800573d        0x3 
 .rodata.xTimerCreateTimerTask.str1.4
                0x0000000008005740        0x8 .pio/build/nucleo_g431kb/lib68f/libFreeRTOS.a(timers.o)
 .rodata.AHBPrescTable
                0x0000000008005748       0x10 .pio/build/nucleo_g431kb/libFrameworkCMSISDevice.a(system_stm32g4xx.o)
                0x0000000008005748                AHBPrescTable
 .rodata.APBPrescTable
                0x0000000008005758        0x8 .pio/build/nucleo_g431kb/libFrameworkCMSISDevice.a(system_stm32g4xx.o)
                0x0000000008005758                APBPrescTable
                0x0000000008005760                . = ALIGN (0x4)

.rel.dyn        0x0000000008005760        0x0
 .rel.iplt      0x0000000008005760        0x0 /home/carlo/.platformio/packages/toolchain-gccarmnoneeabi/bin/../lib/gcc/arm-none-eabi/7.2.1/thumb/v7e-m/fpv4-sp/hard/crtbegin.o

.ARM.extab      0x0000000008005760        0x0
                0x0000000008005760                . = ALIGN (0x4)
 *(.ARM.extab* .gnu.linkonce.armextab.*)
                0x0000000008005760                . = ALIGN (0x4)

.ARM            0x0000000008005760        0x0
                0x0000000008005760                . = ALIGN (0x4)
                0x0000000008005760                __exidx_start = .
 *(.ARM.exidx*)
                0x0000000008005760                __exidx_end = .
                0x0000000008005760                . = ALIGN (0x4)

.preinit_array  0x0000000008005760        0x0
                0x0000000008005760                . = ALIGN (0x4)
                0x0000000008005760                PROVIDE (__preinit_array_start, .)
 *(.preinit_array*)
                0x0000000008005760                PROVIDE (__preinit_array_end, .)
                0x0000000008005760                . = ALIGN (0x4)

.init_array     0x0000000008005760        0x8
                0x0000000008005760                . = ALIGN (0x4)
                0x0000000008005760                PROVIDE (__init_array_start, .)
 *(SORT_BY_NAME(.init_array.*))
 *(.init_array*)
 .init_array    0x0000000008005760        0x4 /home/carlo/.platformio/packages/toolchain-gccarmnoneeabi/bin/../lib/gcc/arm-none-eabi/7.2.1/thumb/v7e-m/fpv4-sp/hard/crtbegin.o
 .init_array    0x0000000008005764        0x4 .pio/build/nucleo_g431kb/src/dictionary.o
                0x0000000008005768                PROVIDE (__init_array_end, .)
                0x0000000008005768                . = ALIGN (0x4)

.fini_array     0x0000000008005768        0x4
                0x0000000008005768                . = ALIGN (0x4)
                [!provide]                        PROVIDE (__fini_array_start, .)
 *(SORT_BY_NAME(.fini_array.*))
 *(.fini_array*)
 .fini_array    0x0000000008005768        0x4 /home/carlo/.platformio/packages/toolchain-gccarmnoneeabi/bin/../lib/gcc/arm-none-eabi/7.2.1/thumb/v7e-m/fpv4-sp/hard/crtbegin.o
                [!provide]                        PROVIDE (__fini_array_end, .)
                0x000000000800576c                . = ALIGN (0x4)
                0x000000000800576c                _sidata = LOADADDR (.data)

.data           0x0000000020000000       0x78 load address 0x000000000800576c
                0x0000000020000000                . = ALIGN (0x4)
                0x0000000020000000                _sdata = .
 *(.data)
 .data          0x0000000020000000        0x4 /home/carlo/.platformio/packages/toolchain-gccarmnoneeabi/bin/../lib/gcc/arm-none-eabi/7.2.1/thumb/v7e-m/fpv4-sp/hard/crtbegin.o
                0x0000000020000000                __dso_handle
 *(.data*)
 .data.uwTickFreq
                0x0000000020000004        0x4 .pio/build/nucleo_g431kb/FrameworkHALDriver/Src/stm32g4xx_hal.o
                0x0000000020000004                uwTickFreq
 .data.uwTickPrio
                0x0000000020000008        0x4 .pio/build/nucleo_g431kb/FrameworkHALDriver/Src/stm32g4xx_hal.o
                0x0000000020000008                uwTickPrio
 .data.uxCriticalNesting
                0x000000002000000c        0x4 .pio/build/nucleo_g431kb/lib68f/libFreeRTOS.a(port.o)
 .data.SystemCoreClock
                0x0000000020000010        0x4 .pio/build/nucleo_g431kb/libFrameworkCMSISDevice.a(system_stm32g4xx.o)
                0x0000000020000010                SystemCoreClock
 .data._impure_ptr
                0x0000000020000014        0x4 /home/carlo/.platformio/packages/toolchain-gccarmnoneeabi/bin/../lib/gcc/arm-none-eabi/7.2.1/../../../../arm-none-eabi/lib/thumb/v7e-m/fpv4-sp/hard/libc_nano.a(lib_a-impure.o)
                0x0000000020000014                _impure_ptr
 .data.impure_data
                0x0000000020000018       0x60 /home/carlo/.platformio/packages/toolchain-gccarmnoneeabi/bin/../lib/gcc/arm-none-eabi/7.2.1/../../../../arm-none-eabi/lib/thumb/v7e-m/fpv4-sp/hard/libc_nano.a(lib_a-impure.o)
 *(.RamFunc)
 *(.RamFunc*)
                0x0000000020000078                . = ALIGN (0x4)
                0x0000000020000078                _edata = .

.igot.plt       0x0000000020000078        0x0 load address 0x00000000080057e4
 .igot.plt      0x0000000020000078        0x0 /home/carlo/.platformio/packages/toolchain-gccarmnoneeabi/bin/../lib/gcc/arm-none-eabi/7.2.1/thumb/v7e-m/fpv4-sp/hard/crtbegin.o
                0x0000000020000078                . = ALIGN (0x4)

.bss            0x0000000020000078     0x2284 load address 0x00000000080057e4
                0x0000000020000078                _sbss = .
                0x0000000020000078                __bss_start__ = _sbss
 *(.bss)
 .bss           0x0000000020000078       0x1c /home/carlo/.platformio/packages/toolchain-gccarmnoneeabi/bin/../lib/gcc/arm-none-eabi/7.2.1/thumb/v7e-m/fpv4-sp/hard/crtbegin.o
 *(.bss*)
 .bss._Z10dictionaryB5cxx11
                0x0000000020000094        0xc .pio/build/nucleo_g431kb/src/dictionary.o
                0x0000000020000094                dictionary[abi:cxx11]
 .bss._ZGVZ8vCanTaskE3mcu
                0x00000000200000a0        0x4 .pio/build/nucleo_g431kb/src/main.o
 .bss._ZZ8vCanTaskE3mcu
                0x00000000200000a4        0x4 .pio/build/nucleo_g431kb/src/main.o
 .bss.htim3     0x00000000200000a8       0x4c .pio/build/nucleo_g431kb/src/main.o
                0x00000000200000a8                htim3
 .bss._ZN3MCU9instance_E
                0x00000000200000f4        0x4 .pio/build/nucleo_g431kb/src/mcu.o
                0x00000000200000f4                MCU::instance_
 .bss.new_movement
                0x00000000200000f8        0x1 .pio/build/nucleo_g431kb/src/motor.o
                0x00000000200000f8                new_movement
 .bss.prev_window_dir
                0x00000000200000f9        0x1 .pio/build/nucleo_g431kb/src/motor.o
                0x00000000200000f9                prev_window_dir
 .bss.window_dir
                0x00000000200000fa        0x1 .pio/build/nucleo_g431kb/src/motor.o
                0x00000000200000fa                window_dir
 .bss.ucMaxSysCallPriority
                0x00000000200000fb        0x1 .pio/build/nucleo_g431kb/lib68f/libFreeRTOS.a(port.o)
 .bss.ulMaxPRIGROUPValue
                0x00000000200000fc        0x4 .pio/build/nucleo_g431kb/lib68f/libFreeRTOS.a(port.o)
 .bss.pxCurrentTCB
                0x0000000020000100        0x4 .pio/build/nucleo_g431kb/lib68f/libFreeRTOS.a(tasks.o)
                0x0000000020000100                pxCurrentTCB
 .bss.pxDelayedTaskList
                0x0000000020000104        0x4 .pio/build/nucleo_g431kb/lib68f/libFreeRTOS.a(tasks.o)
 .bss.pxOverflowDelayedTaskList
                0x0000000020000108        0x4 .pio/build/nucleo_g431kb/lib68f/libFreeRTOS.a(tasks.o)
 .bss.pxReadyTasksLists
                0x000000002000010c      0x460 .pio/build/nucleo_g431kb/lib68f/libFreeRTOS.a(tasks.o)
 .bss.uxCurrentNumberOfTasks
                0x000000002000056c        0x4 .pio/build/nucleo_g431kb/lib68f/libFreeRTOS.a(tasks.o)
 .bss.uxDeletedTasksWaitingCleanUp
                0x0000000020000570        0x4 .pio/build/nucleo_g431kb/lib68f/libFreeRTOS.a(tasks.o)
 .bss.uxSchedulerSuspended
                0x0000000020000574        0x4 .pio/build/nucleo_g431kb/lib68f/libFreeRTOS.a(tasks.o)
 .bss.uxTaskNumber
                0x0000000020000578        0x4 .pio/build/nucleo_g431kb/lib68f/libFreeRTOS.a(tasks.o)
 .bss.uxTopReadyPriority
                0x000000002000057c        0x4 .pio/build/nucleo_g431kb/lib68f/libFreeRTOS.a(tasks.o)
 .bss.xDelayedTaskList1
                0x0000000020000580       0x14 .pio/build/nucleo_g431kb/lib68f/libFreeRTOS.a(tasks.o)
 .bss.xDelayedTaskList2
                0x0000000020000594       0x14 .pio/build/nucleo_g431kb/lib68f/libFreeRTOS.a(tasks.o)
 .bss.xNextTaskUnblockTime
                0x00000000200005a8        0x4 .pio/build/nucleo_g431kb/lib68f/libFreeRTOS.a(tasks.o)
 .bss.xNumOfOverflows
                0x00000000200005ac        0x4 .pio/build/nucleo_g431kb/lib68f/libFreeRTOS.a(tasks.o)
 .bss.xPendedTicks
                0x00000000200005b0        0x4 .pio/build/nucleo_g431kb/lib68f/libFreeRTOS.a(tasks.o)
 .bss.xPendingReadyList
                0x00000000200005b4       0x14 .pio/build/nucleo_g431kb/lib68f/libFreeRTOS.a(tasks.o)
 .bss.xSchedulerRunning
                0x00000000200005c8        0x4 .pio/build/nucleo_g431kb/lib68f/libFreeRTOS.a(tasks.o)
 .bss.xSuspendedTaskList
                0x00000000200005cc       0x14 .pio/build/nucleo_g431kb/lib68f/libFreeRTOS.a(tasks.o)
 .bss.xTasksWaitingTermination
                0x00000000200005e0       0x14 .pio/build/nucleo_g431kb/lib68f/libFreeRTOS.a(tasks.o)
 .bss.xTickCount
                0x00000000200005f4        0x4 .pio/build/nucleo_g431kb/lib68f/libFreeRTOS.a(tasks.o)
 .bss.xYieldPending
                0x00000000200005f8        0x4 .pio/build/nucleo_g431kb/lib68f/libFreeRTOS.a(tasks.o)
 .bss.pxCurrentTimerList
                0x00000000200005fc        0x4 .pio/build/nucleo_g431kb/lib68f/libFreeRTOS.a(timers.o)
 .bss.pxOverflowTimerList
                0x0000000020000600        0x4 .pio/build/nucleo_g431kb/lib68f/libFreeRTOS.a(timers.o)
 .bss.ucStaticTimerQueueStorage.6914
                0x0000000020000604       0xa0 .pio/build/nucleo_g431kb/lib68f/libFreeRTOS.a(timers.o)
 .bss.xActiveTimerList1
                0x00000000200006a4       0x14 .pio/build/nucleo_g431kb/lib68f/libFreeRTOS.a(timers.o)
 .bss.xActiveTimerList2
                0x00000000200006b8       0x14 .pio/build/nucleo_g431kb/lib68f/libFreeRTOS.a(timers.o)
 .bss.xLastTime.6863
                0x00000000200006cc        0x4 .pio/build/nucleo_g431kb/lib68f/libFreeRTOS.a(timers.o)
 .bss.xStaticTimerQueue.6913
                0x00000000200006d0       0x50 .pio/build/nucleo_g431kb/lib68f/libFreeRTOS.a(timers.o)
 .bss.xTimerQueue
                0x0000000020000720        0x4 .pio/build/nucleo_g431kb/lib68f/libFreeRTOS.a(timers.o)
 .bss.xTimerTaskHandle
                0x0000000020000724        0x4 .pio/build/nucleo_g431kb/lib68f/libFreeRTOS.a(timers.o)
 .bss.Idle_Stack.10821
                0x0000000020000728      0x200 .pio/build/nucleo_g431kb/lib68f/libFreeRTOS.a(cmsis_os2.o)
 .bss.Idle_TCB.10820
                0x0000000020000928      0x488 .pio/build/nucleo_g431kb/lib68f/libFreeRTOS.a(cmsis_os2.o)
 .bss.Timer_Stack.10828
                0x0000000020000db0      0x400 .pio/build/nucleo_g431kb/lib68f/libFreeRTOS.a(cmsis_os2.o)
 .bss.Timer_TCB.10827
                0x00000000200011b0      0x488 .pio/build/nucleo_g431kb/lib68f/libFreeRTOS.a(cmsis_os2.o)
 .bss.pxEnd     0x0000000020001638        0x4 .pio/build/nucleo_g431kb/lib68f/libFreeRTOS.a(heap_4.o)
 .bss.ucHeap    0x000000002000163c      0xc00 .pio/build/nucleo_g431kb/lib68f/libFreeRTOS.a(heap_4.o)
 .bss.xBlockAllocatedBit
                0x000000002000223c        0x4 .pio/build/nucleo_g431kb/lib68f/libFreeRTOS.a(heap_4.o)
 .bss.xFreeBytesRemaining
                0x0000000020002240        0x4 .pio/build/nucleo_g431kb/lib68f/libFreeRTOS.a(heap_4.o)
 .bss.xMinimumEverFreeBytesRemaining
                0x0000000020002244        0x4 .pio/build/nucleo_g431kb/lib68f/libFreeRTOS.a(heap_4.o)
 .bss.xNumberOfSuccessfulAllocations
                0x0000000020002248        0x4 .pio/build/nucleo_g431kb/lib68f/libFreeRTOS.a(heap_4.o)
 .bss.xNumberOfSuccessfulFrees
                0x000000002000224c        0x4 .pio/build/nucleo_g431kb/lib68f/libFreeRTOS.a(heap_4.o)
 .bss.xStart    0x0000000020002250        0x8 .pio/build/nucleo_g431kb/lib68f/libFreeRTOS.a(heap_4.o)
 .bss._ZN12_GLOBAL__N_113__new_handlerE
                0x0000000020002258        0x4 /home/carlo/.platformio/packages/toolchain-gccarmnoneeabi/bin/../lib/gcc/arm-none-eabi/7.2.1/../../../../arm-none-eabi/lib/thumb/v7e-m/fpv4-sp/hard/libstdc++_nano.a(new_handler.o)
 .bss.__malloc_free_list
                0x000000002000225c        0x4 /home/carlo/.platformio/packages/toolchain-gccarmnoneeabi/bin/../lib/gcc/arm-none-eabi/7.2.1/../../../../arm-none-eabi/lib/thumb/v7e-m/fpv4-sp/hard/libc_nano.a(lib_a-nano-mallocr.o)
                0x000000002000225c                __malloc_free_list
 .bss.__malloc_sbrk_start
                0x0000000020002260        0x4 /home/carlo/.platformio/packages/toolchain-gccarmnoneeabi/bin/../lib/gcc/arm-none-eabi/7.2.1/../../../../arm-none-eabi/lib/thumb/v7e-m/fpv4-sp/hard/libc_nano.a(lib_a-nano-mallocr.o)
                0x0000000020002260                __malloc_sbrk_start
 .bss.heap_end.5377
                0x0000000020002264        0x4 /home/carlo/.platformio/packages/toolchain-gccarmnoneeabi/bin/../lib/gcc/arm-none-eabi/7.2.1/../../../../arm-none-eabi/lib/thumb/v7e-m/fpv4-sp/hard/libnosys.a(sbrk.o)
 *(COMMON)
 COMMON         0x0000000020002268        0x4 .pio/build/nucleo_g431kb/FrameworkHALDriver/Src/stm32g4xx_hal.o
                0x0000000020002268                uwTick
 COMMON         0x000000002000226c       0x4c .pio/build/nucleo_g431kb/src/stm32g4xx_hal_timebase_tim.o
                0x000000002000226c                htim1
 COMMON         0x00000000200022b8       0x40 .pio/build/nucleo_g431kb/lib68f/libFreeRTOS.a(queue.o)
                0x00000000200022b8                xQueueRegistry
 COMMON         0x00000000200022f8        0x4 /home/carlo/.platformio/packages/toolchain-gccarmnoneeabi/bin/../lib/gcc/arm-none-eabi/7.2.1/../../../../arm-none-eabi/lib/thumb/v7e-m/fpv4-sp/hard/libc_nano.a(lib_a-reent.o)
                0x00000000200022f8                errno
                0x00000000200022fc                . = ALIGN (0x4)
                0x00000000200022fc                _ebss = .
                0x00000000200022fc                __bss_end__ = _ebss

._user_heap_stack
                0x00000000200022fc      0x604 load address 0x00000000080057e4
                0x0000000020002300                . = ALIGN (0x8)
 *fill*         0x00000000200022fc        0x4 
                0x0000000020002300                PROVIDE (end, .)
                [!provide]                        PROVIDE (_end, .)
                0x0000000020002500                . = (. + _Min_Heap_Size)
 *fill*         0x0000000020002300      0x200 
                0x0000000020002900                . = (. + _Min_Stack_Size)
 *fill*         0x0000000020002500      0x400 
                0x0000000020002900                . = ALIGN (0x8)

/DISCARD/
 libc.a(*)
 libm.a(*)
 libgcc.a(*)

.ARM.attributes
                0x0000000000000000       0x30
 *(.ARM.attributes)
 .ARM.attributes
                0x0000000000000000       0x22 /home/carlo/.platformio/packages/toolchain-gccarmnoneeabi/bin/../lib/gcc/arm-none-eabi/7.2.1/thumb/v7e-m/fpv4-sp/hard/crti.o
 .ARM.attributes
                0x0000000000000022       0x34 /home/carlo/.platformio/packages/toolchain-gccarmnoneeabi/bin/../lib/gcc/arm-none-eabi/7.2.1/thumb/v7e-m/fpv4-sp/hard/crtbegin.o
 .ARM.attributes
                0x0000000000000056       0x39 .pio/build/nucleo_g431kb/FrameworkHALDriver/Src/stm32g4xx_hal.o
 .ARM.attributes
                0x000000000000008f       0x39 .pio/build/nucleo_g431kb/FrameworkHALDriver/Src/stm32g4xx_hal_cortex.o
 .ARM.attributes
                0x00000000000000c8       0x39 .pio/build/nucleo_g431kb/FrameworkHALDriver/Src/stm32g4xx_hal_fdcan.o
 .ARM.attributes
                0x0000000000000101       0x39 .pio/build/nucleo_g431kb/FrameworkHALDriver/Src/stm32g4xx_hal_gpio.o
 .ARM.attributes
                0x000000000000013a       0x39 .pio/build/nucleo_g431kb/FrameworkHALDriver/Src/stm32g4xx_hal_pwr_ex.o
 .ARM.attributes
                0x0000000000000173       0x39 .pio/build/nucleo_g431kb/FrameworkHALDriver/Src/stm32g4xx_hal_rcc.o
 .ARM.attributes
                0x00000000000001ac       0x39 .pio/build/nucleo_g431kb/FrameworkHALDriver/Src/stm32g4xx_hal_rcc_ex.o
 .ARM.attributes
                0x00000000000001e5       0x39 .pio/build/nucleo_g431kb/FrameworkHALDriver/Src/stm32g4xx_hal_spi.o
 .ARM.attributes
                0x000000000000021e       0x39 .pio/build/nucleo_g431kb/FrameworkHALDriver/Src/stm32g4xx_hal_tim.o
 .ARM.attributes
                0x0000000000000257       0x39 .pio/build/nucleo_g431kb/FrameworkHALDriver/Src/stm32g4xx_hal_tim_ex.o
 .ARM.attributes
                0x0000000000000290       0x39 .pio/build/nucleo_g431kb/src/clock.o
 .ARM.attributes
                0x00000000000002c9       0x39 .pio/build/nucleo_g431kb/src/dictionary.o
 .ARM.attributes
                0x0000000000000302       0x39 .pio/build/nucleo_g431kb/src/main.o
 .ARM.attributes
                0x000000000000033b       0x39 .pio/build/nucleo_g431kb/src/mcu.o
 .ARM.attributes
                0x0000000000000374       0x39 .pio/build/nucleo_g431kb/src/motor.o
 .ARM.attributes
                0x00000000000003ad       0x39 .pio/build/nucleo_g431kb/src/stm32g4xx_hal_msp.o
 .ARM.attributes
                0x00000000000003e6       0x39 .pio/build/nucleo_g431kb/src/stm32g4xx_hal_timebase_tim.o
 .ARM.attributes
                0x000000000000041f       0x39 .pio/build/nucleo_g431kb/src/stm32g4xx_it.o
 .ARM.attributes
                0x0000000000000458       0x39 .pio/build/nucleo_g431kb/lib68f/libFreeRTOS.a(port.o)
 .ARM.attributes
                0x0000000000000491       0x39 .pio/build/nucleo_g431kb/lib68f/libFreeRTOS.a(tasks.o)
 .ARM.attributes
                0x00000000000004ca       0x39 .pio/build/nucleo_g431kb/lib68f/libFreeRTOS.a(timers.o)
 .ARM.attributes
                0x0000000000000503       0x39 .pio/build/nucleo_g431kb/lib68f/libFreeRTOS.a(cmsis_os2.o)
 .ARM.attributes
                0x000000000000053c       0x39 .pio/build/nucleo_g431kb/lib68f/libFreeRTOS.a(heap_4.o)
 .ARM.attributes
                0x0000000000000575       0x39 .pio/build/nucleo_g431kb/lib68f/libFreeRTOS.a(list.o)
 .ARM.attributes
                0x00000000000005ae       0x39 .pio/build/nucleo_g431kb/lib68f/libFreeRTOS.a(queue.o)
 .ARM.attributes
                0x00000000000005e7       0x34 /home/carlo/.platformio/packages/toolchain-gccarmnoneeabi/bin/../lib/gcc/arm-none-eabi/7.2.1/../../../../arm-none-eabi/lib/thumb/v7e-m/fpv4-sp/hard/libstdc++_nano.a(new_op.o)
 .ARM.attributes
                0x000000000000061b       0x34 /home/carlo/.platformio/packages/toolchain-gccarmnoneeabi/bin/../lib/gcc/arm-none-eabi/7.2.1/../../../../arm-none-eabi/lib/thumb/v7e-m/fpv4-sp/hard/libstdc++_nano.a(guard.o)
 .ARM.attributes
                0x000000000000064f       0x34 /home/carlo/.platformio/packages/toolchain-gccarmnoneeabi/bin/../lib/gcc/arm-none-eabi/7.2.1/../../../../arm-none-eabi/lib/thumb/v7e-m/fpv4-sp/hard/libstdc++_nano.a(del_op.o)
 .ARM.attributes
                0x0000000000000683       0x34 /home/carlo/.platformio/packages/toolchain-gccarmnoneeabi/bin/../lib/gcc/arm-none-eabi/7.2.1/../../../../arm-none-eabi/lib/thumb/v7e-m/fpv4-sp/hard/libstdc++_nano.a(new_handler.o)
 .ARM.attributes
                0x00000000000006b7       0x34 /home/carlo/.platformio/packages/toolchain-gccarmnoneeabi/bin/../lib/gcc/arm-none-eabi/7.2.1/../../../../arm-none-eabi/lib/thumb/v7e-m/fpv4-sp/hard/libstdc++_nano.a(atexit_arm.o)
 .ARM.attributes
                0x00000000000006eb       0x34 /home/carlo/.platformio/packages/toolchain-gccarmnoneeabi/bin/../lib/gcc/arm-none-eabi/7.2.1/../../../../arm-none-eabi/lib/thumb/v7e-m/fpv4-sp/hard/libstdc++_nano.a(del_ops.o)
 .ARM.attributes
                0x000000000000071f       0x34 /home/carlo/.platformio/packages/toolchain-gccarmnoneeabi/bin/../lib/gcc/arm-none-eabi/7.2.1/../../../../arm-none-eabi/lib/thumb/v7e-m/fpv4-sp/hard/libstdc++_nano.a(list.o)
 .ARM.attributes
                0x0000000000000753       0x21 .pio/build/nucleo_g431kb/libFrameworkCMSISDevice.a(startup_stm32g431xx.o)
 .ARM.attributes
                0x0000000000000774       0x39 .pio/build/nucleo_g431kb/libFrameworkCMSISDevice.a(system_stm32g4xx.o)
 .ARM.attributes
                0x00000000000007ad       0x34 /home/carlo/.platformio/packages/toolchain-gccarmnoneeabi/bin/../lib/gcc/arm-none-eabi/7.2.1/../../../../arm-none-eabi/lib/thumb/v7e-m/fpv4-sp/hard/libc_nano.a(lib_a-abort.o)
 .ARM.attributes
                0x00000000000007e1       0x34 /home/carlo/.platformio/packages/toolchain-gccarmnoneeabi/bin/../lib/gcc/arm-none-eabi/7.2.1/../../../../arm-none-eabi/lib/thumb/v7e-m/fpv4-sp/hard/libc_nano.a(lib_a-cxa_atexit.o)
 .ARM.attributes
                0x0000000000000815       0x34 /home/carlo/.platformio/packages/toolchain-gccarmnoneeabi/bin/../lib/gcc/arm-none-eabi/7.2.1/../../../../arm-none-eabi/lib/thumb/v7e-m/fpv4-sp/hard/libc_nano.a(lib_a-impure.o)
 .ARM.attributes
                0x0000000000000849       0x34 /home/carlo/.platformio/packages/toolchain-gccarmnoneeabi/bin/../lib/gcc/arm-none-eabi/7.2.1/../../../../arm-none-eabi/lib/thumb/v7e-m/fpv4-sp/hard/libc_nano.a(lib_a-init.o)
 .ARM.attributes
                0x000000000000087d       0x34 /home/carlo/.platformio/packages/toolchain-gccarmnoneeabi/bin/../lib/gcc/arm-none-eabi/7.2.1/../../../../arm-none-eabi/lib/thumb/v7e-m/fpv4-sp/hard/libc_nano.a(lib_a-malloc.o)
 .ARM.attributes
                0x00000000000008b1       0x34 /home/carlo/.platformio/packages/toolchain-gccarmnoneeabi/bin/../lib/gcc/arm-none-eabi/7.2.1/../../../../arm-none-eabi/lib/thumb/v7e-m/fpv4-sp/hard/libc_nano.a(lib_a-memcpy-stub.o)
 .ARM.attributes
                0x00000000000008e5       0x34 /home/carlo/.platformio/packages/toolchain-gccarmnoneeabi/bin/../lib/gcc/arm-none-eabi/7.2.1/../../../../arm-none-eabi/lib/thumb/v7e-m/fpv4-sp/hard/libc_nano.a(lib_a-memset.o)
 .ARM.attributes
                0x0000000000000919       0x34 /home/carlo/.platformio/packages/toolchain-gccarmnoneeabi/bin/../lib/gcc/arm-none-eabi/7.2.1/../../../../arm-none-eabi/lib/thumb/v7e-m/fpv4-sp/hard/libc_nano.a(lib_a-nano-freer.o)
 .ARM.attributes
                0x000000000000094d       0x34 /home/carlo/.platformio/packages/toolchain-gccarmnoneeabi/bin/../lib/gcc/arm-none-eabi/7.2.1/../../../../arm-none-eabi/lib/thumb/v7e-m/fpv4-sp/hard/libc_nano.a(lib_a-nano-mallocr.o)
 .ARM.attributes
                0x0000000000000981       0x34 /home/carlo/.platformio/packages/toolchain-gccarmnoneeabi/bin/../lib/gcc/arm-none-eabi/7.2.1/../../../../arm-none-eabi/lib/thumb/v7e-m/fpv4-sp/hard/libc_nano.a(lib_a-reent.o)
 .ARM.attributes
                0x00000000000009b5       0x34 /home/carlo/.platformio/packages/toolchain-gccarmnoneeabi/bin/../lib/gcc/arm-none-eabi/7.2.1/../../../../arm-none-eabi/lib/thumb/v7e-m/fpv4-sp/hard/libc_nano.a(lib_a-sbrkr.o)
 .ARM.attributes
                0x00000000000009e9       0x34 /home/carlo/.platformio/packages/toolchain-gccarmnoneeabi/bin/../lib/gcc/arm-none-eabi/7.2.1/../../../../arm-none-eabi/lib/thumb/v7e-m/fpv4-sp/hard/libc_nano.a(lib_a-signal.o)
 .ARM.attributes
                0x0000000000000a1d       0x34 /home/carlo/.platformio/packages/toolchain-gccarmnoneeabi/bin/../lib/gcc/arm-none-eabi/7.2.1/../../../../arm-none-eabi/lib/thumb/v7e-m/fpv4-sp/hard/libc_nano.a(lib_a-signalr.o)
 .ARM.attributes
                0x0000000000000a51       0x34 /home/carlo/.platformio/packages/toolchain-gccarmnoneeabi/bin/../lib/gcc/arm-none-eabi/7.2.1/../../../../arm-none-eabi/lib/thumb/v7e-m/fpv4-sp/hard/libc_nano.a(lib_a-mlock.o)
 .ARM.attributes
                0x0000000000000a85       0x34 /home/carlo/.platformio/packages/toolchain-gccarmnoneeabi/bin/../lib/gcc/arm-none-eabi/7.2.1/../../../../arm-none-eabi/lib/thumb/v7e-m/fpv4-sp/hard/libnosys.a(getpid.o)
 .ARM.attributes
                0x0000000000000ab9       0x34 /home/carlo/.platformio/packages/toolchain-gccarmnoneeabi/bin/../lib/gcc/arm-none-eabi/7.2.1/../../../../arm-none-eabi/lib/thumb/v7e-m/fpv4-sp/hard/libnosys.a(kill.o)
 .ARM.attributes